Archive member included to satisfy reference by file (symbol)

c:/altera_lite/15.1/nios2eds/bin/gnu/h-x86_64-mingw32/bin/../lib/gcc/nios2-elf/4.9.2/mno-hw-mul\libgcc.a(lib2-divmod.o)
                              obj/default/src/LIB_HW/Core/Hw_Pwm.o (__divsi3)
c:/altera_lite/15.1/nios2eds/bin/gnu/h-x86_64-mingw32/bin/../lib/gcc/nios2-elf/4.9.2/mno-hw-mul\libgcc.a(lib2-mul.o)
                              obj/default/src/LIB_HW/Core/Hw_DcMotor.o (__mulsi3)
c:/altera_lite/15.1/nios2eds/bin/gnu/h-x86_64-mingw32/bin/../lib/gcc/nios2-elf/4.9.2/mno-hw-mul\libgcc.a(addsf3.o)
                              obj/default/src/main.o (__addsf3)
c:/altera_lite/15.1/nios2eds/bin/gnu/h-x86_64-mingw32/bin/../lib/gcc/nios2-elf/4.9.2/mno-hw-mul\libgcc.a(divsf3.o)
                              obj/default/src/main.o (__divsf3)
c:/altera_lite/15.1/nios2eds/bin/gnu/h-x86_64-mingw32/bin/../lib/gcc/nios2-elf/4.9.2/mno-hw-mul\libgcc.a(subsf3.o)
                              obj/default/src/main.o (__subsf3)
c:/altera_lite/15.1/nios2eds/bin/gnu/h-x86_64-mingw32/bin/../lib/gcc/nios2-elf/4.9.2/mno-hw-mul\libgcc.a(fixsfsi.o)
                              obj/default/src/main.o (__fixsfsi)
c:/altera_lite/15.1/nios2eds/bin/gnu/h-x86_64-mingw32/bin/../lib/gcc/nios2-elf/4.9.2/mno-hw-mul\libgcc.a(floatsisf.o)
                              obj/default/src/main.o (__floatsisf)
c:/altera_lite/15.1/nios2eds/bin/gnu/h-x86_64-mingw32/bin/../lib/gcc/nios2-elf/4.9.2/mno-hw-mul\libgcc.a(_clzsi2.o)
                              c:/altera_lite/15.1/nios2eds/bin/gnu/h-x86_64-mingw32/bin/../lib/gcc/nios2-elf/4.9.2/mno-hw-mul\libgcc.a(addsf3.o) (__clzsi2)
c:/altera_lite/15.1/nios2eds/bin/gnu/h-x86_64-mingw32/bin/../lib/gcc/nios2-elf/4.9.2/mno-hw-mul\libgcc.a(_clz.o)
                              c:/altera_lite/15.1/nios2eds/bin/gnu/h-x86_64-mingw32/bin/../lib/gcc/nios2-elf/4.9.2/mno-hw-mul\libgcc.a(_clzsi2.o) (__clz_tab)
c:/altera_lite/15.1/nios2eds/bin/gnu/h-x86_64-mingw32/bin/../lib/gcc/nios2-elf/4.9.2/../../../../../H-x86_64-mingw32/nios2-elf/lib/mno-hw-mul\libsmallc.a(lib_a-vsprintf.o)
                              obj/default/src/LIB_HW/Core/Hw_Uart.o (vsprintf)
c:/altera_lite/15.1/nios2eds/bin/gnu/h-x86_64-mingw32/bin/../lib/gcc/nios2-elf/4.9.2/../../../../../H-x86_64-mingw32/nios2-elf/lib/mno-hw-mul\libsmallc.a(lib_a-fvwrite_small_str.o)
                              c:/altera_lite/15.1/nios2eds/bin/gnu/h-x86_64-mingw32/bin/../lib/gcc/nios2-elf/4.9.2/../../../../../H-x86_64-mingw32/nios2-elf/lib/mno-hw-mul\libsmallc.a(lib_a-vsprintf.o) (__sfvwrite_small_str)
c:/altera_lite/15.1/nios2eds/bin/gnu/h-x86_64-mingw32/bin/../lib/gcc/nios2-elf/4.9.2/../../../../../H-x86_64-mingw32/nios2-elf/lib/mno-hw-mul\libsmallc.a(lib_a-impure.o)
                              c:/altera_lite/15.1/nios2eds/bin/gnu/h-x86_64-mingw32/bin/../lib/gcc/nios2-elf/4.9.2/../../../../../H-x86_64-mingw32/nios2-elf/lib/mno-hw-mul\libsmallc.a(lib_a-vsprintf.o) (_impure_ptr)
c:/altera_lite/15.1/nios2eds/bin/gnu/h-x86_64-mingw32/bin/../lib/gcc/nios2-elf/4.9.2/../../../../../H-x86_64-mingw32/nios2-elf/lib/mno-hw-mul\libsmallc.a(lib_a-memmove.o)
                              c:/altera_lite/15.1/nios2eds/bin/gnu/h-x86_64-mingw32/bin/../lib/gcc/nios2-elf/4.9.2/../../../../../H-x86_64-mingw32/nios2-elf/lib/mno-hw-mul\libsmallc.a(lib_a-fvwrite_small_str.o) (memmove)
c:/altera_lite/15.1/nios2eds/bin/gnu/h-x86_64-mingw32/bin/../lib/gcc/nios2-elf/4.9.2/../../../../../H-x86_64-mingw32/nios2-elf/lib/mno-hw-mul\libsmallc.a(lib_a-svfprintf.o)
                              c:/altera_lite/15.1/nios2eds/bin/gnu/h-x86_64-mingw32/bin/../lib/gcc/nios2-elf/4.9.2/../../../../../H-x86_64-mingw32/nios2-elf/lib/mno-hw-mul\libsmallc.a(lib_a-vsprintf.o) (___svfprintf_internal_r)
c:/altera_lite/15.1/nios2eds/bin/gnu/h-x86_64-mingw32/bin/../lib/gcc/nios2-elf/4.9.2/../../../../../H-x86_64-mingw32/nios2-elf/lib/mno-hw-mul\libsmallc.a(lib_a-strlen.o)
                              c:/altera_lite/15.1/nios2eds/bin/gnu/h-x86_64-mingw32/bin/../lib/gcc/nios2-elf/4.9.2/../../../../../H-x86_64-mingw32/nios2-elf/lib/mno-hw-mul\libsmallc.a(lib_a-svfprintf.o) (strlen)
../NiosII_Bsp\libhal_bsp.a(alt_iic.o)
                              obj/default/src/LIB_HW/Core/Hw_Uart.o (alt_ic_isr_register)
../NiosII_Bsp\libhal_bsp.a(alt_iic_isr_register.o)
                              ../NiosII_Bsp\libhal_bsp.a(alt_iic.o) (alt_iic_isr_register)
../NiosII_Bsp\libhal_bsp.a(alt_irq_entry.o)
                              ../NiosII_Bsp\libhal_bsp.a(alt_iic_isr_register.o) (alt_irq_entry)
../NiosII_Bsp\libhal_bsp.a(alt_irq_handler.o)
                              ../NiosII_Bsp\libhal_bsp.a(alt_iic_isr_register.o) (alt_irq)
../NiosII_Bsp\libhal_bsp.a(alt_irq_vars.o)
                              ../NiosII_Bsp\libhal_bsp.a(alt_iic.o) (alt_irq_active)
../NiosII_Bsp\libhal_bsp.a(alt_load.o)
                              ../NiosII_Bsp/obj/HAL/src/crt0.o (alt_load)
../NiosII_Bsp\libhal_bsp.a(alt_main.o)
[...]
Memory Configuration

Name             Origin             Length             Attributes
epcs_flash_controller_0 0x0000000000021000 0x0000000000000800
reset            0x0000000000410000 0x0000000000000020
onchip_memory2_0 0x0000000000410020 0x000000000000bb60
*default*        0x0000000000000000 0xffffffffffffffff

Linker script and memory map

LOAD ../NiosII_Bsp/obj/HAL/src/crt0.o
LOAD obj/default/src/LIB_AP/Ap.o
LOAD obj/default/src/LIB_AP/Lib/MSP.o
LOAD obj/default/src/LIB_HW/Core/Hw_DcMotor.o
LOAD obj/default/src/LIB_HW/Core/Hw_ISR.o
LOAD obj/default/src/LIB_HW/Core/Hw_Pwm.o
LOAD obj/default/src/LIB_HW/Core/Hw_Timer.o
LOAD obj/default/src/LIB_HW/Core/Hw_Uart.o
LOAD obj/default/src/LIB_HW/Core/Hw_Uart_Q.o
LOAD obj/default/src/LIB_HW/Driver/Hw_Led.o
LOAD obj/default/src/LIB_HW/Hw.o
LOAD obj/default/src/LIB_LB/Lb_Printf.o
LOAD obj/default/src/LIB_LB/Lb_Util.o
LOAD obj/default/src/main.o
LOAD c:/altera_lite/15.1/nios2eds/bin/gnu/h-x86_64-mingw32/bin/../lib/gcc/nios2-elf/4.9.2/../../../../../H-x86_64-mingw32/nios2-elf/lib/mno-hw-mul\libstdc++.a
LOAD c:/altera_lite/15.1/nios2eds/bin/gnu/h-x86_64-mingw32/bin/../lib/gcc/nios2-elf/4.9.2/../../../../../H-x86_64-mingw32/nios2-elf/lib/mno-hw-mul\libm.a
LOAD c:/altera_lite/15.1/nios2eds/bin/gnu/h-x86_64-mingw32/bin/../lib/gcc/nios2-elf/4.9.2/mno-hw-mul\libgcc.a
START GROUP
LOAD c:/altera_lite/15.1/nios2eds/bin/gnu/h-x86_64-mingw32/bin/../lib/gcc/nios2-elf/4.9.2/../../../../../H-x86_64-mingw32/nios2-elf/lib/mno-hw-mul\libsmallc.a
LOAD c:/altera_lite/15.1/nios2eds/bin/gnu/h-x86_64-mingw32/bin/../lib/gcc/nios2-elf/4.9.2/mno-hw-mul\libgcc.a
LOAD ../NiosII_Bsp\libhal_bsp.a
LOAD c:/altera_lite/15.1/nios2eds/bin/gnu/h-x86_64-mingw32/bin/../lib/gcc/nios2-elf/4.9.2/../../../../../H-x86_64-mingw32/nios2-elf/lib/mno-hw-mul\libm.a
END GROUP
LOAD c:/altera_lite/15.1/nios2eds/bin/gnu/h-x86_64-mingw32/bin/../lib/gcc/nios2-elf/4.9.2/mno-hw-mul\libgcc.a
                0x0000000000021000                __alt_mem_epcs_flash_controller_0 = 0x21000
                0x0000000000410000                __alt_mem_onchip_memory2_0 = 0x410000

.entry          0x0000000000410000       0x20
 *(.entry)
 .entry         0x0000000000410000       0x20 ../NiosII_Bsp/obj/HAL/src/crt0.o
                0x0000000000410000                __reset

.exceptions     0x0000000000410020      0x20c
                0x0000000000410020                PROVIDE (__ram_exceptions_start, ABSOLUTE (.))
                0x0000000000410020                . = ALIGN (0x20)
 *(.irq)
 *(.exceptions.entry.label)
 .exceptions.entry.label
                0x0000000000410020        0x0 ../NiosII_Bsp\libhal_bsp.a(alt_irq_entry.o)
                0x0000000000410020                alt_irq_entry
 .exceptions.entry.label
                0x0000000000410020        0x0 ../NiosII_Bsp\libhal_bsp.a(alt_exception_entry.o)
                0x0000000000410020                alt_exception
 *(.exceptions.entry.user)
 *(.exceptions.entry.ecc_fatal)
 *(.exceptions.entry)
 .exceptions.entry
                0x0000000000410020       0x54 ../NiosII_Bsp\libhal_bsp.a(alt_exception_entry.o)
 *(.exceptions.irqtest.user)
 *(.exceptions.irqtest)
 .exceptions.irqtest
                0x0000000000410074       0x10 ../NiosII_Bsp\libhal_bsp.a(alt_irq_entry.o)
 *(.exceptions.irqhandler.user)
 *(.exceptions.irqhandler)
 .exceptions.irqhandler
                0x0000000000410084        0x4 ../NiosII_Bsp\libhal_bsp.a(alt_irq_entry.o)
 *(.exceptions.irqreturn.user)
 *(.exceptions.irqreturn)
 .exceptions.irqreturn
                0x0000000000410088        0x4 ../NiosII_Bsp\libhal_bsp.a(alt_irq_entry.o)
 *(.exceptions.notirq.label)
 .exceptions.notirq.label
                0x000000000041008c        0x0 ../NiosII_Bsp\libhal_bsp.a(alt_irq_entry.o)
 *(.exceptions.notirq.user)
 *(.exceptions.notirq)
 .exceptions.notirq
                0x000000000041008c        0x8 ../NiosII_Bsp\libhal_bsp.a(alt_exception_entry.o)
 *(.exceptions.soft.user)
 *(.exceptions.soft)
 *(.exceptions.unknown.user)
 *(.exceptions.unknown)
 .exceptions.unknown
                0x0000000000410094       0x14 ../NiosII_Bsp\libhal_bsp.a(alt_exception_entry.o)
 *(.exceptions.exit.label)
 .exceptions.exit.label
                0x00000000004100a8        0x0 ../NiosII_Bsp\libhal_bsp.a(alt_irq_entry.o)
 .exceptions.exit.label
                0x00000000004100a8        0x0 ../NiosII_Bsp\libhal_bsp.a(alt_exception_entry.o)
 *(.exceptions.exit.user)
 *(.exceptions.exit)
 .exceptions.exit
                0x00000000004100a8       0x54 ../NiosII_Bsp\libhal_bsp.a(alt_exception_entry.o)
 *(.exceptions)
 .exceptions    0x00000000004100fc       0xd0 ../NiosII_Bsp\libhal_bsp.a(alt_irq_handler.o)
                0x00000000004100fc                alt_irq_handler
 .exceptions    0x00000000004101cc       0x60 ../NiosII_Bsp\libhal_bsp.a(alt_instruction_exception_entry.o)
                0x00000000004101cc                alt_instruction_exception_entry
                0x000000000041022c                PROVIDE (__ram_exceptions_end, ABSOLUTE (.))
                0x0000000000410020                PROVIDE (__flash_exceptions_start, LOADADDR (.exceptions))

.text           0x000000000041022c     0x702c
                0x000000000041022c                PROVIDE (stext, ABSOLUTE (.))
 *(.interp)
 *(.hash)
 *(.dynsym)
 *(.dynstr)
 *(.gnu.version)
 *(.gnu.version_d)
 *(.gnu.version_r)
 *(.rel.init)
 *(.rela.init)
 *(.rel.text .rel.text.* .rel.gnu.linkonce.t.*)
 *(.rela.text .rela.text.* .rela.gnu.linkonce.t.*)
 *(.rel.fini)
 *(.rela.fini)
 *(.rel.rodata .rel.rodata.* .rel.gnu.linkonce.r.*)
 *(.rela.rodata .rela.rodata.* .rela.gnu.linkonce.r.*)
 *(.rel.data .rel.data.* .rel.gnu.linkonce.d.*)
 *(.rela.data .rela.data.* .rela.gnu.linkonce.d.*)
 *(.rel.tdata .rel.tdata.* .rel.gnu.linkonce.td.*)
 *(.rela.tdata .rela.tdata.* .rela.gnu.linkonce.td.*)
 *(.rel.tbss .rel.tbss.* .rel.gnu.linkonce.tb.*)
 *(.rela.tbss .rela.tbss.* .rela.gnu.linkonce.tb.*)
 *(.rel.ctors)
 *(.rela.ctors)
 *(.rel.dtors)
 *(.rela.dtors)
 *(.rel.got)
 *(.rela.got)
 *(.rel.sdata .rel.sdata.* .rel.gnu.linkonce.s.*)
 *(.rela.sdata .rela.sdata.* .rela.gnu.linkonce.s.*)
 *(.rel.sbss .rel.sbss.* .rel.gnu.linkonce.sb.*)
 *(.rela.sbss .rela.sbss.* .rela.gnu.linkonce.sb.*)
 *(.rel.sdata2 .rel.sdata2.* .rel.gnu.linkonce.s2.*)
 *(.rela.sdata2 .rela.sdata2.* .rela.gnu.linkonce.s2.*)
 *(.rel.sbss2 .rel.sbss2.* .rel.gnu.linkonce.sb2.*)
 *(.rela.sbss2 .rela.sbss2.* .rela.gnu.linkonce.sb2.*)
 *(.rel.bss .rel.bss.* .rel.gnu.linkonce.b.*)
 *(.rela.bss .rela.bss.* .rela.gnu.linkonce.b.*)
 *(.rel.plt)
 *(.rela.plt)
 *(.rel.dyn)
 *(.init)
 *(.plt)
 *(.text .stub .text.* .gnu.linkonce.t.*)
 .text          0x000000000041022c       0x3c ../NiosII_Bsp/obj/HAL/src/crt0.o
                0x000000000041022c                _start
 .text          0x0000000000410268       0x28 obj/default/src/LIB_AP/Ap.o
                0x0000000000410268                Ap_Init
 .text          0x0000000000410290      0x584 obj/default/src/LIB_AP/Lib/MSP.o
                0x0000000000410290                MSP_ISR
                0x00000000004102f0                MSP_Init
                0x000000000041032c                MSP_GetReceived
                0x0000000000410358                MSP_Update
                0x00000000004105c8                MSP_Get_CmdPtr
                0x00000000004105ec                MSP_Get_RespPtr
                0x0000000000410610                MSP_Get_CmdRcPtr
                0x00000000004106c0                MSP_SendResp
 .text          0x0000000000410814      0x3bc obj/default/src/LIB_HW/Core/Hw_DcMotor.o
                0x0000000000410814                Hw_DcMotor_Init
                0x00000000004108f8                Hw_DcMotor_Stop
                0x0000000000410934                Hw_DcMotor_SetPwm
                0x00000000004109d0                Hw_DcMotor_SetDir
                0x0000000000410a54                Hw_DcMotor_Handle
 .text          0x0000000000410bd0       0x20 obj/default/src/LIB_HW/Core/Hw_ISR.o
                0x0000000000410bd0                Hw_ISR_Init
 .text          0x0000000000410bf0      0x268 obj/default/src/LIB_HW/Core/Hw_Pwm.o
                0x0000000000410bf0                Hw_Pwm_Init
                0x0000000000410c50                Hw_Pwm_SetDir
                0x0000000000410d28                Hw_Pwm_SetDuty
                0x0000000000410dd8                Hw_Pwm_SetPercent
 .text          0x0000000000410e58      0x58c obj/default/src/LIB_HW/Core/Hw_Timer.o
                0x0000000000410e58                Hw_Timer_ISR
                0x0000000000410e80                Hw_Timer_Init
                0x0000000000410f50                Hw_Timer_DeInit
                0x0000000000410f6c                Hw_Timer_SetupISR
                0x0000000000410f88                Hw_Timer_Setup
                0x0000000000410fa4                Hw_Timer_Tick
                0x0000000000411114                Hw_Timer_Set
                0x00000000004111e0                Hw_Timer_Start
                0x000000000041122c                Hw_Timer_Stop
                0x0000000000411274                Hw_Timer_Reset
                0x00000000004112e4                Hw_Timer_Delay_ms
                0x0000000000411320                Hw_Timer_Get_Handle
                0x0000000000411354                Hw_Timer_Get_CountValue
                0x000000000041137c                Hw_Timer_TimeStart
                0x00000000004113b4                Hw_Timer_TimeGetElapse
 .text          0x00000000004113e4      0x5d0 obj/default/src/LIB_HW/Core/Hw_Uart.o
                0x00000000004114bc                Hw_Uart_Init
                0x0000000000411564                Hw_Uart_DeInit
                0x0000000000411580                Hw_Uart_Open
                0x0000000000411610                Hw_Uart_Open_COM1
                0x00000000004116bc                Hw_Uart_Open_COM2
                0x0000000000411700                Hw_Uart_SetReceiveFuncISR
                0x0000000000411748                Hw_Uart_Getch
                0x00000000004117a4                Hw_Uart_Putch
                0x0000000000411878                Hw_Uart_PrintEx
                0x00000000004118f4                Hw_Uart_Printf
                0x0000000000411958                Hw_Uart_GetchNoWait
 .text          0x00000000004119b4      0x40c obj/default/src/LIB_HW/Core/Hw_Uart_Q.o
                0x00000000004119b4                Hw_Uart_Q_Init
                0x0000000000411a34                HW_UART_Q_SIZE
                0x0000000000411ac8                HW_UART_Q_VAILD
                0x0000000000411b00                Hw_Uart_Q_PushReady
                0x0000000000411b5c                Hw_Uart_Q_Push
                0x0000000000411c94                Hw_Uart_Q_Pop
 .text          0x0000000000411dc0      0x198 obj/default/src/LIB_HW/Driver/Hw_Led.o
                0x0000000000411dc0                Hw_Led_Init
                0x0000000000411df4                Hw_Led_On
                0x0000000000411e54                Hw_Led_Off
                0x0000000000411eb8                Hw_Led_Toggle
                0x0000000000411f18                Hw_Led_Wait
 .text          0x0000000000411f58      0x110 obj/default/src/LIB_HW/Hw.o
                0x0000000000411f58                Hw_Init
                0x0000000000411f90                Hw_Wait
                0x0000000000411fd0                Hw_Wait_Usec
                0x000000000041200c                millis
                0x0000000000412040                micros
 .text          0x0000000000412068        0x0 obj/default/src/LIB_LB/Lb_Printf.o
 .text          0x0000000000412068       0x64 obj/default/src/LIB_LB/Lb_Util.o
                0x0000000000412068                delay
                0x000000000041209c                delay_second
 .text          0x00000000004120cc      0x1e8 obj/default/src/main.o
                0x00000000004120cc                Uart1_ISR
                0x0000000000412100                main
                0x0000000000412288                Main_Init
 .text          0x00000000004122b4      0x12c c:/altera_lite/15.1/nios2eds/bin/gnu/h-x86_64-mingw32/bin/../lib/gcc/nios2-elf/4.9.2/mno-hw-mul\libgcc.a(lib2-divmod.o)
                0x0000000000412320                __divsi3
                0x0000000000412374                __modsi3
                0x00000000004123d0                __udivsi3
                0x00000000004123d8                __umodsi3
 .text          0x00000000004123e0       0x28 c:/altera_lite/15.1/nios2eds/bin/gnu/h-x86_64-mingw32/bin/../lib/gcc/nios2-elf/4.9.2/mno-hw-mul\libgcc.a(lib2-mul.o)
                0x00000000004123e0                __mulsi3
 .text          0x0000000000412408      0x4e0 c:/altera_lite/15.1/nios2eds/bin/gnu/h-x86_64-mingw32/bin/../lib/gcc/nios2-elf/4.9.2/mno-hw-mul\libgcc.a(addsf3.o)
                0x0000000000412408                __addsf3
 .text          0x00000000004128e8      0x450 c:/altera_lite/15.1/nios2eds/bin/gnu/h-x86_64-mingw32/bin/../lib/gcc/nios2-elf/4.9.2/mno-hw-mul\libgcc.a(divsf3.o)
                0x00000000004128e8                __divsf3
 .text          0x0000000000412d38      0x4fc c:/altera_lite/15.1/nios2eds/bin/gnu/h-x86_64-mingw32/bin/../lib/gcc/nios2-elf/4.9.2/mno-hw-mul\libgcc.a(subsf3.o)
                0x0000000000412d38                __subsf3
 .text          0x0000000000413234       0x78 c:/altera_lite/15.1/nios2eds/bin/gnu/h-x86_64-mingw32/bin/../lib/gcc/nios2-elf/4.9.2/mno-hw-mul\libgcc.a(fixsfsi.o)
                0x0000000000413234                __fixsfsi
 .text          0x00000000004132ac      0x134 c:/altera_lite/15.1/nios2eds/bin/gnu/h-x86_64-mingw32/bin/../lib/gcc/nios2-elf/4.9.2/mno-hw-mul\libgcc.a(floatsisf.o)
                0x00000000004132ac                __floatsisf
 .text          0x00000000004133e0       0x64 c:/altera_lite/15.1/nios2eds/bin/gnu/h-x86_64-mingw32/bin/../lib/gcc/nios2-elf/4.9.2/mno-hw-mul\libgcc.a(_clzsi2.o)
                0x00000000004133e0                __clzsi2
 .text          0x0000000000413444        0x0 c:/altera_lite/15.1/nios2eds/bin/gnu/h-x86_64-mingw32/bin/../lib/gcc/nios2-elf/4.9.2/mno-hw-mul\libgcc.a(_clz.o)
 .text          0x0000000000413444        0x0 c:/altera_lite/15.1/nios2eds/bin/gnu/h-x86_64-mingw32/bin/../lib/gcc/nios2-elf/4.9.2/../../../../../H-x86_64-mingw32/nios2-elf/lib/mno-hw-mul\libsmallc.a(lib_a-vsprintf.o)
 .text._vsprintf_r
                0x0000000000413444       0x5c c:/altera_lite/15.1/nios2eds/bin/gnu/h-x86_64-mingw32/bin/../lib/gcc/nios2-elf/4.9.2/../../../../../H-x86_64-mingw32/nios2-elf/lib/mno-hw-mul\libsmallc.a(lib_a-vsprintf.o)
                0x0000000000413444                _vsprintf_r
 .text.vsprintf
                0x00000000004134a0       0x24 c:/altera_lite/15.1/nios2eds/bin/gnu/h-x86_64-mingw32/bin/../lib/gcc/nios2-elf/4.9.2/../../../../../H-x86_64-mingw32/nios2-elf/lib/mno-hw-mul\libsmallc.a(lib_a-vsprintf.o)
                0x00000000004134a0                vsprintf
 .text          0x00000000004134c4        0x0 c:/altera_lite/15.1/nios2eds/bin/gnu/h-x86_64-mingw32/bin/../lib/gcc/nios2-elf/4.9.2/../../../../../H-x86_64-mingw32/nios2-elf/lib/mno-hw-mul\libsmallc.a(lib_a-fvwrite_small_str.o)
 .text.__sfvwrite_small_str
                0x00000000004134c4       0x9c c:/altera_lite/15.1/nios2eds/bin/gnu/h-x86_64-mingw32/bin/../lib/gcc/nios2-elf/4.9.2/../../../../../H-x86_64-mingw32/nios2-elf/lib/mno-hw-mul\libsmallc.a(lib_a-fvwrite_small_str.o)
                0x00000000004134c4                __sfvwrite_small_str
 .text          0x0000000000413560        0x0 c:/altera_lite/15.1/nios2eds/bin/gnu/h-x86_64-mingw32/bin/../lib/gcc/nios2-elf/4.9.2/../../../../../H-x86_64-mingw32/nios2-elf/lib/mno-hw-mul\libsmallc.a(lib_a-impure.o)
 .text          0x0000000000413560        0x0 c:/altera_lite/15.1/nios2eds/bin/gnu/h-x86_64-mingw32/bin/../lib/gcc/nios2-elf/4.9.2/../../../../../H-x86_64-mingw32/nios2-elf/lib/mno-hw-mul\libsmallc.a(lib_a-memmove.o)
 .text.memmove  0x0000000000413560       0x60 c:/altera_lite/15.1/nios2eds/bin/gnu/h-x86_64-mingw32/bin/../lib/gcc/nios2-elf/4.9.2/../../../../../H-x86_64-mingw32/nios2-elf/lib/mno-hw-mul\libsmallc.a(lib_a-memmove.o)
                0x0000000000413560                memmove
 .text          0x00000000004135c0        0x0 c:/altera_lite/15.1/nios2eds/bin/gnu/h-x86_64-mingw32/bin/../lib/gcc/nios2-elf/4.9.2/../../../../../H-x86_64-mingw32/nios2-elf/lib/mno-hw-mul\libsmallc.a(lib_a-svfprintf.o)
 .text.print_repeat
                0x00000000004135c0       0x6c c:/altera_lite/15.1/nios2eds/bin/gnu/h-x86_64-mingw32/bin/../lib/gcc/nios2-elf/4.9.2/../../../../../H-x86_64-mingw32/nios2-elf/lib/mno-hw-mul\libsmallc.a(lib_a-svfprintf.o)
 .text.___svfprintf_internal_r
                0x000000000041362c      0x56c c:/altera_lite/15.1/nios2eds/bin/gnu/h-x86_64-mingw32/bin/../lib/gcc/nios2-elf/4.9.2/../../../../../H-x86_64-mingw32/nios2-elf/lib/mno-hw-mul\libsmallc.a(lib_a-svfprintf.o)
                0x000000000041362c                ___svfprintf_internal_r
 .text.__vfprintf_internal_unused
                0x0000000000413b98       0x24 c:/altera_lite/15.1/nios2eds/bin/gnu/h-x86_64-mingw32/bin/../lib/gcc/nios2-elf/4.9.2/../../../../../H-x86_64-mingw32/nios2-elf/lib/mno-hw-mul\libsmallc.a(lib_a-svfprintf.o)
                0x0000000000413b98                __vfprintf_internal_unused
 .text          0x0000000000413bbc        0x0 c:/altera_lite/15.1/nios2eds/bin/gnu/h-x86_64-mingw32/bin/../lib/gcc/nios2-elf/4.9.2/../../../../../H-x86_64-mingw32/nios2-elf/lib/mno-hw-mul\libsmallc.a(lib_a-strlen.o)
 .text.strlen   0x0000000000413bbc       0x1c c:/altera_lite/15.1/nios2eds/bin/gnu/h-x86_64-mingw32/bin/../lib/gcc/nios2-elf/4.9.2/../../../../../H-x86_64-mingw32/nios2-elf/lib/mno-hw-mul\libsmallc.a(lib_a-strlen.o)
                0x0000000000413bbc                strlen
 .text          0x0000000000413bd8      0x1e0 ../NiosII_Bsp\libhal_bsp.a(alt_iic.o)
                0x0000000000413bd8                alt_ic_isr_register
                0x0000000000413c28                alt_ic_irq_enable
                0x0000000000413cc8                alt_ic_irq_disable
                0x0000000000413d6c                alt_ic_irq_enabled
 .text          0x0000000000413db8       0xf0 ../NiosII_Bsp\libhal_bsp.a(alt_iic_isr_register.o)
                0x0000000000413db8                alt_iic_isr_register
 .text          0x0000000000413ea8        0x0 ../NiosII_Bsp\libhal_bsp.a(alt_irq_entry.o)
 .text          0x0000000000413ea8        0x0 ../NiosII_Bsp\libhal_bsp.a(alt_irq_handler.o)
 .text          0x0000000000413ea8        0x0 ../NiosII_Bsp\libhal_bsp.a(alt_irq_vars.o)
 .text          0x0000000000413ea8       0xe4 ../NiosII_Bsp\libhal_bsp.a(alt_load.o)
                0x0000000000413f0c                alt_load
 .text          0x0000000000413f8c       0x78 ../NiosII_Bsp\libhal_bsp.a(alt_main.o)
                0x0000000000413f8c                alt_main
 .text          0x0000000000414004      0x108 ../NiosII_Bsp\libhal_bsp.a(alt_sys_init.o)
                0x000000000041403c                alt_irq_init
                0x0000000000414070                alt_sys_init
 .text          0x000000000041410c      0xaf8 ../NiosII_Bsp\libhal_bsp.a(altera_avalon_epcs_flash_controller.o)
                0x0000000000414144                alt_epcs_flash_init
                0x0000000000414678                alt_epcs_flash_write
                0x00000000004148d8                alt_epcs_flash_get_info
                0x00000000004149f8                alt_epcs_flash_erase_block
                0x0000000000414a6c                alt_epcs_flash_write_block
                0x0000000000414b6c                alt_epcs_flash_read
 .text          0x0000000000414c04       0xc0 ../NiosII_Bsp\libhal_bsp.a(altera_avalon_jtag_uart_fd.o)
                0x0000000000414c04                altera_avalon_jtag_uart_read_fd
                0x0000000000414c64                altera_avalon_jtag_uart_write_fd
 .text          0x0000000000414cc4       0xe4 ../NiosII_Bsp\libhal_bsp.a(altera_avalon_jtag_uart_read.o)
                0x0000000000414cc4                altera_avalon_jtag_uart_read
 .text          0x0000000000414da8       0x94 ../NiosII_Bsp\libhal_bsp.a(altera_avalon_jtag_uart_write.o)
                0x0000000000414da8                altera_avalon_jtag_uart_write
 .text          0x0000000000414e3c       0xfc ../NiosII_Bsp\libhal_bsp.a(altera_avalon_timer_sc.o)
                0x0000000000414eb0                alt_avalon_timer_sc_init
 .text          0x0000000000414f38      0x140 ../NiosII_Bsp\libhal_bsp.a(altera_avalon_timer_ts.o)
                0x0000000000414f38                alt_timestamp_start
                0x0000000000414fc0                alt_timestamp
                0x0000000000415050                alt_timestamp_freq
 .text          0x0000000000415078        0x0 ../NiosII_Bsp\libhal_bsp.a(altera_avalon_timer_vars.o)
 .text          0x0000000000415078      0x110 ../NiosII_Bsp\libhal_bsp.a(altera_avalon_uart_fd.o)
                0x0000000000415078                altera_avalon_uart_read_fd
                0x00000000004150d8                altera_avalon_uart_write_fd
                0x0000000000415138                altera_avalon_uart_close_fd
 .text          0x0000000000415188      0x3b8 ../NiosII_Bsp\libhal_bsp.a(altera_avalon_uart_init.o)
                0x0000000000415188                altera_avalon_uart_init
                0x00000000004154ec                altera_avalon_uart_close
 .text          0x0000000000415540      0x22c ../NiosII_Bsp\libhal_bsp.a(altera_avalon_uart_read.o)
                0x0000000000415590                altera_avalon_uart_read
 .text          0x000000000041576c      0x1fc ../NiosII_Bsp\libhal_bsp.a(altera_avalon_uart_write.o)
                0x00000000004157bc                altera_avalon_uart_write
 .text          0x0000000000415968      0x62c ../NiosII_Bsp\libhal_bsp.a(epcs_commands.o)
                0x0000000000415968                epcs_read_status_register
                0x0000000000415a34                epcs_sector_erase
                0x0000000000415b2c                epcs_read_buffer
                0x0000000000415c20                epcs_write_enable
                0x0000000000415c70                epcs_write_status_register
                0x0000000000415cd8                epcs_write_buffer
                0x0000000000415df4                epcs_read_electronic_signature
                0x0000000000415e5c                epcs_read_device_id
                0x0000000000415edc                epcs_enter_4_bytes_mode
                0x0000000000415f38                epcs_exit_4_bytes_mode
 .text          0x0000000000415f94      0x128 ../NiosII_Bsp\libhal_bsp.a(alt_close.o)
                0x0000000000415fe4                close
 .text          0x00000000004160bc       0x1c ../NiosII_Bsp\libhal_bsp.a(alt_dcache_flush_all.o)
                0x00000000004160bc                alt_dcache_flush_all
 .text          0x00000000004160d8       0x2c ../NiosII_Bsp\libhal_bsp.a(alt_dev.o)
 .text          0x0000000000416104       0xf4 ../NiosII_Bsp\libhal_bsp.a(alt_dev_llist_insert.o)
                0x0000000000416154                alt_dev_llist_insert
 .text          0x00000000004161f8       0x5c ../NiosII_Bsp\libhal_bsp.a(alt_do_ctors.o)
                0x00000000004161f8                _do_ctors
 .text          0x0000000000416254       0x5c ../NiosII_Bsp\libhal_bsp.a(alt_do_dtors.o)
                0x0000000000416254                _do_dtors
 .text          0x00000000004162b0        0x0 ../NiosII_Bsp\libhal_bsp.a(alt_errno.o)
 .text          0x00000000004162b0        0x0 ../NiosII_Bsp\libhal_bsp.a(alt_exception_entry.o)
 .text          0x00000000004162b0       0xb8 ../NiosII_Bsp\libhal_bsp.a(alt_flash_dev.o)
                0x00000000004162b0                alt_flash_open_dev
                0x0000000000416318                alt_flash_close_dev
 .text          0x0000000000416368       0x1c ../NiosII_Bsp\libhal_bsp.a(alt_icache_flush_all.o)
                0x0000000000416368                alt_icache_flush_all
 .text          0x0000000000416384       0x9c ../NiosII_Bsp\libhal_bsp.a(alt_instruction_exception_entry.o)
                0x0000000000416384                alt_exception_cause_generated_bad_addr
 .text          0x0000000000416420      0x158 ../NiosII_Bsp\libhal_bsp.a(alt_io_redirect.o)
                0x0000000000416500                alt_io_redirect
 .text          0x0000000000416578      0x2a4 ../NiosII_Bsp\libhal_bsp.a(alt_open.o)
                0x00000000004166bc                open
 .text          0x000000000041681c       0x80 ../NiosII_Bsp\libhal_bsp.a(alt_release_fd.o)
                0x000000000041681c                alt_release_fd
 .text          0x000000000041689c      0x19c ../NiosII_Bsp\libhal_bsp.a(alt_tick.o)
                0x000000000041689c                alt_alarm_stop
                0x0000000000416934                alt_tick
 .text          0x0000000000416a38       0x20 ../NiosII_Bsp\libhal_bsp.a(altera_nios2_gen2_irq.o)
                0x0000000000416a38                altera_nios2_gen2_irq_init
 .text          0x0000000000416a58      0x204 ../NiosII_Bsp\libhal_bsp.a(altera_avalon_spi.o)
                0x0000000000416a58                alt_avalon_spi_command
 .text          0x0000000000416c5c       0x90 ../NiosII_Bsp\libhal_bsp.a(alt_find_dev.o)
                0x0000000000416c5c                alt_find_dev
 .text          0x0000000000416cec      0x114 ../NiosII_Bsp\libhal_bsp.a(alt_find_file.o)
                0x0000000000416cec                alt_find_file
 .text          0x0000000000416e00       0xd4 ../NiosII_Bsp\libhal_bsp.a(alt_get_fd.o)
                0x0000000000416e00                alt_get_fd
 .text          0x0000000000416ed4        0x0 c:/altera_lite/15.1/nios2eds/bin/gnu/h-x86_64-mingw32/bin/../lib/gcc/nios2-elf/4.9.2/../../../../../H-x86_64-mingw32/nios2-elf/lib/mno-hw-mul\libsmallc.a(lib_a-atexit.o)
 .text.atexit   0x0000000000416ed4       0x14 c:/altera_lite/15.1/nios2eds/bin/gnu/h-x86_64-mingw32/bin/../lib/gcc/nios2-elf/4.9.2/../../../../../H-x86_64-mingw32/nios2-elf/lib/mno-hw-mul\libsmallc.a(lib_a-atexit.o)
                0x0000000000416ed4                atexit
 .text          0x0000000000416ee8        0x0 c:/altera_lite/15.1/nios2eds/bin/gnu/h-x86_64-mingw32/bin/../lib/gcc/nios2-elf/4.9.2/../../../../../H-x86_64-mingw32/nios2-elf/lib/mno-hw-mul\libsmallc.a(lib_a-exit.o)
 .text.exit     0x0000000000416ee8       0x20 c:/altera_lite/15.1/nios2eds/bin/gnu/h-x86_64-mingw32/bin/../lib/gcc/nios2-elf/4.9.2/../../../../../H-x86_64-mingw32/nios2-elf/lib/mno-hw-mul\libsmallc.a(lib_a-exit.o)
                0x0000000000416ee8                exit
 .text          0x0000000000416f08        0x0 c:/altera_lite/15.1/nios2eds/bin/gnu/h-x86_64-mingw32/bin/../lib/gcc/nios2-elf/4.9.2/../../../../../H-x86_64-mingw32/nios2-elf/lib/mno-hw-mul\libsmallc.a(lib_a-int_errno.o)
 .text          0x0000000000416f08        0x0 c:/altera_lite/15.1/nios2eds/bin/gnu/h-x86_64-mingw32/bin/../lib/gcc/nios2-elf/4.9.2/../../../../../H-x86_64-mingw32/nios2-elf/lib/mno-hw-mul\libsmallc.a(lib_a-memcmp.o)
 .text.memcmp   0x0000000000416f08       0x30 c:/altera_lite/15.1/nios2eds/bin/gnu/h-x86_64-mingw32/bin/../lib/gcc/nios2-elf/4.9.2/../../../../../H-x86_64-mingw32/nios2-elf/lib/mno-hw-mul\libsmallc.a(lib_a-memcmp.o)
                0x0000000000416f08                memcmp
 .text          0x0000000000416f38        0x0 c:/altera_lite/15.1/nios2eds/bin/gnu/h-x86_64-mingw32/bin/../lib/gcc/nios2-elf/4.9.2/../../../../../H-x86_64-mingw32/nios2-elf/lib/mno-hw-mul\libsmallc.a(lib_a-__atexit.o)
 .text.__register_exitproc
                0x0000000000416f38      0x150 c:/altera_lite/15.1/nios2eds/bin/gnu/h-x86_64-mingw32/bin/../lib/gcc/nios2-elf/4.9.2/../../../../../H-x86_64-mingw32/nios2-elf/lib/mno-hw-mul\libsmallc.a(lib_a-__atexit.o)
                0x0000000000416f38                __register_exitproc
 .text          0x0000000000417088        0x0 c:/altera_lite/15.1/nios2eds/bin/gnu/h-x86_64-mingw32/bin/../lib/gcc/nios2-elf/4.9.2/../../../../../H-x86_64-mingw32/nios2-elf/lib/mno-hw-mul\libsmallc.a(lib_a-__call_atexit.o)
 .text.__call_exitprocs
                0x0000000000417088      0x19c c:/altera_lite/15.1/nios2eds/bin/gnu/h-x86_64-mingw32/bin/../lib/gcc/nios2-elf/4.9.2/../../../../../H-x86_64-mingw32/nios2-elf/lib/mno-hw-mul\libsmallc.a(lib_a-__call_atexit.o)
                0x0000000000417088                __call_exitprocs
 .text          0x0000000000417224       0x34 ../NiosII_Bsp\libhal_bsp.a(alt_exit.o)
                0x0000000000417224                _exit
 *(.gnu.warning.*)
 *(.fini)
                0x0000000000417258                PROVIDE (__etext, ABSOLUTE (.))
                0x0000000000417258                PROVIDE (_etext, ABSOLUTE (.))
                0x0000000000417258                PROVIDE (etext, ABSOLUTE (.))
 *(.eh_frame_hdr)
                0x0000000000417258                . = ALIGN (0x4)
                0x0000000000417258                PROVIDE (__preinit_array_start, ABSOLUTE (.))
 *(.preinit_array)
                0x0000000000417258                PROVIDE (__preinit_array_end, ABSOLUTE (.))
                0x0000000000417258                PROVIDE (__init_array_start, ABSOLUTE (.))
 *(.init_array)
                0x0000000000417258                PROVIDE (__init_array_end, ABSOLUTE (.))
                0x0000000000417258                PROVIDE (__fini_array_start, ABSOLUTE (.))
 *(.fini_array)
                0x0000000000417258                PROVIDE (__fini_array_end, ABSOLUTE (.))
 *(.eh_frame)
 *(.gcc_except_table .gcc_except_table.*)
 *(.dynamic)
                0x0000000000417258                PROVIDE (__CTOR_LIST__, ABSOLUTE (.))
 *(.ctors)
 *(SORT(.ctors.*))
                0x0000000000417258                PROVIDE (__CTOR_END__, ABSOLUTE (.))
                0x0000000000417258                PROVIDE (__DTOR_LIST__, ABSOLUTE (.))
 *(.dtors)
 *(SORT(.dtors.*))
                0x0000000000417258                PROVIDE (__DTOR_END__, ABSOLUTE (.))
 *(.jcr)
                0x0000000000417258                . = ALIGN (0x4)

.rodata         0x0000000000417258      0x160
                0x0000000000417258                PROVIDE (__ram_rodata_start, ABSOLUTE (.))
                0x0000000000417258                . = ALIGN (0x4)
 *(.rodata .rodata.* .gnu.linkonce.r.*)
 .rodata        0x0000000000417258      0x100 c:/altera_lite/15.1/nios2eds/bin/gnu/h-x86_64-mingw32/bin/../lib/gcc/nios2-elf/4.9.2/mno-hw-mul\libgcc.a(_clz.o)
                0x0000000000417258                __clz_tab
 .rodata        0x0000000000417358       0x14 ../NiosII_Bsp\libhal_bsp.a(alt_main.o)
 .rodata        0x000000000041736c       0x40 ../NiosII_Bsp\libhal_bsp.a(alt_sys_init.o)
 .rodata        0x00000000004173ac        0xc ../NiosII_Bsp\libhal_bsp.a(alt_dev.o)
 *(.rodata1)
                0x00000000004173b8                . = ALIGN (0x4)
                0x00000000004173b8                PROVIDE (__ram_rodata_end, ABSOLUTE (.))
                0x0000000000417258                PROVIDE (__flash_rodata_start, LOADADDR (.rodata))

.rwdata         0x00000000004173b8      0x478 load address 0x0000000000417830
                0x00000000004173b8                PROVIDE (__ram_rwdata_start, ABSOLUTE (.))
                0x00000000004173b8                . = ALIGN (0x4)
 *(.got.plt)
 *(.got)
 *(.data1)
 *(.data .data.* .gnu.linkonce.d.*)
 .data          0x00000000004173b8        0x0 ../NiosII_Bsp/obj/HAL/src/crt0.o
 .data          0x00000000004173b8        0x0 obj/default/src/LIB_AP/Ap.o
 .data          0x00000000004173b8        0x0 obj/default/src/LIB_AP/Lib/MSP.o
 .data          0x00000000004173b8        0x0 obj/default/src/LIB_HW/Core/Hw_DcMotor.o
 .data          0x00000000004173b8        0x0 obj/default/src/LIB_HW/Core/Hw_ISR.o
 .data          0x00000000004173b8        0x0 obj/default/src/LIB_HW/Core/Hw_Pwm.o
 .data          0x00000000004173b8        0x0 obj/default/src/LIB_HW/Core/Hw_Timer.o
 .data          0x00000000004173b8        0x0 obj/default/src/LIB_HW/Core/Hw_Uart.o
 .data          0x00000000004173b8        0x0 obj/default/src/LIB_HW/Core/Hw_Uart_Q.o
 .data          0x00000000004173b8        0x0 obj/default/src/LIB_HW/Driver/Hw_Led.o
 .data          0x00000000004173b8        0x0 obj/default/src/LIB_HW/Hw.o
 .data          0x00000000004173b8        0x0 obj/default/src/LIB_LB/Lb_Printf.o
 .data          0x00000000004173b8        0x0 obj/default/src/LIB_LB/Lb_Util.o
 .data          0x00000000004173b8        0x0 obj/default/src/main.o
 .data          0x00000000004173b8        0x0 c:/altera_lite/15.1/nios2eds/bin/gnu/h-x86_64-mingw32/bin/../lib/gcc/nios2-elf/4.9.2/mno-hw-mul\libgcc.a(lib2-divmod.o)
 .data          0x00000000004173b8        0x0 c:/altera_lite/15.1/nios2eds/bin/gnu/h-x86_64-mingw32/bin/../lib/gcc/nios2-elf/4.9.2/mno-hw-mul\libgcc.a(lib2-mul.o)
 .data          0x00000000004173b8        0x0 c:/altera_lite/15.1/nios2eds/bin/gnu/h-x86_64-mingw32/bin/../lib/gcc/nios2-elf/4.9.2/mno-hw-mul\libgcc.a(addsf3.o)
 .data          0x00000000004173b8        0x0 c:/altera_lite/15.1/nios2eds/bin/gnu/h-x86_64-mingw32/bin/../lib/gcc/nios2-elf/4.9.2/mno-hw-mul\libgcc.a(divsf3.o)
 .data          0x00000000004173b8        0x0 c:/altera_lite/15.1/nios2eds/bin/gnu/h-x86_64-mingw32/bin/../lib/gcc/nios2-elf/4.9.2/mno-hw-mul\libgcc.a(subsf3.o)
 .data          0x00000000004173b8        0x0 c:/altera_lite/15.1/nios2eds/bin/gnu/h-x86_64-mingw32/bin/../lib/gcc/nios2-elf/4.9.2/mno-hw-mul\libgcc.a(fixsfsi.o)
 .data          0x00000000004173b8        0x0 c:/altera_lite/15.1/nios2eds/bin/gnu/h-x86_64-mingw32/bin/../lib/gcc/nios2-elf/4.9.2/mno-hw-mul\libgcc.a(floatsisf.o)
 .data          0x00000000004173b8        0x0 c:/altera_lite/15.1/nios2eds/bin/gnu/h-x86_64-mingw32/bin/../lib/gcc/nios2-elf/4.9.2/mno-hw-mul\libgcc.a(_clzsi2.o)
 .data          0x00000000004173b8        0x0 c:/altera_lite/15.1/nios2eds/bin/gnu/h-x86_64-mingw32/bin/../lib/gcc/nios2-elf/4.9.2/mno-hw-mul\libgcc.a(_clz.o)
 .data          0x00000000004173b8        0x0 c:/altera_lite/15.1/nios2eds/bin/gnu/h-x86_64-mingw32/bin/../lib/gcc/nios2-elf/4.9.2/../../../../../H-x86_64-mingw32/nios2-elf/lib/mno-hw-mul\libsmallc.a(lib_a-vsprintf.o)
 .data          0x00000000004173b8        0x0 c:/altera_lite/15.1/nios2eds/bin/gnu/h-x86_64-mingw32/bin/../lib/gcc/nios2-elf/4.9.2/../../../../../H-x86_64-mingw32/nios2-elf/lib/mno-hw-mul\libsmallc.a(lib_a-fvwrite_small_str.o)
 .data          0x00000000004173b8        0x0 c:/altera_lite/15.1/nios2eds/bin/gnu/h-x86_64-mingw32/bin/../lib/gcc/nios2-elf/4.9.2/../../../../../H-x86_64-mingw32/nios2-elf/lib/mno-hw-mul\libsmallc.a(lib_a-impure.o)
 .data.impure_data
                0x00000000004173b8       0xe0 c:/altera_lite/15.1/nios2eds/bin/gnu/h-x86_64-mingw32/bin/../lib/gcc/nios2-elf/4.9.2/../../../../../H-x86_64-mingw32/nios2-elf/lib/mno-hw-mul\libsmallc.a(lib_a-impure.o)
 .data          0x0000000000417498        0x0 c:/altera_lite/15.1/nios2eds/bin/gnu/h-x86_64-mingw32/bin/../lib/gcc/nios2-elf/4.9.2/../../../../../H-x86_64-mingw32/nios2-elf/lib/mno-hw-mul\libsmallc.a(lib_a-memmove.o)
 .data          0x0000000000417498        0x0 c:/altera_lite/15.1/nios2eds/bin/gnu/h-x86_64-mingw32/bin/../lib/gcc/nios2-elf/4.9.2/../../../../../H-x86_64-mingw32/nios2-elf/lib/mno-hw-mul\libsmallc.a(lib_a-svfprintf.o)
 .data          0x0000000000417498        0x0 c:/altera_lite/15.1/nios2eds/bin/gnu/h-x86_64-mingw32/bin/../lib/gcc/nios2-elf/4.9.2/../../../../../H-x86_64-mingw32/nios2-elf/lib/mno-hw-mul\libsmallc.a(lib_a-strlen.o)
 .data          0x0000000000417498        0x0 ../NiosII_Bsp\libhal_bsp.a(alt_iic.o)
 .data          0x0000000000417498        0x0 ../NiosII_Bsp\libhal_bsp.a(alt_iic_isr_register.o)
 .data          0x0000000000417498        0x0 ../NiosII_Bsp\libhal_bsp.a(alt_irq_entry.o)
 .data          0x0000000000417498        0x0 ../NiosII_Bsp\libhal_bsp.a(alt_irq_handler.o)
 .data          0x0000000000417498        0x0 ../NiosII_Bsp\libhal_bsp.a(alt_irq_vars.o)
 .data          0x0000000000417498        0x0 ../NiosII_Bsp\libhal_bsp.a(alt_load.o)
 .data          0x0000000000417498        0x0 ../NiosII_Bsp\libhal_bsp.a(alt_main.o)
 .data          0x0000000000417498      0x1bc ../NiosII_Bsp\libhal_bsp.a(alt_sys_init.o)
 .data          0x0000000000417654        0x0 ../NiosII_Bsp\libhal_bsp.a(altera_avalon_epcs_flash_controller.o)
 .data          0x0000000000417654        0x0 ../NiosII_Bsp\libhal_bsp.a(altera_avalon_jtag_uart_fd.o)
 .data          0x0000000000417654        0x0 ../NiosII_Bsp\libhal_bsp.a(altera_avalon_jtag_uart_read.o)
 .data          0x0000000000417654        0x0 ../NiosII_Bsp\libhal_bsp.a(altera_avalon_jtag_uart_write.o)
 .data          0x0000000000417654        0x0 ../NiosII_Bsp\libhal_bsp.a(altera_avalon_timer_sc.o)
 .data          0x0000000000417654        0x0 ../NiosII_Bsp\libhal_bsp.a(altera_avalon_timer_ts.o)
 .data          0x0000000000417654        0x0 ../NiosII_Bsp\libhal_bsp.a(altera_avalon_timer_vars.o)
 .data          0x0000000000417654        0x0 ../NiosII_Bsp\libhal_bsp.a(altera_avalon_uart_fd.o)
 .data          0x0000000000417654        0x0 ../NiosII_Bsp\libhal_bsp.a(altera_avalon_uart_init.o)
 .data          0x0000000000417654        0x0 ../NiosII_Bsp\libhal_bsp.a(altera_avalon_uart_read.o)
 .data          0x0000000000417654        0x0 ../NiosII_Bsp\libhal_bsp.a(altera_avalon_uart_write.o)
 .data          0x0000000000417654        0x0 ../NiosII_Bsp\libhal_bsp.a(epcs_commands.o)
 .data          0x0000000000417654        0x0 ../NiosII_Bsp\libhal_bsp.a(alt_close.o)
 .data          0x0000000000417654        0x0 ../NiosII_Bsp\libhal_bsp.a(alt_dcache_flush_all.o)
 .data          0x0000000000417654      0x1a8 ../NiosII_Bsp\libhal_bsp.a(alt_dev.o)
                0x0000000000417654                alt_dev_null
                0x000000000041767c                alt_fd_list
 .data          0x00000000004177fc        0x0 ../NiosII_Bsp\libhal_bsp.a(alt_dev_llist_insert.o)
 .data          0x00000000004177fc        0x0 ../NiosII_Bsp\libhal_bsp.a(alt_do_ctors.o)
 .data          0x00000000004177fc        0x0 ../NiosII_Bsp\libhal_bsp.a(alt_do_dtors.o)
 .data          0x00000000004177fc        0x0 ../NiosII_Bsp\libhal_bsp.a(alt_errno.o)
 .data          0x00000000004177fc        0x0 ../NiosII_Bsp\libhal_bsp.a(alt_exception_entry.o)
 .data          0x00000000004177fc        0x0 ../NiosII_Bsp\libhal_bsp.a(alt_flash_dev.o)
 .data          0x00000000004177fc        0x0 ../NiosII_Bsp\libhal_bsp.a(alt_icache_flush_all.o)
 .data          0x00000000004177fc        0x0 ../NiosII_Bsp\libhal_bsp.a(alt_instruction_exception_entry.o)
 .data          0x00000000004177fc        0x0 ../NiosII_Bsp\libhal_bsp.a(alt_io_redirect.o)
 .data          0x00000000004177fc        0x0 ../NiosII_Bsp\libhal_bsp.a(alt_open.o)
 .data          0x00000000004177fc        0x0 ../NiosII_Bsp\libhal_bsp.a(alt_release_fd.o)
 .data          0x00000000004177fc        0x0 ../NiosII_Bsp\libhal_bsp.a(alt_tick.o)
 .data          0x00000000004177fc        0x0 ../NiosII_Bsp\libhal_bsp.a(altera_nios2_gen2_irq.o)
 .data          0x00000000004177fc        0x0 ../NiosII_Bsp\libhal_bsp.a(altera_avalon_spi.o)
 .data          0x00000000004177fc        0x0 ../NiosII_Bsp\libhal_bsp.a(alt_find_dev.o)
 .data          0x00000000004177fc        0x0 ../NiosII_Bsp\libhal_bsp.a(alt_find_file.o)
 .data          0x00000000004177fc        0x0 ../NiosII_Bsp\libhal_bsp.a(alt_get_fd.o)
 .data          0x00000000004177fc        0x0 c:/altera_lite/15.1/nios2eds/bin/gnu/h-x86_64-mingw32/bin/../lib/gcc/nios2-elf/4.9.2/../../../../../H-x86_64-mingw32/nios2-elf/lib/mno-hw-mul\libsmallc.a(lib_a-atexit.o)
 .data          0x00000000004177fc        0x0 c:/altera_lite/15.1/nios2eds/bin/gnu/h-x86_64-mingw32/bin/../lib/gcc/nios2-elf/4.9.2/../../../../../H-x86_64-mingw32/nios2-elf/lib/mno-hw-mul\libsmallc.a(lib_a-exit.o)
 .data          0x00000000004177fc        0x0 c:/altera_lite/15.1/nios2eds/bin/gnu/h-x86_64-mingw32/bin/../lib/gcc/nios2-elf/4.9.2/../../../../../H-x86_64-mingw32/nios2-elf/lib/mno-hw-mul\libsmallc.a(lib_a-int_errno.o)
 .data          0x00000000004177fc        0x0 c:/altera_lite/15.1/nios2eds/bin/gnu/h-x86_64-mingw32/bin/../lib/gcc/nios2-elf/4.9.2/../../../../../H-x86_64-mingw32/nios2-elf/lib/mno-hw-mul\libsmallc.a(lib_a-memcmp.o)
 .data          0x00000000004177fc        0x0 c:/altera_lite/15.1/nios2eds/bin/gnu/h-x86_64-mingw32/bin/../lib/gcc/nios2-elf/4.9.2/../../../../../H-x86_64-mingw32/nios2-elf/lib/mno-hw-mul\libsmallc.a(lib_a-__atexit.o)
 .data          0x00000000004177fc        0x0 c:/altera_lite/15.1/nios2eds/bin/gnu/h-x86_64-mingw32/bin/../lib/gcc/nios2-elf/4.9.2/../../../../../H-x86_64-mingw32/nios2-elf/lib/mno-hw-mul\libsmallc.a(lib_a-__call_atexit.o)
 .data          0x00000000004177fc        0x0 ../NiosII_Bsp\libhal_bsp.a(alt_exit.o)
                0x000000000041f7fc                _gp = ABSOLUTE ((. + 0x8000))
                0x000000000041f7fc                PROVIDE (gp, _gp)
 *(.rwdata .rwdata.*)
 *(.sdata .sdata.* .gnu.linkonce.s.*)
 .sdata._global_impure_ptr
                0x00000000004177fc        0x4 c:/altera_lite/15.1/nios2eds/bin/gnu/h-x86_64-mingw32/bin/../lib/gcc/nios2-elf/4.9.2/../../../../../H-x86_64-mingw32/nios2-elf/lib/mno-hw-mul\libsmallc.a(lib_a-impure.o)
                0x00000000004177fc                _global_impure_ptr
 .sdata._impure_ptr
                0x0000000000417800        0x4 c:/altera_lite/15.1/nios2eds/bin/gnu/h-x86_64-mingw32/bin/../lib/gcc/nios2-elf/4.9.2/../../../../../H-x86_64-mingw32/nios2-elf/lib/mno-hw-mul\libsmallc.a(lib_a-impure.o)
                0x0000000000417800                _impure_ptr
 .sdata         0x0000000000417804        0x4 ../NiosII_Bsp\libhal_bsp.a(alt_irq_vars.o)
                0x0000000000417804                alt_priority_mask
 .sdata         0x0000000000417808       0x14 ../NiosII_Bsp\libhal_bsp.a(alt_dev.o)
                0x0000000000417808                alt_fs_list
                0x0000000000417810                alt_dev_list
                0x0000000000417818                alt_max_fd
 .sdata         0x000000000041781c        0x4 ../NiosII_Bsp\libhal_bsp.a(alt_errno.o)
                0x000000000041781c                alt_errno
 .sdata         0x0000000000417820        0x8 ../NiosII_Bsp\libhal_bsp.a(alt_flash_dev.o)
                0x0000000000417820                alt_flash_dev_list
 .sdata         0x0000000000417828        0x8 ../NiosII_Bsp\libhal_bsp.a(alt_tick.o)
                0x0000000000417828                alt_alarm_list
 *(.sdata2 .sdata2.* .gnu.linkonce.s2.*)
                0x0000000000417830                . = ALIGN (0x4)
                0x0000000000417830                _edata = ABSOLUTE (.)
                0x0000000000417830                PROVIDE (edata, ABSOLUTE (.))
                0x0000000000417830                PROVIDE (__ram_rwdata_end, ABSOLUTE (.))
                0x0000000000417830                PROVIDE (__flash_rwdata_start, LOADADDR (.rwdata))

.bss            0x0000000000417ca8      0x3f4
                0x0000000000417ca8                __bss_start = ABSOLUTE (.)
                0x0000000000417ca8                PROVIDE (__sbss_start, ABSOLUTE (.))
                0x0000000000417ca8                PROVIDE (___sbss_start, ABSOLUTE (.))
 *(.dynsbss)
 *(.sbss .sbss.* .gnu.linkonce.sb.*)
 .sbss          0x0000000000417ca8       0x18 obj/default/src/LIB_AP/Lib/MSP.o
 .sbss          0x0000000000417cc0        0xc obj/default/src/LIB_HW/Core/Hw_Timer.o
 .sbss          0x0000000000417ccc        0x4 ../NiosII_Bsp\libhal_bsp.a(alt_irq_vars.o)
                0x0000000000417ccc                alt_irq_active
 .sbss          0x0000000000417cd0        0xc ../NiosII_Bsp\libhal_bsp.a(alt_main.o)
                0x0000000000417cd0                alt_argc
                0x0000000000417cd4                alt_argv
                0x0000000000417cd8                alt_envp
 .sbss          0x0000000000417cdc        0x8 ../NiosII_Bsp\libhal_bsp.a(altera_avalon_timer_vars.o)
                0x0000000000417cdc                altera_avalon_timer_ts_base
                0x0000000000417ce0                altera_avalon_timer_ts_freq
 .sbss          0x0000000000417ce4        0x4 ../NiosII_Bsp\libhal_bsp.a(alt_instruction_exception_entry.o)
                0x0000000000417ce4                alt_instruction_exception_handler
 .sbss          0x0000000000417ce8        0x8 ../NiosII_Bsp\libhal_bsp.a(alt_tick.o)
                0x0000000000417ce8                _alt_tick_rate
                0x0000000000417cec                _alt_nticks
 .sbss          0x0000000000417cf0        0x4 c:/altera_lite/15.1/nios2eds/bin/gnu/h-x86_64-mingw32/bin/../lib/gcc/nios2-elf/4.9.2/../../../../../H-x86_64-mingw32/nios2-elf/lib/mno-hw-mul\libsmallc.a(lib_a-int_errno.o)
                0x0000000000417cf0                errno
 *(.sbss2 .sbss2.* .gnu.linkonce.sb2.*)
 *(.scommon)
                0x0000000000417cf4                PROVIDE (__sbss_end, ABSOLUTE (.))
                0x0000000000417cf4                PROVIDE (___sbss_end, ABSOLUTE (.))
 *(.dynbss)
 *(.bss .bss.* .gnu.linkonce.b.*)
 .bss           0x0000000000417cf4        0x0 ../NiosII_Bsp/obj/HAL/src/crt0.o
 .bss           0x0000000000417cf4        0x0 obj/default/src/LIB_AP/Ap.o
 .bss           0x0000000000417cf4       0x87 obj/default/src/LIB_AP/Lib/MSP.o
 *fill*         0x0000000000417d7b        0x1 
 .bss           0x0000000000417d7c        0xc obj/default/src/LIB_HW/Core/Hw_DcMotor.o
 .bss           0x0000000000417d88        0x0 obj/default/src/LIB_HW/Core/Hw_ISR.o
 .bss           0x0000000000417d88        0x0 obj/default/src/LIB_HW/Core/Hw_Pwm.o
 .bss           0x0000000000417d88       0xa0 obj/default/src/LIB_HW/Core/Hw_Timer.o
 .bss           0x0000000000417e28        0x0 obj/default/src/LIB_HW/Core/Hw_Uart.o
 .bss           0x0000000000417e28        0x0 obj/default/src/LIB_HW/Core/Hw_Uart_Q.o
 .bss           0x0000000000417e28        0x0 obj/default/src/LIB_HW/Driver/Hw_Led.o
 .bss           0x0000000000417e28        0x0 obj/default/src/LIB_HW/Hw.o
 .bss           0x0000000000417e28        0x0 obj/default/src/LIB_LB/Lb_Printf.o
 .bss           0x0000000000417e28        0x0 obj/default/src/LIB_LB/Lb_Util.o
 .bss           0x0000000000417e28        0x0 obj/default/src/main.o
 .bss           0x0000000000417e28        0x0 c:/altera_lite/15.1/nios2eds/bin/gnu/h-x86_64-mingw32/bin/../lib/gcc/nios2-elf/4.9.2/mno-hw-mul\libgcc.a(lib2-divmod.o)
 .bss           0x0000000000417e28        0x0 c:/altera_lite/15.1/nios2eds/bin/gnu/h-x86_64-mingw32/bin/../lib/gcc/nios2-elf/4.9.2/mno-hw-mul\libgcc.a(lib2-mul.o)
 .bss           0x0000000000417e28        0x0 c:/altera_lite/15.1/nios2eds/bin/gnu/h-x86_64-mingw32/bin/../lib/gcc/nios2-elf/4.9.2/mno-hw-mul\libgcc.a(addsf3.o)
 .bss           0x0000000000417e28        0x0 c:/altera_lite/15.1/nios2eds/bin/gnu/h-x86_64-mingw32/bin/../lib/gcc/nios2-elf/4.9.2/mno-hw-mul\libgcc.a(divsf3.o)
 .bss           0x0000000000417e28        0x0 c:/altera_lite/15.1/nios2eds/bin/gnu/h-x86_64-mingw32/bin/../lib/gcc/nios2-elf/4.9.2/mno-hw-mul\libgcc.a(subsf3.o)
 .bss           0x0000000000417e28        0x0 c:/altera_lite/15.1/nios2eds/bin/gnu/h-x86_64-mingw32/bin/../lib/gcc/nios2-elf/4.9.2/mno-hw-mul\libgcc.a(fixsfsi.o)
 .bss           0x0000000000417e28        0x0 c:/altera_lite/15.1/nios2eds/bin/gnu/h-x86_64-mingw32/bin/../lib/gcc/nios2-elf/4.9.2/mno-hw-mul\libgcc.a(floatsisf.o)
 .bss           0x0000000000417e28        0x0 c:/altera_lite/15.1/nios2eds/bin/gnu/h-x86_64-mingw32/bin/../lib/gcc/nios2-elf/4.9.2/mno-hw-mul\libgcc.a(_clzsi2.o)
 .bss           0x0000000000417e28        0x0 c:/altera_lite/15.1/nios2eds/bin/gnu/h-x86_64-mingw32/bin/../lib/gcc/nios2-elf/4.9.2/mno-hw-mul\libgcc.a(_clz.o)
 .bss           0x0000000000417e28        0x0 c:/altera_lite/15.1/nios2eds/bin/gnu/h-x86_64-mingw32/bin/../lib/gcc/nios2-elf/4.9.2/../../../../../H-x86_64-mingw32/nios2-elf/lib/mno-hw-mul\libsmallc.a(lib_a-vsprintf.o)
 .bss           0x0000000000417e28        0x0 c:/altera_lite/15.1/nios2eds/bin/gnu/h-x86_64-mingw32/bin/../lib/gcc/nios2-elf/4.9.2/../../../../../H-x86_64-mingw32/nios2-elf/lib/mno-hw-mul\libsmallc.a(lib_a-fvwrite_small_str.o)
 .bss           0x0000000000417e28        0x0 c:/altera_lite/15.1/nios2eds/bin/gnu/h-x86_64-mingw32/bin/../lib/gcc/nios2-elf/4.9.2/../../../../../H-x86_64-mingw32/nios2-elf/lib/mno-hw-mul\libsmallc.a(lib_a-impure.o)
 .bss           0x0000000000417e28        0x0 c:/altera_lite/15.1/nios2eds/bin/gnu/h-x86_64-mingw32/bin/../lib/gcc/nios2-elf/4.9.2/../../../../../H-x86_64-mingw32/nios2-elf/lib/mno-hw-mul\libsmallc.a(lib_a-memmove.o)
 .bss           0x0000000000417e28        0x0 c:/altera_lite/15.1/nios2eds/bin/gnu/h-x86_64-mingw32/bin/../lib/gcc/nios2-elf/4.9.2/../../../../../H-x86_64-mingw32/nios2-elf/lib/mno-hw-mul\libsmallc.a(lib_a-svfprintf.o)
 .bss           0x0000000000417e28        0x0 c:/altera_lite/15.1/nios2eds/bin/gnu/h-x86_64-mingw32/bin/../lib/gcc/nios2-elf/4.9.2/../../../../../H-x86_64-mingw32/nios2-elf/lib/mno-hw-mul\libsmallc.a(lib_a-strlen.o)
 .bss           0x0000000000417e28        0x0 ../NiosII_Bsp\libhal_bsp.a(alt_iic.o)
 .bss           0x0000000000417e28        0x0 ../NiosII_Bsp\libhal_bsp.a(alt_iic_isr_register.o)
 .bss           0x0000000000417e28        0x0 ../NiosII_Bsp\libhal_bsp.a(alt_irq_entry.o)
 .bss           0x0000000000417e28        0x0 ../NiosII_Bsp\libhal_bsp.a(alt_irq_handler.o)
 .bss           0x0000000000417e28        0x0 ../NiosII_Bsp\libhal_bsp.a(alt_irq_vars.o)
 .bss           0x0000000000417e28        0x0 ../NiosII_Bsp\libhal_bsp.a(alt_load.o)
 .bss           0x0000000000417e28        0x0 ../NiosII_Bsp\libhal_bsp.a(alt_main.o)
 .bss           0x0000000000417e28        0x0 ../NiosII_Bsp\libhal_bsp.a(alt_sys_init.o)
 .bss           0x0000000000417e28        0x0 ../NiosII_Bsp\libhal_bsp.a(altera_avalon_epcs_flash_controller.o)
 .bss           0x0000000000417e28        0x0 ../NiosII_Bsp\libhal_bsp.a(altera_avalon_jtag_uart_fd.o)
 .bss           0x0000000000417e28        0x0 ../NiosII_Bsp\libhal_bsp.a(altera_avalon_jtag_uart_read.o)
 .bss           0x0000000000417e28        0x0 ../NiosII_Bsp\libhal_bsp.a(altera_avalon_jtag_uart_write.o)
 .bss           0x0000000000417e28        0x0 ../NiosII_Bsp\libhal_bsp.a(altera_avalon_timer_sc.o)
 .bss           0x0000000000417e28        0x0 ../NiosII_Bsp\libhal_bsp.a(altera_avalon_timer_ts.o)
 .bss           0x0000000000417e28        0x0 ../NiosII_Bsp\libhal_bsp.a(altera_avalon_timer_vars.o)
 .bss           0x0000000000417e28        0x0 ../NiosII_Bsp\libhal_bsp.a(altera_avalon_uart_fd.o)
 .bss           0x0000000000417e28        0x0 ../NiosII_Bsp\libhal_bsp.a(altera_avalon_uart_init.o)
 .bss           0x0000000000417e28        0x0 ../NiosII_Bsp\libhal_bsp.a(altera_avalon_uart_read.o)
 .bss           0x0000000000417e28        0x0 ../NiosII_Bsp\libhal_bsp.a(altera_avalon_uart_write.o)
 .bss           0x0000000000417e28        0x0 ../NiosII_Bsp\libhal_bsp.a(epcs_commands.o)
 .bss           0x0000000000417e28        0x0 ../NiosII_Bsp\libhal_bsp.a(alt_close.o)
 .bss           0x0000000000417e28        0x0 ../NiosII_Bsp\libhal_bsp.a(alt_dcache_flush_all.o)
 .bss           0x0000000000417e28        0x0 ../NiosII_Bsp\libhal_bsp.a(alt_dev.o)
 .bss           0x0000000000417e28        0x0 ../NiosII_Bsp\libhal_bsp.a(alt_dev_llist_insert.o)
 .bss           0x0000000000417e28        0x0 ../NiosII_Bsp\libhal_bsp.a(alt_do_ctors.o)
 .bss           0x0000000000417e28        0x0 ../NiosII_Bsp\libhal_bsp.a(alt_do_dtors.o)
 .bss           0x0000000000417e28        0x0 ../NiosII_Bsp\libhal_bsp.a(alt_errno.o)
 .bss           0x0000000000417e28        0x0 ../NiosII_Bsp\libhal_bsp.a(alt_exception_entry.o)
 .bss           0x0000000000417e28        0x0 ../NiosII_Bsp\libhal_bsp.a(alt_flash_dev.o)
 .bss           0x0000000000417e28        0x0 ../NiosII_Bsp\libhal_bsp.a(alt_icache_flush_all.o)
 .bss           0x0000000000417e28        0x0 ../NiosII_Bsp\libhal_bsp.a(alt_instruction_exception_entry.o)
 .bss           0x0000000000417e28        0x0 ../NiosII_Bsp\libhal_bsp.a(alt_io_redirect.o)
 .bss           0x0000000000417e28        0x0 ../NiosII_Bsp\libhal_bsp.a(alt_open.o)
 .bss           0x0000000000417e28        0x0 ../NiosII_Bsp\libhal_bsp.a(alt_release_fd.o)
 .bss           0x0000000000417e28        0x0 ../NiosII_Bsp\libhal_bsp.a(alt_tick.o)
 .bss           0x0000000000417e28        0x0 ../NiosII_Bsp\libhal_bsp.a(altera_nios2_gen2_irq.o)
 .bss           0x0000000000417e28        0x0 ../NiosII_Bsp\libhal_bsp.a(altera_avalon_spi.o)
 .bss           0x0000000000417e28        0x0 ../NiosII_Bsp\libhal_bsp.a(alt_find_dev.o)
 .bss           0x0000000000417e28        0x0 ../NiosII_Bsp\libhal_bsp.a(alt_find_file.o)
 .bss           0x0000000000417e28        0x0 ../NiosII_Bsp\libhal_bsp.a(alt_get_fd.o)
 .bss           0x0000000000417e28        0x0 c:/altera_lite/15.1/nios2eds/bin/gnu/h-x86_64-mingw32/bin/../lib/gcc/nios2-elf/4.9.2/../../../../../H-x86_64-mingw32/nios2-elf/lib/mno-hw-mul\libsmallc.a(lib_a-atexit.o)
 .bss           0x0000000000417e28        0x0 c:/altera_lite/15.1/nios2eds/bin/gnu/h-x86_64-mingw32/bin/../lib/gcc/nios2-elf/4.9.2/../../../../../H-x86_64-mingw32/nios2-elf/lib/mno-hw-mul\libsmallc.a(lib_a-exit.o)
 .bss           0x0000000000417e28        0x0 c:/altera_lite/15.1/nios2eds/bin/gnu/h-x86_64-mingw32/bin/../lib/gcc/nios2-elf/4.9.2/../../../../../H-x86_64-mingw32/nios2-elf/lib/mno-hw-mul\libsmallc.a(lib_a-int_errno.o)
 .bss           0x0000000000417e28        0x0 c:/altera_lite/15.1/nios2eds/bin/gnu/h-x86_64-mingw32/bin/../lib/gcc/nios2-elf/4.9.2/../../../../../H-x86_64-mingw32/nios2-elf/lib/mno-hw-mul\libsmallc.a(lib_a-memcmp.o)
 .bss           0x0000000000417e28        0x0 c:/altera_lite/15.1/nios2eds/bin/gnu/h-x86_64-mingw32/bin/../lib/gcc/nios2-elf/4.9.2/../../../../../H-x86_64-mingw32/nios2-elf/lib/mno-hw-mul\libsmallc.a(lib_a-__atexit.o)
 .bss           0x0000000000417e28        0x0 c:/altera_lite/15.1/nios2eds/bin/gnu/h-x86_64-mingw32/bin/../lib/gcc/nios2-elf/4.9.2/../../../../../H-x86_64-mingw32/nios2-elf/lib/mno-hw-mul\libsmallc.a(lib_a-__call_atexit.o)
 .bss           0x0000000000417e28        0x0 ../NiosII_Bsp\libhal_bsp.a(alt_exit.o)
 *(COMMON)
 COMMON         0x0000000000417e28       0x60 obj/default/src/LIB_HW/Core/Hw_Uart.o
                0x0000000000417e28                Hw_Uart_Ch
 COMMON         0x0000000000417e88      0x112 obj/default/src/LIB_HW/Core/Hw_Uart_Q.o
                0x0000000000417e88                Hw_Uart_Q_Buffer
                0x0000000000417f70                Hw_Uart_Q_Size
                0x0000000000417f7e                Hw_Uart_Q_End
                0x0000000000417f8c                Hw_Uart_Q_Start
 *fill*         0x0000000000417f9a        0x2 
 COMMON         0x0000000000417f9c      0x100 ../NiosII_Bsp\libhal_bsp.a(alt_irq_handler.o)
                0x0000000000417f9c                alt_irq
                0x000000000041809c                . = ALIGN (0x4)
                0x000000000041809c                __bss_end = ABSOLUTE (.)

.epcs_flash_controller_0
                0x0000000000021000        0x0 load address 0x000000000041809c
                0x0000000000021000                PROVIDE (_alt_partition_epcs_flash_controller_0_start, ABSOLUTE (.))
 *(.epcs_flash_controller_0 .epcs_flash_controller_0. epcs_flash_controller_0.*)
                0x0000000000021000                . = ALIGN (0x4)
                0x0000000000021000                PROVIDE (_alt_partition_epcs_flash_controller_0_end, ABSOLUTE (.))
                0x000000000041809c                PROVIDE (_alt_partition_epcs_flash_controller_0_load_addr, LOADADDR (.epcs_flash_controller_0))

.onchip_memory2_0
                0x000000000041809c        0x0
                0x000000000041809c                PROVIDE (_alt_partition_onchip_memory2_0_start, ABSOLUTE (.))
 *(.onchip_memory2_0 .onchip_memory2_0. onchip_memory2_0.*)
                0x000000000041809c                . = ALIGN (0x4)
                0x000000000041809c                PROVIDE (_alt_partition_onchip_memory2_0_end, ABSOLUTE (.))
                0x000000000041809c                _end = ABSOLUTE (.)
                0x000000000041809c                end = ABSOLUTE (.)
                0x000000000041809c                __alt_stack_base = ABSOLUTE (.)
                0x000000000041809c                PROVIDE (_alt_partition_onchip_memory2_0_load_addr, LOADADDR (.onchip_memory2_0))

.stab
 *(.stab)

.stabstr
 *(.stabstr)

.stab.excl
 *(.stab.excl)

.stab.exclstr
 *(.stab.exclstr)

.stab.index
 *(.stab.index)

.stab.indexstr
 *(.stab.indexstr)

.comment        0x0000000000000000       0x23
 *(.comment)
 .comment       0x0000000000000000       0x23 obj/default/src/LIB_AP/Ap.o
                                         0x24 (size before relaxing)
 .comment       0x0000000000000000       0x24 obj/default/src/LIB_AP/Lib/MSP.o
 .comment       0x0000000000000000       0x24 obj/default/src/LIB_HW/Core/Hw_DcMotor.o
 .comment       0x0000000000000000       0x24 obj/default/src/LIB_HW/Core/Hw_ISR.o
 .comment       0x0000000000000000       0x24 obj/default/src/LIB_HW/Core/Hw_Pwm.o
 .comment       0x0000000000000000       0x24 obj/default/src/LIB_HW/Core/Hw_Timer.o
 .comment       0x0000000000000000       0x24 obj/default/src/LIB_HW/Core/Hw_Uart.o
 .comment       0x0000000000000000       0x24 obj/default/src/LIB_HW/Core/Hw_Uart_Q.o
 .comment       0x0000000000000000       0x24 obj/default/src/LIB_HW/Driver/Hw_Led.o
 .comment       0x0000000000000000       0x24 obj/default/src/LIB_HW/Hw.o
 .comment       0x0000000000000000       0x24 obj/default/src/LIB_LB/Lb_Printf.o
 .comment       0x0000000000000000       0x24 obj/default/src/LIB_LB/Lb_Util.o
 .comment       0x0000000000000000       0x24 obj/default/src/main.o
 .comment       0x0000000000000000       0x24 c:/altera_lite/15.1/nios2eds/bin/gnu/h-x86_64-mingw32/bin/../lib/gcc/nios2-elf/4.9.2/mno-hw-mul\libgcc.a(lib2-divmod.o)
 .comment       0x0000000000000000       0x24 c:/altera_lite/15.1/nios2eds/bin/gnu/h-x86_64-mingw32/bin/../lib/gcc/nios2-elf/4.9.2/mno-hw-mul\libgcc.a(lib2-mul.o)
 .comment       0x0000000000000000       0x24 c:/altera_lite/15.1/nios2eds/bin/gnu/h-x86_64-mingw32/bin/../lib/gcc/nios2-elf/4.9.2/mno-hw-mul\libgcc.a(addsf3.o)
 .comment       0x0000000000000000       0x24 c:/altera_lite/15.1/nios2eds/bin/gnu/h-x86_64-mingw32/bin/../lib/gcc/nios2-elf/4.9.2/mno-hw-mul\libgcc.a(divsf3.o)
 .comment       0x0000000000000000       0x24 c:/altera_lite/15.1/nios2eds/bin/gnu/h-x86_64-mingw32/bin/../lib/gcc/nios2-elf/4.9.2/mno-hw-mul\libgcc.a(subsf3.o)
 .comment       0x0000000000000000       0x24 c:/altera_lite/15.1/nios2eds/bin/gnu/h-x86_64-mingw32/bin/../lib/gcc/nios2-elf/4.9.2/mno-hw-mul\libgcc.a(fixsfsi.o)
 .comment       0x0000000000000000       0x24 c:/altera_lite/15.1/nios2eds/bin/gnu/h-x86_64-mingw32/bin/../lib/gcc/nios2-elf/4.9.2/mno-hw-mul\libgcc.a(floatsisf.o)
 .comment       0x0000000000000000       0x24 c:/altera_lite/15.1/nios2eds/bin/gnu/h-x86_64-mingw32/bin/../lib/gcc/nios2-elf/4.9.2/mno-hw-mul\libgcc.a(_clzsi2.o)
 .comment       0x0000000000000000       0x24 c:/altera_lite/15.1/nios2eds/bin/gnu/h-x86_64-mingw32/bin/../lib/gcc/nios2-elf/4.9.2/mno-hw-mul\libgcc.a(_clz.o)
 .comment       0x0000000000000000       0x24 c:/altera_lite/15.1/nios2eds/bin/gnu/h-x86_64-mingw32/bin/../lib/gcc/nios2-elf/4.9.2/../../../../../H-x86_64-mingw32/nios2-elf/lib/mno-hw-mul\libsmallc.a(lib_a-vsprintf.o)
 .comment       0x0000000000000000       0x24 c:/altera_lite/15.1/nios2eds/bin/gnu/h-x86_64-mingw32/bin/../lib/gcc/nios2-elf/4.9.2/../../../../../H-x86_64-mingw32/nios2-elf/lib/mno-hw-mul\libsmallc.a(lib_a-fvwrite_small_str.o)
 .comment       0x0000000000000000       0x24 c:/altera_lite/15.1/nios2eds/bin/gnu/h-x86_64-mingw32/bin/../lib/gcc/nios2-elf/4.9.2/../../../../../H-x86_64-mingw32/nios2-elf/lib/mno-hw-mul\libsmallc.a(lib_a-impure.o)
 .comment       0x0000000000000000       0x24 c:/altera_lite/15.1/nios2eds/bin/gnu/h-x86_64-mingw32/bin/../lib/gcc/nios2-elf/4.9.2/../../../../../H-x86_64-mingw32/nios2-elf/lib/mno-hw-mul\libsmallc.a(lib_a-memmove.o)
 .comment       0x0000000000000000       0x24 c:/altera_lite/15.1/nios2eds/bin/gnu/h-x86_64-mingw32/bin/../lib/gcc/nios2-elf/4.9.2/../../../../../H-x86_64-mingw32/nios2-elf/lib/mno-hw-mul\libsmallc.a(lib_a-svfprintf.o)
 .comment       0x0000000000000000       0x24 c:/altera_lite/15.1/nios2eds/bin/gnu/h-x86_64-mingw32/bin/../lib/gcc/nios2-elf/4.9.2/../../../../../H-x86_64-mingw32/nios2-elf/lib/mno-hw-mul\libsmallc.a(lib_a-strlen.o)
 .comment       0x0000000000000000       0x24 ../NiosII_Bsp\libhal_bsp.a(alt_iic.o)
 .comment       0x0000000000000000       0x24 ../NiosII_Bsp\libhal_bsp.a(alt_iic_isr_register.o)
 .comment       0x0000000000000000       0x24 ../NiosII_Bsp\libhal_bsp.a(alt_irq_handler.o)
 .comment       0x0000000000000000       0x24 ../NiosII_Bsp\libhal_bsp.a(alt_irq_vars.o)
 .comment       0x0000000000000000       0x24 ../NiosII_Bsp\libhal_bsp.a(alt_load.o)
 .comment       0x0000000000000000       0x24 ../NiosII_Bsp\libhal_bsp.a(alt_main.o)
 .comment       0x0000000000000000       0x24 ../NiosII_Bsp\libhal_bsp.a(alt_sys_init.o)
 .comment       0x0000000000000000       0x24 ../NiosII_Bsp\libhal_bsp.a(altera_avalon_epcs_flash_controller.o)
 .comment       0x0000000000000000       0x24 ../NiosII_Bsp\libhal_bsp.a(altera_avalon_jtag_uart_fd.o)
 .comment       0x0000000000000000       0x24 ../NiosII_Bsp\libhal_bsp.a(altera_avalon_jtag_uart_read.o)
 .comment       0x0000000000000000       0x24 ../NiosII_Bsp\libhal_bsp.a(altera_avalon_jtag_uart_write.o)
 .comment       0x0000000000000000       0x24 ../NiosII_Bsp\libhal_bsp.a(altera_avalon_timer_sc.o)
 .comment       0x0000000000000000       0x24 ../NiosII_Bsp\libhal_bsp.a(altera_avalon_timer_ts.o)
 .comment       0x0000000000000000       0x24 ../NiosII_Bsp\libhal_bsp.a(altera_avalon_timer_vars.o)
 .comment       0x0000000000000000       0x24 ../NiosII_Bsp\libhal_bsp.a(altera_avalon_uart_fd.o)
 .comment       0x0000000000000000       0x24 ../NiosII_Bsp\libhal_bsp.a(altera_avalon_uart_init.o)
 .comment       0x0000000000000000       0x24 ../NiosII_Bsp\libhal_bsp.a(altera_avalon_uart_read.o)
 .comment       0x0000000000000000       0x24 ../NiosII_Bsp\libhal_bsp.a(altera_avalon_uart_write.o)
 .comment       0x0000000000000000       0x24 ../NiosII_Bsp\libhal_bsp.a(epcs_commands.o)
 .comment       0x0000000000000000       0x24 ../NiosII_Bsp\libhal_bsp.a(alt_close.o)
 .comment       0x0000000000000000       0x24 ../NiosII_Bsp\libhal_bsp.a(alt_dcache_flush_all.o)
 .comment       0x0000000000000000       0x24 ../NiosII_Bsp\libhal_bsp.a(alt_dev.o)
 .comment       0x0000000000000000       0x24 ../NiosII_Bsp\libhal_bsp.a(alt_dev_llist_insert.o)
 .comment       0x0000000000000000       0x24 ../NiosII_Bsp\libhal_bsp.a(alt_do_ctors.o)
 .comment       0x0000000000000000       0x24 ../NiosII_Bsp\libhal_bsp.a(alt_do_dtors.o)
 .comment       0x0000000000000000       0x24 ../NiosII_Bsp\libhal_bsp.a(alt_errno.o)
 .comment       0x0000000000000000       0x24 ../NiosII_Bsp\libhal_bsp.a(alt_flash_dev.o)
 .comment       0x0000000000000000       0x24 ../NiosII_Bsp\libhal_bsp.a(alt_icache_flush_all.o)
 .comment       0x0000000000000000       0x24 ../NiosII_Bsp\libhal_bsp.a(alt_instruction_exception_entry.o)
 .comment       0x0000000000000000       0x24 ../NiosII_Bsp\libhal_bsp.a(alt_io_redirect.o)
 .comment       0x0000000000000000       0x24 ../NiosII_Bsp\libhal_bsp.a(alt_open.o)
 .comment       0x0000000000000000       0x24 ../NiosII_Bsp\libhal_bsp.a(alt_release_fd.o)
 .comment       0x0000000000000000       0x24 ../NiosII_Bsp\libhal_bsp.a(alt_tick.o)
 .comment       0x0000000000000000       0x24 ../NiosII_Bsp\libhal_bsp.a(altera_nios2_gen2_irq.o)
 .comment       0x0000000000000000       0x24 ../NiosII_Bsp\libhal_bsp.a(altera_avalon_spi.o)
 .comment       0x0000000000000000       0x24 ../NiosII_Bsp\libhal_bsp.a(alt_find_dev.o)
 .comment       0x0000000000000000       0x24 ../NiosII_Bsp\libhal_bsp.a(alt_find_file.o)
 .comment       0x0000000000000000       0x24 ../NiosII_Bsp\libhal_bsp.a(alt_get_fd.o)
 .comment       0x0000000000000000       0x24 c:/altera_lite/15.1/nios2eds/bin/gnu/h-x86_64-mingw32/bin/../lib/gcc/nios2-elf/4.9.2/../../../../../H-x86_64-mingw32/nios2-elf/lib/mno-hw-mul\libsmallc.a(lib_a-atexit.o)
 .comment       0x0000000000000000       0x24 c:/altera_lite/15.1/nios2eds/bin/gnu/h-x86_64-mingw32/bin/../lib/gcc/nios2-elf/4.9.2/../../../../../H-x86_64-mingw32/nios2-elf/lib/mno-hw-mul\libsmallc.a(lib_a-exit.o)
 .comment       0x0000000000000000       0x24 c:/altera_lite/15.1/nios2eds/bin/gnu/h-x86_64-mingw32/bin/../lib/gcc/nios2-elf/4.9.2/../../../../../H-x86_64-mingw32/nios2-elf/lib/mno-hw-mul\libsmallc.a(lib_a-int_errno.o)
 .comment       0x0000000000000000       0x24 c:/altera_lite/15.1/nios2eds/bin/gnu/h-x86_64-mingw32/bin/../lib/gcc/nios2-elf/4.9.2/../../../../../H-x86_64-mingw32/nios2-elf/lib/mno-hw-mul\libsmallc.a(lib_a-memcmp.o)
 .comment       0x0000000000000000       0x24 c:/altera_lite/15.1/nios2eds/bin/gnu/h-x86_64-mingw32/bin/../lib/gcc/nios2-elf/4.9.2/../../../../../H-x86_64-mingw32/nios2-elf/lib/mno-hw-mul\libsmallc.a(lib_a-__atexit.o)
 .comment       0x0000000000000000       0x24 c:/altera_lite/15.1/nios2eds/bin/gnu/h-x86_64-mingw32/bin/../lib/gcc/nios2-elf/4.9.2/../../../../../H-x86_64-mingw32/nios2-elf/lib/mno-hw-mul\libsmallc.a(lib_a-__call_atexit.o)
 .comment       0x0000000000000000       0x24 ../NiosII_Bsp\libhal_bsp.a(alt_exit.o)

.debug
 *(.debug)

.line
 *(.line)

.debug_srcinfo
 *(.debug_srcinfo)

.debug_sfnames
 *(.debug_sfnames)

.debug_aranges  0x0000000000000000      0x998
 *(.debug_aranges)
 .debug_aranges
                0x0000000000000000       0x28 ../NiosII_Bsp/obj/HAL/src/crt0.o
 .debug_aranges
                0x0000000000000028       0x20 obj/default/src/LIB_AP/Ap.o
 .debug_aranges
                0x0000000000000048       0x20 obj/default/src/LIB_AP/Lib/MSP.o
 .debug_aranges
                0x0000000000000068       0x20 obj/default/src/LIB_HW/Core/Hw_DcMotor.o
 .debug_aranges
                0x0000000000000088       0x20 obj/default/src/LIB_HW/Core/Hw_ISR.o
 .debug_aranges
                0x00000000000000a8       0x20 obj/default/src/LIB_HW/Core/Hw_Pwm.o
 .debug_aranges
                0x00000000000000c8       0x20 obj/default/src/LIB_HW/Core/Hw_Timer.o
 .debug_aranges
                0x00000000000000e8       0x20 obj/default/src/LIB_HW/Core/Hw_Uart.o
 .debug_aranges
                0x0000000000000108       0x20 obj/default/src/LIB_HW/Core/Hw_Uart_Q.o
 .debug_aranges
                0x0000000000000128       0x20 obj/default/src/LIB_HW/Driver/Hw_Led.o
 .debug_aranges
                0x0000000000000148       0x20 obj/default/src/LIB_HW/Hw.o
 .debug_aranges
                0x0000000000000168       0x18 obj/default/src/LIB_LB/Lb_Printf.o
 .debug_aranges
                0x0000000000000180       0x20 obj/default/src/LIB_LB/Lb_Util.o
 .debug_aranges
                0x00000000000001a0       0x20 obj/default/src/main.o
 .debug_aranges
                0x00000000000001c0       0x20 c:/altera_lite/15.1/nios2eds/bin/gnu/h-x86_64-mingw32/bin/../lib/gcc/nios2-elf/4.9.2/mno-hw-mul\libgcc.a(lib2-divmod.o)
 .debug_aranges
                0x00000000000001e0       0x20 c:/altera_lite/15.1/nios2eds/bin/gnu/h-x86_64-mingw32/bin/../lib/gcc/nios2-elf/4.9.2/mno-hw-mul\libgcc.a(lib2-mul.o)
 .debug_aranges
                0x0000000000000200       0x20 c:/altera_lite/15.1/nios2eds/bin/gnu/h-x86_64-mingw32/bin/../lib/gcc/nios2-elf/4.9.2/mno-hw-mul\libgcc.a(addsf3.o)
 .debug_aranges
                0x0000000000000220       0x20 c:/altera_lite/15.1/nios2eds/bin/gnu/h-x86_64-mingw32/bin/../lib/gcc/nios2-elf/4.9.2/mno-hw-mul\libgcc.a(divsf3.o)
 .debug_aranges
                0x0000000000000240       0x20 c:/altera_lite/15.1/nios2eds/bin/gnu/h-x86_64-mingw32/bin/../lib/gcc/nios2-elf/4.9.2/mno-hw-mul\libgcc.a(subsf3.o)
 .debug_aranges
                0x0000000000000260       0x20 c:/altera_lite/15.1/nios2eds/bin/gnu/h-x86_64-mingw32/bin/../lib/gcc/nios2-elf/4.9.2/mno-hw-mul\libgcc.a(fixsfsi.o)
 .debug_aranges
                0x0000000000000280       0x20 c:/altera_lite/15.1/nios2eds/bin/gnu/h-x86_64-mingw32/bin/../lib/gcc/nios2-elf/4.9.2/mno-hw-mul\libgcc.a(floatsisf.o)
 .debug_aranges
                0x00000000000002a0       0x20 c:/altera_lite/15.1/nios2eds/bin/gnu/h-x86_64-mingw32/bin/../lib/gcc/nios2-elf/4.9.2/mno-hw-mul\libgcc.a(_clzsi2.o)
 .debug_aranges
                0x00000000000002c0       0x18 c:/altera_lite/15.1/nios2eds/bin/gnu/h-x86_64-mingw32/bin/../lib/gcc/nios2-elf/4.9.2/mno-hw-mul\libgcc.a(_clz.o)
 .debug_aranges
                0x00000000000002d8       0x28 c:/altera_lite/15.1/nios2eds/bin/gnu/h-x86_64-mingw32/bin/../lib/gcc/nios2-elf/4.9.2/../../../../../H-x86_64-mingw32/nios2-elf/lib/mno-hw-mul\libsmallc.a(lib_a-vsprintf.o)
 .debug_aranges
                0x0000000000000300       0x20 c:/altera_lite/15.1/nios2eds/bin/gnu/h-x86_64-mingw32/bin/../lib/gcc/nios2-elf/4.9.2/../../../../../H-x86_64-mingw32/nios2-elf/lib/mno-hw-mul\libsmallc.a(lib_a-fvwrite_small_str.o)
 .debug_aranges
                0x0000000000000320       0x18 c:/altera_lite/15.1/nios2eds/bin/gnu/h-x86_64-mingw32/bin/../lib/gcc/nios2-elf/4.9.2/../../../../../H-x86_64-mingw32/nios2-elf/lib/mno-hw-mul\libsmallc.a(lib_a-impure.o)
 .debug_aranges
                0x0000000000000338       0x20 c:/altera_lite/15.1/nios2eds/bin/gnu/h-x86_64-mingw32/bin/../lib/gcc/nios2-elf/4.9.2/../../../../../H-x86_64-mingw32/nios2-elf/lib/mno-hw-mul\libsmallc.a(lib_a-memmove.o)
 .debug_aranges
                0x0000000000000358       0x30 c:/altera_lite/15.1/nios2eds/bin/gnu/h-x86_64-mingw32/bin/../lib/gcc/nios2-elf/4.9.2/../../../../../H-x86_64-mingw32/nios2-elf/lib/mno-hw-mul\libsmallc.a(lib_a-svfprintf.o)
 .debug_aranges
                0x0000000000000388       0x20 c:/altera_lite/15.1/nios2eds/bin/gnu/h-x86_64-mingw32/bin/../lib/gcc/nios2-elf/4.9.2/../../../../../H-x86_64-mingw32/nios2-elf/lib/mno-hw-mul\libsmallc.a(lib_a-strlen.o)
 .debug_aranges
                0x00000000000003a8       0x20 ../NiosII_Bsp\libhal_bsp.a(alt_iic.o)
 .debug_aranges
                0x00000000000003c8       0x20 ../NiosII_Bsp\libhal_bsp.a(alt_iic_isr_register.o)
 .debug_aranges
                0x00000000000003e8       0x30 ../NiosII_Bsp\libhal_bsp.a(alt_irq_entry.o)
 .debug_aranges
                0x0000000000000418       0x20 ../NiosII_Bsp\libhal_bsp.a(alt_irq_handler.o)
 .debug_aranges
                0x0000000000000438       0x18 ../NiosII_Bsp\libhal_bsp.a(alt_irq_vars.o)
 .debug_aranges
                0x0000000000000450       0x20 ../NiosII_Bsp\libhal_bsp.a(alt_load.o)
 .debug_aranges
                0x0000000000000470       0x20 ../NiosII_Bsp\libhal_bsp.a(alt_main.o)
 .debug_aranges
                0x0000000000000490       0x20 ../NiosII_Bsp\libhal_bsp.a(alt_sys_init.o)
 .debug_aranges
                0x00000000000004b0       0x20 ../NiosII_Bsp\libhal_bsp.a(altera_avalon_epcs_flash_controller.o)
 .debug_aranges
                0x00000000000004d0       0x20 ../NiosII_Bsp\libhal_bsp.a(altera_avalon_jtag_uart_fd.o)
 .debug_aranges
                0x00000000000004f0       0x20 ../NiosII_Bsp\libhal_bsp.a(altera_avalon_jtag_uart_read.o)
 .debug_aranges
                0x0000000000000510       0x20 ../NiosII_Bsp\libhal_bsp.a(altera_avalon_jtag_uart_write.o)
 .debug_aranges
                0x0000000000000530       0x20 ../NiosII_Bsp\libhal_bsp.a(altera_avalon_timer_sc.o)
 .debug_aranges
                0x0000000000000550       0x20 ../NiosII_Bsp\libhal_bsp.a(altera_avalon_timer_ts.o)
 .debug_aranges
                0x0000000000000570       0x18 ../NiosII_Bsp\libhal_bsp.a(altera_avalon_timer_vars.o)
 .debug_aranges
                0x0000000000000588       0x20 ../NiosII_Bsp\libhal_bsp.a(altera_avalon_uart_fd.o)
 .debug_aranges
                0x00000000000005a8       0x20 ../NiosII_Bsp\libhal_bsp.a(altera_avalon_uart_init.o)
 .debug_aranges
                0x00000000000005c8       0x20 ../NiosII_Bsp\libhal_bsp.a(altera_avalon_uart_read.o)
 .debug_aranges
                0x00000000000005e8       0x20 ../NiosII_Bsp\libhal_bsp.a(altera_avalon_uart_write.o)
 .debug_aranges
                0x0000000000000608       0x20 ../NiosII_Bsp\libhal_bsp.a(epcs_commands.o)
 .debug_aranges
                0x0000000000000628       0x20 ../NiosII_Bsp\libhal_bsp.a(alt_close.o)
 .debug_aranges
                0x0000000000000648       0x20 ../NiosII_Bsp\libhal_bsp.a(alt_dcache_flush_all.o)
 .debug_aranges
                0x0000000000000668       0x20 ../NiosII_Bsp\libhal_bsp.a(alt_dev.o)
 .debug_aranges
                0x0000000000000688       0x20 ../NiosII_Bsp\libhal_bsp.a(alt_dev_llist_insert.o)
 .debug_aranges
                0x00000000000006a8       0x20 ../NiosII_Bsp\libhal_bsp.a(alt_do_ctors.o)
 .debug_aranges
                0x00000000000006c8       0x20 ../NiosII_Bsp\libhal_bsp.a(alt_do_dtors.o)
 .debug_aranges
                0x00000000000006e8       0x18 ../NiosII_Bsp\libhal_bsp.a(alt_errno.o)
 .debug_aranges
                0x0000000000000700       0x38 ../NiosII_Bsp\libhal_bsp.a(alt_exception_entry.o)
 .debug_aranges
                0x0000000000000738       0x20 ../NiosII_Bsp\libhal_bsp.a(alt_flash_dev.o)
 .debug_aranges
                0x0000000000000758       0x20 ../NiosII_Bsp\libhal_bsp.a(alt_icache_flush_all.o)
 .debug_aranges
                0x0000000000000778       0x28 ../NiosII_Bsp\libhal_bsp.a(alt_instruction_exception_entry.o)
 .debug_aranges
                0x00000000000007a0       0x20 ../NiosII_Bsp\libhal_bsp.a(alt_io_redirect.o)
 .debug_aranges
                0x00000000000007c0       0x20 ../NiosII_Bsp\libhal_bsp.a(alt_open.o)
 .debug_aranges
                0x00000000000007e0       0x20 ../NiosII_Bsp\libhal_bsp.a(alt_release_fd.o)
 .debug_aranges
                0x0000000000000800       0x20 ../NiosII_Bsp\libhal_bsp.a(alt_tick.o)
 .debug_aranges
                0x0000000000000820       0x20 ../NiosII_Bsp\libhal_bsp.a(altera_nios2_gen2_irq.o)
 .debug_aranges
                0x0000000000000840       0x20 ../NiosII_Bsp\libhal_bsp.a(altera_avalon_spi.o)
 .debug_aranges
                0x0000000000000860       0x20 ../NiosII_Bsp\libhal_bsp.a(alt_find_dev.o)
 .debug_aranges
                0x0000000000000880       0x20 ../NiosII_Bsp\libhal_bsp.a(alt_find_file.o)
 .debug_aranges
                0x00000000000008a0       0x20 ../NiosII_Bsp\libhal_bsp.a(alt_get_fd.o)
 .debug_aranges
                0x00000000000008c0       0x20 c:/altera_lite/15.1/nios2eds/bin/gnu/h-x86_64-mingw32/bin/../lib/gcc/nios2-elf/4.9.2/../../../../../H-x86_64-mingw32/nios2-elf/lib/mno-hw-mul\libsmallc.a(lib_a-atexit.o)
 .debug_aranges
                0x00000000000008e0       0x20 c:/altera_lite/15.1/nios2eds/bin/gnu/h-x86_64-mingw32/bin/../lib/gcc/nios2-elf/4.9.2/../../../../../H-x86_64-mingw32/nios2-elf/lib/mno-hw-mul\libsmallc.a(lib_a-exit.o)
 .debug_aranges
                0x0000000000000900       0x18 c:/altera_lite/15.1/nios2eds/bin/gnu/h-x86_64-mingw32/bin/../lib/gcc/nios2-elf/4.9.2/../../../../../H-x86_64-mingw32/nios2-elf/lib/mno-hw-mul\libsmallc.a(lib_a-int_errno.o)
 .debug_aranges
                0x0000000000000918       0x20 c:/altera_lite/15.1/nios2eds/bin/gnu/h-x86_64-mingw32/bin/../lib/gcc/nios2-elf/4.9.2/../../../../../H-x86_64-mingw32/nios2-elf/lib/mno-hw-mul\libsmallc.a(lib_a-memcmp.o)
 .debug_aranges
                0x0000000000000938       0x20 c:/altera_lite/15.1/nios2eds/bin/gnu/h-x86_64-mingw32/bin/../lib/gcc/nios2-elf/4.9.2/../../../../../H-x86_64-mingw32/nios2-elf/lib/mno-hw-mul\libsmallc.a(lib_a-__atexit.o)
 .debug_aranges
                0x0000000000000958       0x20 c:/altera_lite/15.1/nios2eds/bin/gnu/h-x86_64-mingw32/bin/../lib/gcc/nios2-elf/4.9.2/../../../../../H-x86_64-mingw32/nios2-elf/lib/mno-hw-mul\libsmallc.a(lib_a-__call_atexit.o)
 .debug_aranges
                0x0000000000000978       0x20 ../NiosII_Bsp\libhal_bsp.a(alt_exit.o)

.debug_pubnames
 *(.debug_pubnames)

.debug_info     0x0000000000000000     0xbfc9
 *(.debug_info .gnu.linkonce.wi.*)
 .debug_info    0x0000000000000000       0x7e ../NiosII_Bsp/obj/HAL/src/crt0.o
 .debug_info    0x000000000000007e       0xd3 obj/default/src/LIB_AP/Ap.o
 .debug_info    0x0000000000000151      0x3c8 obj/default/src/LIB_AP/Lib/MSP.o
 .debug_info    0x0000000000000519      0x22e obj/default/src/LIB_HW/Core/Hw_DcMotor.o
 .debug_info    0x0000000000000747       0xe2 obj/default/src/LIB_HW/Core/Hw_ISR.o
 .debug_info    0x0000000000000829      0x1c0 obj/default/src/LIB_HW/Core/Hw_Pwm.o
 .debug_info    0x00000000000009e9      0x3f3 obj/default/src/LIB_HW/Core/Hw_Timer.o
 .debug_info    0x0000000000000ddc      0x472 obj/default/src/LIB_HW/Core/Hw_Uart.o
 .debug_info    0x000000000000124e      0x253 obj/default/src/LIB_HW/Core/Hw_Uart_Q.o
 .debug_info    0x00000000000014a1      0x1bb obj/default/src/LIB_HW/Driver/Hw_Led.o
 .debug_info    0x000000000000165c      0x161 obj/default/src/LIB_HW/Hw.o
 .debug_info    0x00000000000017bd       0xba obj/default/src/LIB_LB/Lb_Printf.o
 .debug_info    0x0000000000001877       0xfc obj/default/src/LIB_LB/Lb_Util.o
 .debug_info    0x0000000000001973      0x1b1 obj/default/src/main.o
 .debug_info    0x0000000000001b24      0x234 c:/altera_lite/15.1/nios2eds/bin/gnu/h-x86_64-mingw32/bin/../lib/gcc/nios2-elf/4.9.2/mno-hw-mul\libgcc.a(lib2-divmod.o)
 .debug_info    0x0000000000001d58       0xb4 c:/altera_lite/15.1/nios2eds/bin/gnu/h-x86_64-mingw32/bin/../lib/gcc/nios2-elf/4.9.2/mno-hw-mul\libgcc.a(lib2-mul.o)
 .debug_info    0x0000000000001e0c      0x2b7 c:/altera_lite/15.1/nios2eds/bin/gnu/h-x86_64-mingw32/bin/../lib/gcc/nios2-elf/4.9.2/mno-hw-mul\libgcc.a(addsf3.o)
 .debug_info    0x00000000000020c3      0x2b7 c:/altera_lite/15.1/nios2eds/bin/gnu/h-x86_64-mingw32/bin/../lib/gcc/nios2-elf/4.9.2/mno-hw-mul\libgcc.a(divsf3.o)
 .debug_info    0x000000000000237a      0x2b7 c:/altera_lite/15.1/nios2eds/bin/gnu/h-x86_64-mingw32/bin/../lib/gcc/nios2-elf/4.9.2/mno-hw-mul\libgcc.a(subsf3.o)
 .debug_info    0x0000000000002631      0x188 c:/altera_lite/15.1/nios2eds/bin/gnu/h-x86_64-mingw32/bin/../lib/gcc/nios2-elf/4.9.2/mno-hw-mul\libgcc.a(fixsfsi.o)
 .debug_info    0x00000000000027b9      0x1c5 c:/altera_lite/15.1/nios2eds/bin/gnu/h-x86_64-mingw32/bin/../lib/gcc/nios2-elf/4.9.2/mno-hw-mul\libgcc.a(floatsisf.o)
 .debug_info    0x000000000000297e      0x119 c:/altera_lite/15.1/nios2eds/bin/gnu/h-x86_64-mingw32/bin/../lib/gcc/nios2-elf/4.9.2/mno-hw-mul\libgcc.a(_clzsi2.o)
 .debug_info    0x0000000000002a97       0xab c:/altera_lite/15.1/nios2eds/bin/gnu/h-x86_64-mingw32/bin/../lib/gcc/nios2-elf/4.9.2/mno-hw-mul\libgcc.a(_clz.o)
 .debug_info    0x0000000000002b42      0x792 c:/altera_lite/15.1/nios2eds/bin/gnu/h-x86_64-mingw32/bin/../lib/gcc/nios2-elf/4.9.2/../../../../../H-x86_64-mingw32/nios2-elf/lib/mno-hw-mul\libsmallc.a(lib_a-vsprintf.o)
 .debug_info    0x00000000000032d4      0x710 c:/altera_lite/15.1/nios2eds/bin/gnu/h-x86_64-mingw32/bin/../lib/gcc/nios2-elf/4.9.2/../../../../../H-x86_64-mingw32/nios2-elf/lib/mno-hw-mul\libsmallc.a(lib_a-fvwrite_small_str.o)
 .debug_info    0x00000000000039e4      0x5a7 c:/altera_lite/15.1/nios2eds/bin/gnu/h-x86_64-mingw32/bin/../lib/gcc/nios2-elf/4.9.2/../../../../../H-x86_64-mingw32/nios2-elf/lib/mno-hw-mul\libsmallc.a(lib_a-impure.o)
 .debug_info    0x0000000000003f8b      0x104 c:/altera_lite/15.1/nios2eds/bin/gnu/h-x86_64-mingw32/bin/../lib/gcc/nios2-elf/4.9.2/../../../../../H-x86_64-mingw32/nios2-elf/lib/mno-hw-mul\libsmallc.a(lib_a-memmove.o)
 .debug_info    0x000000000000408f      0xb38 c:/altera_lite/15.1/nios2eds/bin/gnu/h-x86_64-mingw32/bin/../lib/gcc/nios2-elf/4.9.2/../../../../../H-x86_64-mingw32/nios2-elf/lib/mno-hw-mul\libsmallc.a(lib_a-svfprintf.o)
 .debug_info    0x0000000000004bc7       0xc2 c:/altera_lite/15.1/nios2eds/bin/gnu/h-x86_64-mingw32/bin/../lib/gcc/nios2-elf/4.9.2/../../../../../H-x86_64-mingw32/nios2-elf/lib/mno-hw-mul\libsmallc.a(lib_a-strlen.o)
 .debug_info    0x0000000000004c89      0x349 ../NiosII_Bsp\libhal_bsp.a(alt_iic.o)
 .debug_info    0x0000000000004fd2      0x1e8 ../NiosII_Bsp\libhal_bsp.a(alt_iic_isr_register.o)
 .debug_info    0x00000000000051ba       0x87 ../NiosII_Bsp\libhal_bsp.a(alt_irq_entry.o)
 .debug_info    0x0000000000005241      0x180 ../NiosII_Bsp\libhal_bsp.a(alt_irq_handler.o)
 .debug_info    0x00000000000053c1       0x88 ../NiosII_Bsp\libhal_bsp.a(alt_irq_vars.o)
 .debug_info    0x0000000000005449      0x13e ../NiosII_Bsp\libhal_bsp.a(alt_load.o)
 .debug_info    0x0000000000005587      0x12a ../NiosII_Bsp\libhal_bsp.a(alt_main.o)
 .debug_info    0x00000000000056b1      0x7ae ../NiosII_Bsp\libhal_bsp.a(alt_sys_init.o)
 .debug_info    0x0000000000005e5f      0x86b ../NiosII_Bsp\libhal_bsp.a(altera_avalon_epcs_flash_controller.o)
 .debug_info    0x00000000000066ca      0x3a0 ../NiosII_Bsp\libhal_bsp.a(altera_avalon_jtag_uart_fd.o)
 .debug_info    0x0000000000006a6a      0x1af ../NiosII_Bsp\libhal_bsp.a(altera_avalon_jtag_uart_read.o)
 .debug_info    0x0000000000006c19      0x18e ../NiosII_Bsp\libhal_bsp.a(altera_avalon_jtag_uart_write.o)
 .debug_info    0x0000000000006da7      0x21f ../NiosII_Bsp\libhal_bsp.a(altera_avalon_timer_sc.o)
 .debug_info    0x0000000000006fc6      0x174 ../NiosII_Bsp\libhal_bsp.a(altera_avalon_timer_ts.o)
 .debug_info    0x000000000000713a       0xe2 ../NiosII_Bsp\libhal_bsp.a(altera_avalon_timer_vars.o)
 .debug_info    0x000000000000721c      0x440 ../NiosII_Bsp\libhal_bsp.a(altera_avalon_uart_fd.o)
 .debug_info    0x000000000000765c      0x32c ../NiosII_Bsp\libhal_bsp.a(altera_avalon_uart_init.o)
 .debug_info    0x0000000000007988      0x312 ../NiosII_Bsp\libhal_bsp.a(altera_avalon_uart_read.o)
 .debug_info    0x0000000000007c9a      0x317 ../NiosII_Bsp\libhal_bsp.a(altera_avalon_uart_write.o)
 .debug_info    0x0000000000007fb1      0x448 ../NiosII_Bsp\libhal_bsp.a(epcs_commands.o)
 .debug_info    0x00000000000083f9      0x31a ../NiosII_Bsp\libhal_bsp.a(alt_close.o)
 .debug_info    0x0000000000008713       0x8b ../NiosII_Bsp\libhal_bsp.a(alt_dcache_flush_all.o)
 .debug_info    0x000000000000879e      0x495 ../NiosII_Bsp\libhal_bsp.a(alt_dev.o)
 .debug_info    0x0000000000008c33      0x1a2 ../NiosII_Bsp\libhal_bsp.a(alt_dev_llist_insert.o)
 .debug_info    0x0000000000008dd5       0x83 ../NiosII_Bsp\libhal_bsp.a(alt_do_ctors.o)
 .debug_info    0x0000000000008e58       0x83 ../NiosII_Bsp\libhal_bsp.a(alt_do_dtors.o)
 .debug_info    0x0000000000008edb       0x9f ../NiosII_Bsp\libhal_bsp.a(alt_errno.o)
 .debug_info    0x0000000000008f7a       0x8d ../NiosII_Bsp\libhal_bsp.a(alt_exception_entry.o)
 .debug_info    0x0000000000009007      0x3d0 ../NiosII_Bsp\libhal_bsp.a(alt_flash_dev.o)
 .debug_info    0x00000000000093d7       0x8b ../NiosII_Bsp\libhal_bsp.a(alt_icache_flush_all.o)
 .debug_info    0x0000000000009462      0x1d8 ../NiosII_Bsp\libhal_bsp.a(alt_instruction_exception_entry.o)
 .debug_info    0x000000000000963a      0x49e ../NiosII_Bsp\libhal_bsp.a(alt_io_redirect.o)
 .debug_info    0x0000000000009ad8      0x3b4 ../NiosII_Bsp\libhal_bsp.a(alt_open.o)
 .debug_info    0x0000000000009e8c      0x2b0 ../NiosII_Bsp\libhal_bsp.a(alt_release_fd.o)
 .debug_info    0x000000000000a13c      0x292 ../NiosII_Bsp\libhal_bsp.a(alt_tick.o)
 .debug_info    0x000000000000a3ce       0x8b ../NiosII_Bsp\libhal_bsp.a(altera_nios2_gen2_irq.o)
 .debug_info    0x000000000000a459      0x186 ../NiosII_Bsp\libhal_bsp.a(altera_avalon_spi.o)
 .debug_info    0x000000000000a5df      0x2e2 ../NiosII_Bsp\libhal_bsp.a(alt_find_dev.o)
 .debug_info    0x000000000000a8c1      0x2df ../NiosII_Bsp\libhal_bsp.a(alt_find_file.o)
 .debug_info    0x000000000000aba0      0x309 ../NiosII_Bsp\libhal_bsp.a(alt_get_fd.o)
 .debug_info    0x000000000000aea9      0x10a c:/altera_lite/15.1/nios2eds/bin/gnu/h-x86_64-mingw32/bin/../lib/gcc/nios2-elf/4.9.2/../../../../../H-x86_64-mingw32/nios2-elf/lib/mno-hw-mul\libsmallc.a(lib_a-atexit.o)
 .debug_info    0x000000000000afb3       0xed c:/altera_lite/15.1/nios2eds/bin/gnu/h-x86_64-mingw32/bin/../lib/gcc/nios2-elf/4.9.2/../../../../../H-x86_64-mingw32/nios2-elf/lib/mno-hw-mul\libsmallc.a(lib_a-exit.o)
 .debug_info    0x000000000000b0a0       0x83 c:/altera_lite/15.1/nios2eds/bin/gnu/h-x86_64-mingw32/bin/../lib/gcc/nios2-elf/4.9.2/../../../../../H-x86_64-mingw32/nios2-elf/lib/mno-hw-mul\libsmallc.a(lib_a-int_errno.o)
 .debug_info    0x000000000000b123       0xed c:/altera_lite/15.1/nios2eds/bin/gnu/h-x86_64-mingw32/bin/../lib/gcc/nios2-elf/4.9.2/../../../../../H-x86_64-mingw32/nios2-elf/lib/mno-hw-mul\libsmallc.a(lib_a-memcmp.o)
 .debug_info    0x000000000000b210      0x655 c:/altera_lite/15.1/nios2eds/bin/gnu/h-x86_64-mingw32/bin/../lib/gcc/nios2-elf/4.9.2/../../../../../H-x86_64-mingw32/nios2-elf/lib/mno-hw-mul\libsmallc.a(lib_a-__atexit.o)
 .debug_info    0x000000000000b865      0x67f c:/altera_lite/15.1/nios2eds/bin/gnu/h-x86_64-mingw32/bin/../lib/gcc/nios2-elf/4.9.2/../../../../../H-x86_64-mingw32/nios2-elf/lib/mno-hw-mul\libsmallc.a(lib_a-__call_atexit.o)
 .debug_info    0x000000000000bee4       0xe5 ../NiosII_Bsp\libhal_bsp.a(alt_exit.o)

.debug_abbrev   0x0000000000000000     0x498e
 *(.debug_abbrev)
 .debug_abbrev  0x0000000000000000       0x12 ../NiosII_Bsp/obj/HAL/src/crt0.o
 .debug_abbrev  0x0000000000000012       0x87 obj/default/src/LIB_AP/Ap.o
 .debug_abbrev  0x0000000000000099      0x1be obj/default/src/LIB_AP/Lib/MSP.o
 .debug_abbrev  0x0000000000000257      0x100 obj/default/src/LIB_HW/Core/Hw_DcMotor.o
 .debug_abbrev  0x0000000000000357       0x96 obj/default/src/LIB_HW/Core/Hw_ISR.o
 .debug_abbrev  0x00000000000003ed       0xdd obj/default/src/LIB_HW/Core/Hw_Pwm.o
 .debug_abbrev  0x00000000000004ca      0x1e7 obj/default/src/LIB_HW/Core/Hw_Timer.o
 .debug_abbrev  0x00000000000006b1      0x213 obj/default/src/LIB_HW/Core/Hw_Uart.o
 .debug_abbrev  0x00000000000008c4      0x11e obj/default/src/LIB_HW/Core/Hw_Uart_Q.o
 .debug_abbrev  0x00000000000009e2       0xf1 obj/default/src/LIB_HW/Driver/Hw_Led.o
 .debug_abbrev  0x0000000000000ad3      0x107 obj/default/src/LIB_HW/Hw.o
 .debug_abbrev  0x0000000000000bda       0x6b obj/default/src/LIB_LB/Lb_Printf.o
 .debug_abbrev  0x0000000000000c45       0xb7 obj/default/src/LIB_LB/Lb_Util.o
 .debug_abbrev  0x0000000000000cfc      0x110 obj/default/src/main.o
 .debug_abbrev  0x0000000000000e0c       0xd9 c:/altera_lite/15.1/nios2eds/bin/gnu/h-x86_64-mingw32/bin/../lib/gcc/nios2-elf/4.9.2/mno-hw-mul\libgcc.a(lib2-divmod.o)
 .debug_abbrev  0x0000000000000ee5       0x6f c:/altera_lite/15.1/nios2eds/bin/gnu/h-x86_64-mingw32/bin/../lib/gcc/nios2-elf/4.9.2/mno-hw-mul\libgcc.a(lib2-mul.o)
 .debug_abbrev  0x0000000000000f54      0x13a c:/altera_lite/15.1/nios2eds/bin/gnu/h-x86_64-mingw32/bin/../lib/gcc/nios2-elf/4.9.2/mno-hw-mul\libgcc.a(addsf3.o)
 .debug_abbrev  0x000000000000108e      0x120 c:/altera_lite/15.1/nios2eds/bin/gnu/h-x86_64-mingw32/bin/../lib/gcc/nios2-elf/4.9.2/mno-hw-mul\libgcc.a(divsf3.o)
 .debug_abbrev  0x00000000000011ae      0x13c c:/altera_lite/15.1/nios2eds/bin/gnu/h-x86_64-mingw32/bin/../lib/gcc/nios2-elf/4.9.2/mno-hw-mul\libgcc.a(subsf3.o)
 .debug_abbrev  0x00000000000012ea      0x10c c:/altera_lite/15.1/nios2eds/bin/gnu/h-x86_64-mingw32/bin/../lib/gcc/nios2-elf/4.9.2/mno-hw-mul\libgcc.a(fixsfsi.o)
 .debug_abbrev  0x00000000000013f6      0x12b c:/altera_lite/15.1/nios2eds/bin/gnu/h-x86_64-mingw32/bin/../lib/gcc/nios2-elf/4.9.2/mno-hw-mul\libgcc.a(floatsisf.o)
 .debug_abbrev  0x0000000000001521       0xaf c:/altera_lite/15.1/nios2eds/bin/gnu/h-x86_64-mingw32/bin/../lib/gcc/nios2-elf/4.9.2/mno-hw-mul\libgcc.a(_clzsi2.o)
 .debug_abbrev  0x00000000000015d0       0x5d c:/altera_lite/15.1/nios2eds/bin/gnu/h-x86_64-mingw32/bin/../lib/gcc/nios2-elf/4.9.2/mno-hw-mul\libgcc.a(_clz.o)
 .debug_abbrev  0x000000000000162d      0x1ec c:/altera_lite/15.1/nios2eds/bin/gnu/h-x86_64-mingw32/bin/../lib/gcc/nios2-elf/4.9.2/../../../../../H-x86_64-mingw32/nios2-elf/lib/mno-hw-mul\libsmallc.a(lib_a-vsprintf.o)
 .debug_abbrev  0x0000000000001819      0x1bc c:/altera_lite/15.1/nios2eds/bin/gnu/h-x86_64-mingw32/bin/../lib/gcc/nios2-elf/4.9.2/../../../../../H-x86_64-mingw32/nios2-elf/lib/mno-hw-mul\libsmallc.a(lib_a-fvwrite_small_str.o)
 .debug_abbrev  0x00000000000019d5      0x14a c:/altera_lite/15.1/nios2eds/bin/gnu/h-x86_64-mingw32/bin/../lib/gcc/nios2-elf/4.9.2/../../../../../H-x86_64-mingw32/nios2-elf/lib/mno-hw-mul\libsmallc.a(lib_a-impure.o)
 .debug_abbrev  0x0000000000001b1f       0x8d c:/altera_lite/15.1/nios2eds/bin/gnu/h-x86_64-mingw32/bin/../lib/gcc/nios2-elf/4.9.2/../../../../../H-x86_64-mingw32/nios2-elf/lib/mno-hw-mul\libsmallc.a(lib_a-memmove.o)
 .debug_abbrev  0x0000000000001bac      0x2a1 c:/altera_lite/15.1/nios2eds/bin/gnu/h-x86_64-mingw32/bin/../lib/gcc/nios2-elf/4.9.2/../../../../../H-x86_64-mingw32/nios2-elf/lib/mno-hw-mul\libsmallc.a(lib_a-svfprintf.o)
 .debug_abbrev  0x0000000000001e4d       0x7f c:/altera_lite/15.1/nios2eds/bin/gnu/h-x86_64-mingw32/bin/../lib/gcc/nios2-elf/4.9.2/../../../../../H-x86_64-mingw32/nios2-elf/lib/mno-hw-mul\libsmallc.a(lib_a-strlen.o)
 .debug_abbrev  0x0000000000001ecc      0x163 ../NiosII_Bsp\libhal_bsp.a(alt_iic.o)
 .debug_abbrev  0x000000000000202f      0x169 ../NiosII_Bsp\libhal_bsp.a(alt_iic_isr_register.o)
 .debug_abbrev  0x0000000000002198       0x12 ../NiosII_Bsp\libhal_bsp.a(alt_irq_entry.o)
 .debug_abbrev  0x00000000000021aa      0x122 ../NiosII_Bsp\libhal_bsp.a(alt_irq_handler.o)
 .debug_abbrev  0x00000000000022cc       0x40 ../NiosII_Bsp\libhal_bsp.a(alt_irq_vars.o)
 .debug_abbrev  0x000000000000230c       0x9f ../NiosII_Bsp\libhal_bsp.a(alt_load.o)
 .debug_abbrev  0x00000000000023ab       0xba ../NiosII_Bsp\libhal_bsp.a(alt_main.o)
 .debug_abbrev  0x0000000000002465      0x169 ../NiosII_Bsp\libhal_bsp.a(alt_sys_init.o)
 .debug_abbrev  0x00000000000025ce      0x1c9 ../NiosII_Bsp\libhal_bsp.a(altera_avalon_epcs_flash_controller.o)
 .debug_abbrev  0x0000000000002797       0xf7 ../NiosII_Bsp\libhal_bsp.a(altera_avalon_jtag_uart_fd.o)
 .debug_abbrev  0x000000000000288e       0xd7 ../NiosII_Bsp\libhal_bsp.a(altera_avalon_jtag_uart_read.o)
 .debug_abbrev  0x0000000000002965       0xd5 ../NiosII_Bsp\libhal_bsp.a(altera_avalon_jtag_uart_write.o)
 .debug_abbrev  0x0000000000002a3a      0x155 ../NiosII_Bsp\libhal_bsp.a(altera_avalon_timer_sc.o)
 .debug_abbrev  0x0000000000002b8f       0xc4 ../NiosII_Bsp\libhal_bsp.a(altera_avalon_timer_ts.o)
 .debug_abbrev  0x0000000000002c53       0x83 ../NiosII_Bsp\libhal_bsp.a(altera_avalon_timer_vars.o)
 .debug_abbrev  0x0000000000002cd6      0x109 ../NiosII_Bsp\libhal_bsp.a(altera_avalon_uart_fd.o)
 .debug_abbrev  0x0000000000002ddf      0x178 ../NiosII_Bsp\libhal_bsp.a(altera_avalon_uart_init.o)
 .debug_abbrev  0x0000000000002f57      0x183 ../NiosII_Bsp\libhal_bsp.a(altera_avalon_uart_read.o)
 .debug_abbrev  0x00000000000030da      0x18a ../NiosII_Bsp\libhal_bsp.a(altera_avalon_uart_write.o)
 .debug_abbrev  0x0000000000003264      0x169 ../NiosII_Bsp\libhal_bsp.a(epcs_commands.o)
 .debug_abbrev  0x00000000000033cd      0x11f ../NiosII_Bsp\libhal_bsp.a(alt_close.o)
 .debug_abbrev  0x00000000000034ec       0x42 ../NiosII_Bsp\libhal_bsp.a(alt_dcache_flush_all.o)
 .debug_abbrev  0x000000000000352e       0xd9 ../NiosII_Bsp\libhal_bsp.a(alt_dev.o)
 .debug_abbrev  0x0000000000003607      0x114 ../NiosII_Bsp\libhal_bsp.a(alt_dev_llist_insert.o)
 .debug_abbrev  0x000000000000371b       0x79 ../NiosII_Bsp\libhal_bsp.a(alt_do_ctors.o)
 .debug_abbrev  0x0000000000003794       0x79 ../NiosII_Bsp\libhal_bsp.a(alt_do_dtors.o)
 .debug_abbrev  0x000000000000380d       0x5a ../NiosII_Bsp\libhal_bsp.a(alt_errno.o)
 .debug_abbrev  0x0000000000003867       0x12 ../NiosII_Bsp\libhal_bsp.a(alt_exception_entry.o)
 .debug_abbrev  0x0000000000003879      0x11a ../NiosII_Bsp\libhal_bsp.a(alt_flash_dev.o)
 .debug_abbrev  0x0000000000003993       0x42 ../NiosII_Bsp\libhal_bsp.a(alt_icache_flush_all.o)
 .debug_abbrev  0x00000000000039d5       0xd1 ../NiosII_Bsp\libhal_bsp.a(alt_instruction_exception_entry.o)
 .debug_abbrev  0x0000000000003aa6      0x114 ../NiosII_Bsp\libhal_bsp.a(alt_io_redirect.o)
 .debug_abbrev  0x0000000000003bba      0x148 ../NiosII_Bsp\libhal_bsp.a(alt_open.o)
 .debug_abbrev  0x0000000000003d02       0xde ../NiosII_Bsp\libhal_bsp.a(alt_release_fd.o)
 .debug_abbrev  0x0000000000003de0      0x15a ../NiosII_Bsp\libhal_bsp.a(alt_tick.o)
 .debug_abbrev  0x0000000000003f3a       0x42 ../NiosII_Bsp\libhal_bsp.a(altera_nios2_gen2_irq.o)
 .debug_abbrev  0x0000000000003f7c       0x8a ../NiosII_Bsp\libhal_bsp.a(altera_avalon_spi.o)
 .debug_abbrev  0x0000000000004006       0xf0 ../NiosII_Bsp\libhal_bsp.a(alt_find_dev.o)
 .debug_abbrev  0x00000000000040f6       0xf0 ../NiosII_Bsp\libhal_bsp.a(alt_find_file.o)
 .debug_abbrev  0x00000000000041e6      0x10d ../NiosII_Bsp\libhal_bsp.a(alt_get_fd.o)
 .debug_abbrev  0x00000000000042f3       0xb8 c:/altera_lite/15.1/nios2eds/bin/gnu/h-x86_64-mingw32/bin/../lib/gcc/nios2-elf/4.9.2/../../../../../H-x86_64-mingw32/nios2-elf/lib/mno-hw-mul\libsmallc.a(lib_a-atexit.o)
 .debug_abbrev  0x00000000000043ab       0xa9 c:/altera_lite/15.1/nios2eds/bin/gnu/h-x86_64-mingw32/bin/../lib/gcc/nios2-elf/4.9.2/../../../../../H-x86_64-mingw32/nios2-elf/lib/mno-hw-mul\libsmallc.a(lib_a-exit.o)
 .debug_abbrev  0x0000000000004454       0x37 c:/altera_lite/15.1/nios2eds/bin/gnu/h-x86_64-mingw32/bin/../lib/gcc/nios2-elf/4.9.2/../../../../../H-x86_64-mingw32/nios2-elf/lib/mno-hw-mul\libsmallc.a(lib_a-int_errno.o)
 .debug_abbrev  0x000000000000448b       0x7f c:/altera_lite/15.1/nios2eds/bin/gnu/h-x86_64-mingw32/bin/../lib/gcc/nios2-elf/4.9.2/../../../../../H-x86_64-mingw32/nios2-elf/lib/mno-hw-mul\libsmallc.a(lib_a-memcmp.o)
 .debug_abbrev  0x000000000000450a      0x1e6 c:/altera_lite/15.1/nios2eds/bin/gnu/h-x86_64-mingw32/bin/../lib/gcc/nios2-elf/4.9.2/../../../../../H-x86_64-mingw32/nios2-elf/lib/mno-hw-mul\libsmallc.a(lib_a-__atexit.o)
 .debug_abbrev  0x00000000000046f0      0x1f8 c:/altera_lite/15.1/nios2eds/bin/gnu/h-x86_64-mingw32/bin/../lib/gcc/nios2-elf/4.9.2/../../../../../H-x86_64-mingw32/nios2-elf/lib/mno-hw-mul\libsmallc.a(lib_a-__call_atexit.o)
 .debug_abbrev  0x00000000000048e8       0xa6 ../NiosII_Bsp\libhal_bsp.a(alt_exit.o)

.debug_line     0x0000000000000000     0x4f09
 *(.debug_line)
 .debug_line    0x0000000000000000       0x66 ../NiosII_Bsp/obj/HAL/src/crt0.o
 .debug_line    0x0000000000000066       0x77 obj/default/src/LIB_AP/Ap.o
 .debug_line    0x00000000000000dd      0x20a obj/default/src/LIB_AP/Lib/MSP.o
 .debug_line    0x00000000000002e7      0x137 obj/default/src/LIB_HW/Core/Hw_DcMotor.o
 .debug_line    0x000000000000041e       0x8f obj/default/src/LIB_HW/Core/Hw_ISR.o
 .debug_line    0x00000000000004ad       0xfa obj/default/src/LIB_HW/Core/Hw_Pwm.o
 .debug_line    0x00000000000005a7      0x15f obj/default/src/LIB_HW/Core/Hw_Timer.o
 .debug_line    0x0000000000000706      0x1d8 obj/default/src/LIB_HW/Core/Hw_Uart.o