Archive member included to satisfy reference by file (symbol)

c:/altera_lite/15.1/nios2eds/bin/gnu/h-x86_64-mingw32/bin/../lib/gcc/nios2-elf/4.9.2/mno-hw-mul\libgcc.a(lib2-divmod.o)
                              obj/default/src/main.o (__divsi3)
c:/altera_lite/15.1/nios2eds/bin/gnu/h-x86_64-mingw32/bin/../lib/gcc/nios2-elf/4.9.2/mno-hw-mul\libgcc.a(lib2-mul.o)
                              obj/default/src/LIB_HW/Core/Hw_Uart_Q.o (__mulsi3)
c:/altera_lite/15.1/nios2eds/bin/gnu/h-x86_64-mingw32/bin/../lib/gcc/nios2-elf/4.9.2/mno-hw-mul\libgcc.a(addsf3.o)
                              obj/default/src/main.o (__addsf3)
c:/altera_lite/15.1/nios2eds/bin/gnu/h-x86_64-mingw32/bin/../lib/gcc/nios2-elf/4.9.2/mno-hw-mul\libgcc.a(divsf3.o)
                              obj/default/src/main.o (__divsf3)
c:/altera_lite/15.1/nios2eds/bin/gnu/h-x86_64-mingw32/bin/../lib/gcc/nios2-elf/4.9.2/mno-hw-mul\libgcc.a(subsf3.o)
                              obj/default/src/main.o (__subsf3)
c:/altera_lite/15.1/nios2eds/bin/gnu/h-x86_64-mingw32/bin/../lib/gcc/nios2-elf/4.9.2/mno-hw-mul\libgcc.a(fixsfsi.o)
                              obj/default/src/main.o (__fixsfsi)
c:/altera_lite/15.1/nios2eds/bin/gnu/h-x86_64-mingw32/bin/../lib/gcc/nios2-elf/4.9.2/mno-hw-mul\libgcc.a(floatsisf.o)
                              obj/default/src/main.o (__floatsisf)
c:/altera_lite/15.1/nios2eds/bin/gnu/h-x86_64-mingw32/bin/../lib/gcc/nios2-elf/4.9.2/mno-hw-mul\libgcc.a(_clzsi2.o)
                              c:/altera_lite/15.1/nios2eds/bin/gnu/h-x86_64-mingw32/bin/../lib/gcc/nios2-elf/4.9.2/mno-hw-mul\libgcc.a(addsf3.o) (__clzsi2)
c:/altera_lite/15.1/nios2eds/bin/gnu/h-x86_64-mingw32/bin/../lib/gcc/nios2-elf/4.9.2/mno-hw-mul\libgcc.a(_clz.o)
                              c:/altera_lite/15.1/nios2eds/bin/gnu/h-x86_64-mingw32/bin/../lib/gcc/nios2-elf/4.9.2/mno-hw-mul\libgcc.a(_clzsi2.o) (__clz_tab)
c:/altera_lite/15.1/nios2eds/bin/gnu/h-x86_64-mingw32/bin/../lib/gcc/nios2-elf/4.9.2/../../../../../H-x86_64-mingw32/nios2-elf/lib/mno-hw-mul\libsmallc.a(lib_a-printf.o)
                              obj/default/src/main.o (printf)
c:/altera_lite/15.1/nios2eds/bin/gnu/h-x86_64-mingw32/bin/../lib/gcc/nios2-elf/4.9.2/../../../../../H-x86_64-mingw32/nios2-elf/lib/mno-hw-mul\libsmallc.a(lib_a-puts.o)
                              obj/default/src/main.o (puts)
c:/altera_lite/15.1/nios2eds/bin/gnu/h-x86_64-mingw32/bin/../lib/gcc/nios2-elf/4.9.2/../../../../../H-x86_64-mingw32/nios2-elf/lib/mno-hw-mul\libsmallc.a(lib_a-strlen.o)
                              c:/altera_lite/15.1/nios2eds/bin/gnu/h-x86_64-mingw32/bin/../lib/gcc/nios2-elf/4.9.2/../../../../../H-x86_64-mingw32/nios2-elf/lib/mno-hw-mul\libsmallc.a(lib_a-puts.o) (strlen)
c:/altera_lite/15.1/nios2eds/bin/gnu/h-x86_64-mingw32/bin/../lib/gcc/nios2-elf/4.9.2/../../../../../H-x86_64-mingw32/nios2-elf/lib/mno-hw-mul\libsmallc.a(lib_a-vfprintf.o)
                              c:/altera_lite/15.1/nios2eds/bin/gnu/h-x86_64-mingw32/bin/../lib/gcc/nios2-elf/4.9.2/../../../../../H-x86_64-mingw32/nios2-elf/lib/mno-hw-mul\libsmallc.a(lib_a-printf.o) (___vfprintf_internal_r)
c:/altera_lite/15.1/nios2eds/bin/gnu/h-x86_64-mingw32/bin/../lib/gcc/nios2-elf/4.9.2/../../../../../H-x86_64-mingw32/nios2-elf/lib/mno-hw-mul\libsmallc.a(lib_a-vsprintf.o)
                              obj/default/src/LIB_HW/Core/Hw_Uart.o (vsprintf)
c:/altera_lite/15.1/nios2eds/bin/gnu/h-x86_64-mingw32/bin/../lib/gcc/nios2-elf/4.9.2/../../../../../H-x86_64-mingw32/nios2-elf/lib/mno-hw-mul\libsmallc.a(lib_a-fvwrite_small_dev.o)
                              c:/altera_lite/15.1/nios2eds/bin/gnu/h-x86_64-mingw32/bin/../lib/gcc/nios2-elf/4.9.2/../../../../../H-x86_64-mingw32/nios2-elf/lib/mno-hw-mul\libsmallc.a(lib_a-printf.o) (__sfvwrite_small_dev)
c:/altera_lite/15.1/nios2eds/bin/gnu/h-x86_64-mingw32/bin/../lib/gcc/nios2-elf/4.9.2/../../../../../H-x86_64-mingw32/nios2-elf/lib/mno-hw-mul\libsmallc.a(lib_a-fvwrite_small_str.o)
                              c:/altera_lite/15.1/nios2eds/bin/gnu/h-x86_64-mingw32/bin/../lib/gcc/nios2-elf/4.9.2/../../../../../H-x86_64-mingw32/nios2-elf/lib/mno-hw-mul\libsmallc.a(lib_a-vsprintf.o) (__sfvwrite_small_str)
c:/altera_lite/15.1/nios2eds/bin/gnu/h-x86_64-mingw32/bin/../lib/gcc/nios2-elf/4.9.2/../../../../../H-x86_64-mingw32/nios2-elf/lib/mno-hw-mul\libsmallc.a(lib_a-impure.o)
                              c:/altera_lite/15.1/nios2eds/bin/gnu/h-x86_64-mingw32/bin/../lib/gcc/nios2-elf/4.9.2/../../../../../H-x86_64-mingw32/nios2-elf/lib/mno-hw-mul\libsmallc.a(lib_a-printf.o) (_impure_ptr)
c:/altera_lite/15.1/nios2eds/bin/gnu/h-x86_64-mingw32/bin/../lib/gcc/nios2-elf/4.9.2/../../../../../H-x86_64-mingw32/nios2-elf/lib/mno-hw-mul\libsmallc.a(lib_a-memmove.o)
                              c:/altera_lite/15.1/nios2eds/bin/gnu/h-x86_64-mingw32/bin/../lib/gcc/nios2-elf/4.9.2/../../../../../H-x86_64-mingw32/nios2-elf/lib/mno-hw-mul\libsmallc.a(lib_a-fvwrite_small_str.o) (memmove)
[...]
Memory Configuration

Name             Origin             Length             Attributes
epcs_flash_controller_0 0x0000000000021000 0x0000000000000800
reset            0x0000000000410000 0x0000000000000020
onchip_memory2_0 0x0000000000410020 0x000000000000bb60
*default*        0x0000000000000000 0xffffffffffffffff

Linker script and memory map

LOAD ../NiosII_Bsp/obj/HAL/src/crt0.o
LOAD obj/default/src/LIB_AP/Ap.o
LOAD obj/default/src/LIB_AP/Lib/MSP.o
LOAD obj/default/src/LIB_HW/Core/Hw_ISR.o
LOAD obj/default/src/LIB_HW/Core/Hw_Timer.o
LOAD obj/default/src/LIB_HW/Core/Hw_Uart.o
LOAD obj/default/src/LIB_HW/Core/Hw_Uart_Q.o
LOAD obj/default/src/LIB_HW/Driver/Hw_Led.o
LOAD obj/default/src/LIB_HW/Hw.o
LOAD obj/default/src/LIB_LB/Lb_Printf.o
LOAD obj/default/src/LIB_LB/Lb_Util.o
LOAD obj/default/src/main.o
LOAD c:/altera_lite/15.1/nios2eds/bin/gnu/h-x86_64-mingw32/bin/../lib/gcc/nios2-elf/4.9.2/../../../../../H-x86_64-mingw32/nios2-elf/lib/mno-hw-mul\libstdc++.a
LOAD c:/altera_lite/15.1/nios2eds/bin/gnu/h-x86_64-mingw32/bin/../lib/gcc/nios2-elf/4.9.2/../../../../../H-x86_64-mingw32/nios2-elf/lib/mno-hw-mul\libm.a
LOAD c:/altera_lite/15.1/nios2eds/bin/gnu/h-x86_64-mingw32/bin/../lib/gcc/nios2-elf/4.9.2/mno-hw-mul\libgcc.a
START GROUP
LOAD c:/altera_lite/15.1/nios2eds/bin/gnu/h-x86_64-mingw32/bin/../lib/gcc/nios2-elf/4.9.2/../../../../../H-x86_64-mingw32/nios2-elf/lib/mno-hw-mul\libsmallc.a
LOAD c:/altera_lite/15.1/nios2eds/bin/gnu/h-x86_64-mingw32/bin/../lib/gcc/nios2-elf/4.9.2/mno-hw-mul\libgcc.a
LOAD ../NiosII_Bsp\libhal_bsp.a
LOAD c:/altera_lite/15.1/nios2eds/bin/gnu/h-x86_64-mingw32/bin/../lib/gcc/nios2-elf/4.9.2/../../../../../H-x86_64-mingw32/nios2-elf/lib/mno-hw-mul\libm.a
END GROUP
LOAD c:/altera_lite/15.1/nios2eds/bin/gnu/h-x86_64-mingw32/bin/../lib/gcc/nios2-elf/4.9.2/mno-hw-mul\libgcc.a
                0x0000000000021000                __alt_mem_epcs_flash_controller_0 = 0x21000
                0x0000000000410000                __alt_mem_onchip_memory2_0 = 0x410000

.entry          0x0000000000410000       0x20
 *(.entry)
 .entry         0x0000000000410000       0x20 ../NiosII_Bsp/obj/HAL/src/crt0.o
                0x0000000000410000                __reset

.exceptions     0x0000000000410020      0x20c
                0x0000000000410020                PROVIDE (__ram_exceptions_start, ABSOLUTE (.))
                0x0000000000410020                . = ALIGN (0x20)
 *(.irq)
 *(.exceptions.entry.label)
 .exceptions.entry.label
                0x0000000000410020        0x0 ../NiosII_Bsp\libhal_bsp.a(alt_irq_entry.o)
                0x0000000000410020                alt_irq_entry
 .exceptions.entry.label
                0x0000000000410020        0x0 ../NiosII_Bsp\libhal_bsp.a(alt_exception_entry.o)
                0x0000000000410020                alt_exception
 *(.exceptions.entry.user)
 *(.exceptions.entry.ecc_fatal)
 *(.exceptions.entry)
 .exceptions.entry
                0x0000000000410020       0x54 ../NiosII_Bsp\libhal_bsp.a(alt_exception_entry.o)
 *(.exceptions.irqtest.user)
 *(.exceptions.irqtest)
 .exceptions.irqtest
                0x0000000000410074       0x10 ../NiosII_Bsp\libhal_bsp.a(alt_irq_entry.o)
 *(.exceptions.irqhandler.user)
 *(.exceptions.irqhandler)
 .exceptions.irqhandler
                0x0000000000410084        0x4 ../NiosII_Bsp\libhal_bsp.a(alt_irq_entry.o)
 *(.exceptions.irqreturn.user)
 *(.exceptions.irqreturn)
 .exceptions.irqreturn
                0x0000000000410088        0x4 ../NiosII_Bsp\libhal_bsp.a(alt_irq_entry.o)
 *(.exceptions.notirq.label)
 .exceptions.notirq.label
                0x000000000041008c        0x0 ../NiosII_Bsp\libhal_bsp.a(alt_irq_entry.o)
 *(.exceptions.notirq.user)
 *(.exceptions.notirq)
 .exceptions.notirq
                0x000000000041008c        0x8 ../NiosII_Bsp\libhal_bsp.a(alt_exception_entry.o)
 *(.exceptions.soft.user)
 *(.exceptions.soft)
 *(.exceptions.unknown.user)
 *(.exceptions.unknown)
 .exceptions.unknown
                0x0000000000410094       0x14 ../NiosII_Bsp\libhal_bsp.a(alt_exception_entry.o)
 *(.exceptions.exit.label)
 .exceptions.exit.label
                0x00000000004100a8        0x0 ../NiosII_Bsp\libhal_bsp.a(alt_irq_entry.o)
 .exceptions.exit.label
                0x00000000004100a8        0x0 ../NiosII_Bsp\libhal_bsp.a(alt_exception_entry.o)
 *(.exceptions.exit.user)
 *(.exceptions.exit)
 .exceptions.exit
                0x00000000004100a8       0x54 ../NiosII_Bsp\libhal_bsp.a(alt_exception_entry.o)
 *(.exceptions)
 .exceptions    0x00000000004100fc       0xd0 ../NiosII_Bsp\libhal_bsp.a(alt_irq_handler.o)
                0x00000000004100fc                alt_irq_handler
 .exceptions    0x00000000004101cc       0x60 ../NiosII_Bsp\libhal_bsp.a(alt_instruction_exception_entry.o)
                0x00000000004101cc                alt_instruction_exception_entry
                0x000000000041022c                PROVIDE (__ram_exceptions_end, ABSOLUTE (.))
                0x0000000000410020                PROVIDE (__flash_exceptions_start, LOADADDR (.exceptions))

.text           0x000000000041022c     0x74b8
                0x000000000041022c                PROVIDE (stext, ABSOLUTE (.))
 *(.interp)
 *(.hash)
 *(.dynsym)
 *(.dynstr)
 *(.gnu.version)
 *(.gnu.version_d)
 *(.gnu.version_r)
 *(.rel.init)
 *(.rela.init)
 *(.rel.text .rel.text.* .rel.gnu.linkonce.t.*)
 *(.rela.text .rela.text.* .rela.gnu.linkonce.t.*)
 *(.rel.fini)
 *(.rela.fini)
 *(.rel.rodata .rel.rodata.* .rel.gnu.linkonce.r.*)
 *(.rela.rodata .rela.rodata.* .rela.gnu.linkonce.r.*)
 *(.rel.data .rel.data.* .rel.gnu.linkonce.d.*)
 *(.rela.data .rela.data.* .rela.gnu.linkonce.d.*)
 *(.rel.tdata .rel.tdata.* .rel.gnu.linkonce.td.*)
 *(.rela.tdata .rela.tdata.* .rela.gnu.linkonce.td.*)
 *(.rel.tbss .rel.tbss.* .rel.gnu.linkonce.tb.*)
 *(.rela.tbss .rela.tbss.* .rela.gnu.linkonce.tb.*)
 *(.rel.ctors)
 *(.rela.ctors)
 *(.rel.dtors)
 *(.rela.dtors)
 *(.rel.got)
 *(.rela.got)
 *(.rel.sdata .rel.sdata.* .rel.gnu.linkonce.s.*)
 *(.rela.sdata .rela.sdata.* .rela.gnu.linkonce.s.*)
 *(.rel.sbss .rel.sbss.* .rel.gnu.linkonce.sb.*)
 *(.rela.sbss .rela.sbss.* .rela.gnu.linkonce.sb.*)
 *(.rel.sdata2 .rel.sdata2.* .rel.gnu.linkonce.s2.*)
 *(.rela.sdata2 .rela.sdata2.* .rela.gnu.linkonce.s2.*)
 *(.rel.sbss2 .rel.sbss2.* .rel.gnu.linkonce.sb2.*)
 *(.rela.sbss2 .rela.sbss2.* .rela.gnu.linkonce.sb2.*)
 *(.rel.bss .rel.bss.* .rel.gnu.linkonce.b.*)
 *(.rela.bss .rela.bss.* .rela.gnu.linkonce.b.*)
 *(.rel.plt)
 *(.rela.plt)
 *(.rel.dyn)
 *(.init)
 *(.plt)
 *(.text .stub .text.* .gnu.linkonce.t.*)
 .text          0x000000000041022c       0x3c ../NiosII_Bsp/obj/HAL/src/crt0.o
                0x000000000041022c                _start
 .text          0x0000000000410268       0x28 obj/default/src/LIB_AP/Ap.o
                0x0000000000410268                Ap_Init
 .text          0x0000000000410290      0x584 obj/default/src/LIB_AP/Lib/MSP.o
                0x0000000000410290                MSP_ISR
                0x00000000004102f0                MSP_Init
                0x000000000041032c                MSP_GetReceived
                0x0000000000410358                MSP_Update
                0x00000000004105c8                MSP_Get_CmdPtr
                0x00000000004105ec                MSP_Get_RespPtr
                0x0000000000410610                MSP_Get_CmdRcPtr
                0x00000000004106c0                MSP_SendResp
 .text          0x0000000000410814       0x20 obj/default/src/LIB_HW/Core/Hw_ISR.o
                0x0000000000410814                Hw_ISR_Init
 .text          0x0000000000410834      0x58c obj/default/src/LIB_HW/Core/Hw_Timer.o
                0x0000000000410834                Hw_Timer_ISR
                0x000000000041085c                Hw_Timer_Init
                0x000000000041092c                Hw_Timer_DeInit
                0x0000000000410948                Hw_Timer_SetupISR
                0x0000000000410964                Hw_Timer_Setup
                0x0000000000410980                Hw_Timer_Tick
                0x0000000000410af0                Hw_Timer_Set
                0x0000000000410bbc                Hw_Timer_Start
                0x0000000000410c08                Hw_Timer_Stop
                0x0000000000410c50                Hw_Timer_Reset
                0x0000000000410cc0                Hw_Timer_Delay_ms
                0x0000000000410cfc                Hw_Timer_Get_Handle
                0x0000000000410d30                Hw_Timer_Get_CountValue
                0x0000000000410d58                Hw_Timer_TimeStart
                0x0000000000410d90                Hw_Timer_TimeGetElapse
 .text          0x0000000000410dc0      0x5d0 obj/default/src/LIB_HW/Core/Hw_Uart.o
                0x0000000000410e98                Hw_Uart_Init
                0x0000000000410f40                Hw_Uart_DeInit
                0x0000000000410f5c                Hw_Uart_Open
                0x0000000000410fec                Hw_Uart_Open_COM1
                0x0000000000411098                Hw_Uart_Open_COM2
                0x00000000004110dc                Hw_Uart_SetReceiveFuncISR
                0x0000000000411124                Hw_Uart_Getch
                0x0000000000411180                Hw_Uart_Putch
                0x0000000000411254                Hw_Uart_PrintEx
                0x00000000004112d0                Hw_Uart_Printf
                0x0000000000411334                Hw_Uart_GetchNoWait
 .text          0x0000000000411390      0x40c obj/default/src/LIB_HW/Core/Hw_Uart_Q.o
                0x0000000000411390                Hw_Uart_Q_Init
                0x0000000000411410                HW_UART_Q_SIZE
                0x00000000004114a4                HW_UART_Q_VAILD
                0x00000000004114dc                Hw_Uart_Q_PushReady
                0x0000000000411538                Hw_Uart_Q_Push
                0x0000000000411670                Hw_Uart_Q_Pop
 .text          0x000000000041179c      0x198 obj/default/src/LIB_HW/Driver/Hw_Led.o
                0x000000000041179c                Hw_Led_Init
                0x00000000004117d0                Hw_Led_On
                0x0000000000411830                Hw_Led_Off
                0x0000000000411894                Hw_Led_Toggle
                0x00000000004118f4                Hw_Led_Wait
 .text          0x0000000000411934      0x108 obj/default/src/LIB_HW/Hw.o
                0x0000000000411934                Hw_Init
                0x0000000000411964                Hw_Wait
                0x00000000004119a4                Hw_Wait_Usec
                0x00000000004119e0                millis
                0x0000000000411a14                micros
 .text          0x0000000000411a3c        0x0 obj/default/src/LIB_LB/Lb_Printf.o
 .text          0x0000000000411a3c       0x64 obj/default/src/LIB_LB/Lb_Util.o
                0x0000000000411a3c                delay
                0x0000000000411a70                delay_second
 .text          0x0000000000411aa0      0x334 obj/default/src/main.o
                0x0000000000411aa0                Uart1_ISR
                0x0000000000411ae8                main
                0x0000000000411da8                Main_Init
 .text          0x0000000000411dd4      0x12c c:/altera_lite/15.1/nios2eds/bin/gnu/h-x86_64-mingw32/bin/../lib/gcc/nios2-elf/4.9.2/mno-hw-mul\libgcc.a(lib2-divmod.o)
                0x0000000000411e40                __divsi3
                0x0000000000411e94                __modsi3
                0x0000000000411ef0                __udivsi3
                0x0000000000411ef8                __umodsi3
 .text          0x0000000000411f00       0x28 c:/altera_lite/15.1/nios2eds/bin/gnu/h-x86_64-mingw32/bin/../lib/gcc/nios2-elf/4.9.2/mno-hw-mul\libgcc.a(lib2-mul.o)
                0x0000000000411f00                __mulsi3
 .text          0x0000000000411f28      0x4e0 c:/altera_lite/15.1/nios2eds/bin/gnu/h-x86_64-mingw32/bin/../lib/gcc/nios2-elf/4.9.2/mno-hw-mul\libgcc.a(addsf3.o)
                0x0000000000411f28                __addsf3
 .text          0x0000000000412408      0x450 c:/altera_lite/15.1/nios2eds/bin/gnu/h-x86_64-mingw32/bin/../lib/gcc/nios2-elf/4.9.2/mno-hw-mul\libgcc.a(divsf3.o)
                0x0000000000412408                __divsf3
 .text          0x0000000000412858      0x4fc c:/altera_lite/15.1/nios2eds/bin/gnu/h-x86_64-mingw32/bin/../lib/gcc/nios2-elf/4.9.2/mno-hw-mul\libgcc.a(subsf3.o)
                0x0000000000412858                __subsf3
 .text          0x0000000000412d54       0x78 c:/altera_lite/15.1/nios2eds/bin/gnu/h-x86_64-mingw32/bin/../lib/gcc/nios2-elf/4.9.2/mno-hw-mul\libgcc.a(fixsfsi.o)
                0x0000000000412d54                __fixsfsi
 .text          0x0000000000412dcc      0x134 c:/altera_lite/15.1/nios2eds/bin/gnu/h-x86_64-mingw32/bin/../lib/gcc/nios2-elf/4.9.2/mno-hw-mul\libgcc.a(floatsisf.o)
                0x0000000000412dcc                __floatsisf
 .text          0x0000000000412f00       0x64 c:/altera_lite/15.1/nios2eds/bin/gnu/h-x86_64-mingw32/bin/../lib/gcc/nios2-elf/4.9.2/mno-hw-mul\libgcc.a(_clzsi2.o)
                0x0000000000412f00                __clzsi2
 .text          0x0000000000412f64        0x0 c:/altera_lite/15.1/nios2eds/bin/gnu/h-x86_64-mingw32/bin/../lib/gcc/nios2-elf/4.9.2/mno-hw-mul\libgcc.a(_clz.o)
 .text          0x0000000000412f64        0x0 c:/altera_lite/15.1/nios2eds/bin/gnu/h-x86_64-mingw32/bin/../lib/gcc/nios2-elf/4.9.2/../../../../../H-x86_64-mingw32/nios2-elf/lib/mno-hw-mul\libsmallc.a(lib_a-printf.o)
 .text._printf_r
                0x0000000000412f64       0x3c c:/altera_lite/15.1/nios2eds/bin/gnu/h-x86_64-mingw32/bin/../lib/gcc/nios2-elf/4.9.2/../../../../../H-x86_64-mingw32/nios2-elf/lib/mno-hw-mul\libsmallc.a(lib_a-printf.o)
                0x0000000000412f64                _printf_r
 .text.printf   0x0000000000412fa0       0x4c c:/altera_lite/15.1/nios2eds/bin/gnu/h-x86_64-mingw32/bin/../lib/gcc/nios2-elf/4.9.2/../../../../../H-x86_64-mingw32/nios2-elf/lib/mno-hw-mul\libsmallc.a(lib_a-printf.o)
                0x0000000000412fa0                printf
 .text          0x0000000000412fec        0x0 c:/altera_lite/15.1/nios2eds/bin/gnu/h-x86_64-mingw32/bin/../lib/gcc/nios2-elf/4.9.2/../../../../../H-x86_64-mingw32/nios2-elf/lib/mno-hw-mul\libsmallc.a(lib_a-puts.o)
 .text._puts_r  0x0000000000412fec       0x80 c:/altera_lite/15.1/nios2eds/bin/gnu/h-x86_64-mingw32/bin/../lib/gcc/nios2-elf/4.9.2/../../../../../H-x86_64-mingw32/nios2-elf/lib/mno-hw-mul\libsmallc.a(lib_a-puts.o)
                0x0000000000412fec                _puts_r
 .text.puts     0x000000000041306c       0x14 c:/altera_lite/15.1/nios2eds/bin/gnu/h-x86_64-mingw32/bin/../lib/gcc/nios2-elf/4.9.2/../../../../../H-x86_64-mingw32/nios2-elf/lib/mno-hw-mul\libsmallc.a(lib_a-puts.o)
                0x000000000041306c                puts
 .text          0x0000000000413080        0x0 c:/altera_lite/15.1/nios2eds/bin/gnu/h-x86_64-mingw32/bin/../lib/gcc/nios2-elf/4.9.2/../../../../../H-x86_64-mingw32/nios2-elf/lib/mno-hw-mul\libsmallc.a(lib_a-strlen.o)
 .text.strlen   0x0000000000413080       0x1c c:/altera_lite/15.1/nios2eds/bin/gnu/h-x86_64-mingw32/bin/../lib/gcc/nios2-elf/4.9.2/../../../../../H-x86_64-mingw32/nios2-elf/lib/mno-hw-mul\libsmallc.a(lib_a-strlen.o)
                0x0000000000413080                strlen
 .text          0x000000000041309c        0x0 c:/altera_lite/15.1/nios2eds/bin/gnu/h-x86_64-mingw32/bin/../lib/gcc/nios2-elf/4.9.2/../../../../../H-x86_64-mingw32/nios2-elf/lib/mno-hw-mul\libsmallc.a(lib_a-vfprintf.o)
 .text.print_repeat
                0x000000000041309c       0x6c c:/altera_lite/15.1/nios2eds/bin/gnu/h-x86_64-mingw32/bin/../lib/gcc/nios2-elf/4.9.2/../../../../../H-x86_64-mingw32/nios2-elf/lib/mno-hw-mul\libsmallc.a(lib_a-vfprintf.o)
 .text.___vfprintf_internal_r
                0x0000000000413108      0x56c c:/altera_lite/15.1/nios2eds/bin/gnu/h-x86_64-mingw32/bin/../lib/gcc/nios2-elf/4.9.2/../../../../../H-x86_64-mingw32/nios2-elf/lib/mno-hw-mul\libsmallc.a(lib_a-vfprintf.o)
                0x0000000000413108                ___vfprintf_internal_r
 .text.__vfprintf_internal
                0x0000000000413674       0x24 c:/altera_lite/15.1/nios2eds/bin/gnu/h-x86_64-mingw32/bin/../lib/gcc/nios2-elf/4.9.2/../../../../../H-x86_64-mingw32/nios2-elf/lib/mno-hw-mul\libsmallc.a(lib_a-vfprintf.o)
                0x0000000000413674                __vfprintf_internal
 .text          0x0000000000413698        0x0 c:/altera_lite/15.1/nios2eds/bin/gnu/h-x86_64-mingw32/bin/../lib/gcc/nios2-elf/4.9.2/../../../../../H-x86_64-mingw32/nios2-elf/lib/mno-hw-mul\libsmallc.a(lib_a-vsprintf.o)
 .text._vsprintf_r
                0x0000000000413698       0x5c c:/altera_lite/15.1/nios2eds/bin/gnu/h-x86_64-mingw32/bin/../lib/gcc/nios2-elf/4.9.2/../../../../../H-x86_64-mingw32/nios2-elf/lib/mno-hw-mul\libsmallc.a(lib_a-vsprintf.o)
                0x0000000000413698                _vsprintf_r
 .text.vsprintf
                0x00000000004136f4       0x24 c:/altera_lite/15.1/nios2eds/bin/gnu/h-x86_64-mingw32/bin/../lib/gcc/nios2-elf/4.9.2/../../../../../H-x86_64-mingw32/nios2-elf/lib/mno-hw-mul\libsmallc.a(lib_a-vsprintf.o)
                0x00000000004136f4                vsprintf
 .text          0x0000000000413718        0x0 c:/altera_lite/15.1/nios2eds/bin/gnu/h-x86_64-mingw32/bin/../lib/gcc/nios2-elf/4.9.2/../../../../../H-x86_64-mingw32/nios2-elf/lib/mno-hw-mul\libsmallc.a(lib_a-fvwrite_small_dev.o)
 .text.__sfvwrite_small_dev
                0x0000000000413718       0xac c:/altera_lite/15.1/nios2eds/bin/gnu/h-x86_64-mingw32/bin/../lib/gcc/nios2-elf/4.9.2/../../../../../H-x86_64-mingw32/nios2-elf/lib/mno-hw-mul\libsmallc.a(lib_a-fvwrite_small_dev.o)
                0x0000000000413718                __sfvwrite_small_dev
 .text          0x00000000004137c4        0x0 c:/altera_lite/15.1/nios2eds/bin/gnu/h-x86_64-mingw32/bin/../lib/gcc/nios2-elf/4.9.2/../../../../../H-x86_64-mingw32/nios2-elf/lib/mno-hw-mul\libsmallc.a(lib_a-fvwrite_small_str.o)
 .text.__sfvwrite_small_str
                0x00000000004137c4       0x9c c:/altera_lite/15.1/nios2eds/bin/gnu/h-x86_64-mingw32/bin/../lib/gcc/nios2-elf/4.9.2/../../../../../H-x86_64-mingw32/nios2-elf/lib/mno-hw-mul\libsmallc.a(lib_a-fvwrite_small_str.o)
                0x00000000004137c4                __sfvwrite_small_str
 .text          0x0000000000413860        0x0 c:/altera_lite/15.1/nios2eds/bin/gnu/h-x86_64-mingw32/bin/../lib/gcc/nios2-elf/4.9.2/../../../../../H-x86_64-mingw32/nios2-elf/lib/mno-hw-mul\libsmallc.a(lib_a-impure.o)
 .text          0x0000000000413860        0x0 c:/altera_lite/15.1/nios2eds/bin/gnu/h-x86_64-mingw32/bin/../lib/gcc/nios2-elf/4.9.2/../../../../../H-x86_64-mingw32/nios2-elf/lib/mno-hw-mul\libsmallc.a(lib_a-memmove.o)
 .text.memmove  0x0000000000413860       0x60 c:/altera_lite/15.1/nios2eds/bin/gnu/h-x86_64-mingw32/bin/../lib/gcc/nios2-elf/4.9.2/../../../../../H-x86_64-mingw32/nios2-elf/lib/mno-hw-mul\libsmallc.a(lib_a-memmove.o)
                0x0000000000413860                memmove
 .text          0x00000000004138c0        0x0 c:/altera_lite/15.1/nios2eds/bin/gnu/h-x86_64-mingw32/bin/../lib/gcc/nios2-elf/4.9.2/../../../../../H-x86_64-mingw32/nios2-elf/lib/mno-hw-mul\libsmallc.a(lib_a-svfprintf.o)
 .text.print_repeat
                0x00000000004138c0       0x6c c:/altera_lite/15.1/nios2eds/bin/gnu/h-x86_64-mingw32/bin/../lib/gcc/nios2-elf/4.9.2/../../../../../H-x86_64-mingw32/nios2-elf/lib/mno-hw-mul\libsmallc.a(lib_a-svfprintf.o)
 .text.___svfprintf_internal_r
                0x000000000041392c      0x56c c:/altera_lite/15.1/nios2eds/bin/gnu/h-x86_64-mingw32/bin/../lib/gcc/nios2-elf/4.9.2/../../../../../H-x86_64-mingw32/nios2-elf/lib/mno-hw-mul\libsmallc.a(lib_a-svfprintf.o)
                0x000000000041392c                ___svfprintf_internal_r
 .text.__vfprintf_internal_unused
                0x0000000000413e98       0x24 c:/altera_lite/15.1/nios2eds/bin/gnu/h-x86_64-mingw32/bin/../lib/gcc/nios2-elf/4.9.2/../../../../../H-x86_64-mingw32/nios2-elf/lib/mno-hw-mul\libsmallc.a(lib_a-svfprintf.o)
                0x0000000000413e98                __vfprintf_internal_unused
 .text          0x0000000000413ebc        0x0 c:/altera_lite/15.1/nios2eds/bin/gnu/h-x86_64-mingw32/bin/../lib/gcc/nios2-elf/4.9.2/../../../../../H-x86_64-mingw32/nios2-elf/lib/mno-hw-mul\libsmallc.a(lib_a-writer.o)
 .text._write_r
                0x0000000000413ebc       0x58 c:/altera_lite/15.1/nios2eds/bin/gnu/h-x86_64-mingw32/bin/../lib/gcc/nios2-elf/4.9.2/../../../../../H-x86_64-mingw32/nios2-elf/lib/mno-hw-mul\libsmallc.a(lib_a-writer.o)
                0x0000000000413ebc                _write_r
 .text          0x0000000000413f14        0x0 c:/altera_lite/15.1/nios2eds/bin/gnu/h-x86_64-mingw32/bin/../lib/gcc/nios2-elf/4.9.2/../../../../../H-x86_64-mingw32/nios2-elf/lib/mno-hw-mul\libsmallc.a(lib_a-int_errno.o)
 .text          0x0000000000413f14      0x1e0 ../NiosII_Bsp\libhal_bsp.a(alt_iic.o)
                0x0000000000413f14                alt_ic_isr_register
                0x0000000000413f64                alt_ic_irq_enable
                0x0000000000414004                alt_ic_irq_disable
                0x00000000004140a8                alt_ic_irq_enabled
 .text          0x00000000004140f4       0xf0 ../NiosII_Bsp\libhal_bsp.a(alt_iic_isr_register.o)
                0x00000000004140f4                alt_iic_isr_register
 .text          0x00000000004141e4        0x0 ../NiosII_Bsp\libhal_bsp.a(alt_irq_entry.o)
 .text          0x00000000004141e4        0x0 ../NiosII_Bsp\libhal_bsp.a(alt_irq_handler.o)
 .text          0x00000000004141e4        0x0 ../NiosII_Bsp\libhal_bsp.a(alt_irq_vars.o)
 .text          0x00000000004141e4       0xe4 ../NiosII_Bsp\libhal_bsp.a(alt_load.o)
                0x0000000000414248                alt_load
 .text          0x00000000004142c8       0x78 ../NiosII_Bsp\libhal_bsp.a(alt_main.o)
                0x00000000004142c8                alt_main
 .text          0x0000000000414340      0x150 ../NiosII_Bsp\libhal_bsp.a(alt_write.o)
                0x0000000000414390                write
 .text          0x0000000000414490      0x108 ../NiosII_Bsp\libhal_bsp.a(alt_sys_init.o)
                0x00000000004144c8                alt_irq_init
                0x00000000004144fc                alt_sys_init
 .text          0x0000000000414598      0xaf8 ../NiosII_Bsp\libhal_bsp.a(altera_avalon_epcs_flash_controller.o)
                0x00000000004145d0                alt_epcs_flash_init
                0x0000000000414b04                alt_epcs_flash_write
                0x0000000000414d64                alt_epcs_flash_get_info
                0x0000000000414e84                alt_epcs_flash_erase_block
                0x0000000000414ef8                alt_epcs_flash_write_block
                0x0000000000414ff8                alt_epcs_flash_read
 .text          0x0000000000415090       0xc0 ../NiosII_Bsp\libhal_bsp.a(altera_avalon_jtag_uart_fd.o)
                0x0000000000415090                altera_avalon_jtag_uart_read_fd
                0x00000000004150f0                altera_avalon_jtag_uart_write_fd
 .text          0x0000000000415150       0xe4 ../NiosII_Bsp\libhal_bsp.a(altera_avalon_jtag_uart_read.o)
                0x0000000000415150                altera_avalon_jtag_uart_read
 .text          0x0000000000415234       0x94 ../NiosII_Bsp\libhal_bsp.a(altera_avalon_jtag_uart_write.o)
                0x0000000000415234                altera_avalon_jtag_uart_write
 .text          0x00000000004152c8       0xfc ../NiosII_Bsp\libhal_bsp.a(altera_avalon_timer_sc.o)
                0x000000000041533c                alt_avalon_timer_sc_init
 .text          0x00000000004153c4      0x140 ../NiosII_Bsp\libhal_bsp.a(altera_avalon_timer_ts.o)
                0x00000000004153c4                alt_timestamp_start
                0x000000000041544c                alt_timestamp
                0x00000000004154dc                alt_timestamp_freq
 .text          0x0000000000415504        0x0 ../NiosII_Bsp\libhal_bsp.a(altera_avalon_timer_vars.o)
 .text          0x0000000000415504      0x110 ../NiosII_Bsp\libhal_bsp.a(altera_avalon_uart_fd.o)
                0x0000000000415504                altera_avalon_uart_read_fd
                0x0000000000415564                altera_avalon_uart_write_fd
                0x00000000004155c4                altera_avalon_uart_close_fd
 .text          0x0000000000415614      0x3b8 ../NiosII_Bsp\libhal_bsp.a(altera_avalon_uart_init.o)
                0x0000000000415614                altera_avalon_uart_init
                0x0000000000415978                altera_avalon_uart_close
 .text          0x00000000004159cc      0x22c ../NiosII_Bsp\libhal_bsp.a(altera_avalon_uart_read.o)
                0x0000000000415a1c                altera_avalon_uart_read
 .text          0x0000000000415bf8      0x1fc ../NiosII_Bsp\libhal_bsp.a(altera_avalon_uart_write.o)
                0x0000000000415c48                altera_avalon_uart_write
 .text          0x0000000000415df4      0x62c ../NiosII_Bsp\libhal_bsp.a(epcs_commands.o)
                0x0000000000415df4                epcs_read_status_register
                0x0000000000415ec0                epcs_sector_erase
                0x0000000000415fb8                epcs_read_buffer
                0x00000000004160ac                epcs_write_enable
                0x00000000004160fc                epcs_write_status_register
                0x0000000000416164                epcs_write_buffer
                0x0000000000416280                epcs_read_electronic_signature
                0x00000000004162e8                epcs_read_device_id
                0x0000000000416368                epcs_enter_4_bytes_mode
                0x00000000004163c4                epcs_exit_4_bytes_mode
 .text          0x0000000000416420      0x128 ../NiosII_Bsp\libhal_bsp.a(alt_close.o)
                0x0000000000416470                close
 .text          0x0000000000416548       0x1c ../NiosII_Bsp\libhal_bsp.a(alt_dcache_flush_all.o)
                0x0000000000416548                alt_dcache_flush_all
 .text          0x0000000000416564       0x2c ../NiosII_Bsp\libhal_bsp.a(alt_dev.o)
 .text          0x0000000000416590       0xf4 ../NiosII_Bsp\libhal_bsp.a(alt_dev_llist_insert.o)
                0x00000000004165e0                alt_dev_llist_insert
 .text          0x0000000000416684       0x5c ../NiosII_Bsp\libhal_bsp.a(alt_do_ctors.o)
                0x0000000000416684                _do_ctors
 .text          0x00000000004166e0       0x5c ../NiosII_Bsp\libhal_bsp.a(alt_do_dtors.o)
                0x00000000004166e0                _do_dtors
 .text          0x000000000041673c        0x0 ../NiosII_Bsp\libhal_bsp.a(alt_errno.o)
 .text          0x000000000041673c        0x0 ../NiosII_Bsp\libhal_bsp.a(alt_exception_entry.o)
 .text          0x000000000041673c       0xb8 ../NiosII_Bsp\libhal_bsp.a(alt_flash_dev.o)
                0x000000000041673c                alt_flash_open_dev
                0x00000000004167a4                alt_flash_close_dev
 .text          0x00000000004167f4       0x1c ../NiosII_Bsp\libhal_bsp.a(alt_icache_flush_all.o)
                0x00000000004167f4                alt_icache_flush_all
 .text          0x0000000000416810       0x9c ../NiosII_Bsp\libhal_bsp.a(alt_instruction_exception_entry.o)
                0x0000000000416810                alt_exception_cause_generated_bad_addr
 .text          0x00000000004168ac      0x158 ../NiosII_Bsp\libhal_bsp.a(alt_io_redirect.o)
                0x000000000041698c                alt_io_redirect
 .text          0x0000000000416a04      0x2a4 ../NiosII_Bsp\libhal_bsp.a(alt_open.o)
                0x0000000000416b48                open
 .text          0x0000000000416ca8       0x80 ../NiosII_Bsp\libhal_bsp.a(alt_release_fd.o)
                0x0000000000416ca8                alt_release_fd
 .text          0x0000000000416d28      0x19c ../NiosII_Bsp\libhal_bsp.a(alt_tick.o)
                0x0000000000416d28                alt_alarm_stop
                0x0000000000416dc0                alt_tick
 .text          0x0000000000416ec4       0x20 ../NiosII_Bsp\libhal_bsp.a(altera_nios2_gen2_irq.o)
                0x0000000000416ec4                altera_nios2_gen2_irq_init
 .text          0x0000000000416ee4      0x204 ../NiosII_Bsp\libhal_bsp.a(altera_avalon_spi.o)
                0x0000000000416ee4                alt_avalon_spi_command
 .text          0x00000000004170e8       0x90 ../NiosII_Bsp\libhal_bsp.a(alt_find_dev.o)
                0x00000000004170e8                alt_find_dev
 .text          0x0000000000417178      0x114 ../NiosII_Bsp\libhal_bsp.a(alt_find_file.o)
                0x0000000000417178                alt_find_file
 .text          0x000000000041728c       0xd4 ../NiosII_Bsp\libhal_bsp.a(alt_get_fd.o)
                0x000000000041728c                alt_get_fd
 .text          0x0000000000417360        0x0 c:/altera_lite/15.1/nios2eds/bin/gnu/h-x86_64-mingw32/bin/../lib/gcc/nios2-elf/4.9.2/../../../../../H-x86_64-mingw32/nios2-elf/lib/mno-hw-mul\libsmallc.a(lib_a-atexit.o)
 .text.atexit   0x0000000000417360       0x14 c:/altera_lite/15.1/nios2eds/bin/gnu/h-x86_64-mingw32/bin/../lib/gcc/nios2-elf/4.9.2/../../../../../H-x86_64-mingw32/nios2-elf/lib/mno-hw-mul\libsmallc.a(lib_a-atexit.o)
                0x0000000000417360                atexit
 .text          0x0000000000417374        0x0 c:/altera_lite/15.1/nios2eds/bin/gnu/h-x86_64-mingw32/bin/../lib/gcc/nios2-elf/4.9.2/../../../../../H-x86_64-mingw32/nios2-elf/lib/mno-hw-mul\libsmallc.a(lib_a-exit.o)
 .text.exit     0x0000000000417374       0x20 c:/altera_lite/15.1/nios2eds/bin/gnu/h-x86_64-mingw32/bin/../lib/gcc/nios2-elf/4.9.2/../../../../../H-x86_64-mingw32/nios2-elf/lib/mno-hw-mul\libsmallc.a(lib_a-exit.o)
                0x0000000000417374                exit
 .text          0x0000000000417394        0x0 c:/altera_lite/15.1/nios2eds/bin/gnu/h-x86_64-mingw32/bin/../lib/gcc/nios2-elf/4.9.2/../../../../../H-x86_64-mingw32/nios2-elf/lib/mno-hw-mul\libsmallc.a(lib_a-memcmp.o)
 .text.memcmp   0x0000000000417394       0x30 c:/altera_lite/15.1/nios2eds/bin/gnu/h-x86_64-mingw32/bin/../lib/gcc/nios2-elf/4.9.2/../../../../../H-x86_64-mingw32/nios2-elf/lib/mno-hw-mul\libsmallc.a(lib_a-memcmp.o)
                0x0000000000417394                memcmp
 .text          0x00000000004173c4        0x0 c:/altera_lite/15.1/nios2eds/bin/gnu/h-x86_64-mingw32/bin/../lib/gcc/nios2-elf/4.9.2/../../../../../H-x86_64-mingw32/nios2-elf/lib/mno-hw-mul\libsmallc.a(lib_a-__atexit.o)
 .text.__register_exitproc
                0x00000000004173c4      0x150 c:/altera_lite/15.1/nios2eds/bin/gnu/h-x86_64-mingw32/bin/../lib/gcc/nios2-elf/4.9.2/../../../../../H-x86_64-mingw32/nios2-elf/lib/mno-hw-mul\libsmallc.a(lib_a-__atexit.o)
                0x00000000004173c4                __register_exitproc
 .text          0x0000000000417514        0x0 c:/altera_lite/15.1/nios2eds/bin/gnu/h-x86_64-mingw32/bin/../lib/gcc/nios2-elf/4.9.2/../../../../../H-x86_64-mingw32/nios2-elf/lib/mno-hw-mul\libsmallc.a(lib_a-__call_atexit.o)
 .text.__call_exitprocs
                0x0000000000417514      0x19c c:/altera_lite/15.1/nios2eds/bin/gnu/h-x86_64-mingw32/bin/../lib/gcc/nios2-elf/4.9.2/../../../../../H-x86_64-mingw32/nios2-elf/lib/mno-hw-mul\libsmallc.a(lib_a-__call_atexit.o)
                0x0000000000417514                __call_exitprocs
 .text          0x00000000004176b0       0x34 ../NiosII_Bsp\libhal_bsp.a(alt_exit.o)
                0x00000000004176b0                _exit
 *(.gnu.warning.*)
 *(.fini)
                0x00000000004176e4                PROVIDE (__etext, ABSOLUTE (.))
                0x00000000004176e4                PROVIDE (_etext, ABSOLUTE (.))
                0x00000000004176e4                PROVIDE (etext, ABSOLUTE (.))
 *(.eh_frame_hdr)
                0x00000000004176e4                . = ALIGN (0x4)
                0x00000000004176e4                PROVIDE (__preinit_array_start, ABSOLUTE (.))
 *(.preinit_array)
                0x00000000004176e4                PROVIDE (__preinit_array_end, ABSOLUTE (.))
                0x00000000004176e4                PROVIDE (__init_array_start, ABSOLUTE (.))
 *(.init_array)
                0x00000000004176e4                PROVIDE (__init_array_end, ABSOLUTE (.))
                0x00000000004176e4                PROVIDE (__fini_array_start, ABSOLUTE (.))
 *(.fini_array)
                0x00000000004176e4                PROVIDE (__fini_array_end, ABSOLUTE (.))
 *(.eh_frame)
 *(.gcc_except_table .gcc_except_table.*)
 *(.dynamic)
                0x00000000004176e4                PROVIDE (__CTOR_LIST__, ABSOLUTE (.))
 *(.ctors)
 *(SORT(.ctors.*))
                0x00000000004176e4                PROVIDE (__CTOR_END__, ABSOLUTE (.))
                0x00000000004176e4                PROVIDE (__DTOR_LIST__, ABSOLUTE (.))
 *(.dtors)
 *(SORT(.dtors.*))
                0x00000000004176e4                PROVIDE (__DTOR_END__, ABSOLUTE (.))
 *(.jcr)
                0x00000000004176e4                . = ALIGN (0x4)

.rodata         0x00000000004176e4      0x1a8
                0x00000000004176e4                PROVIDE (__ram_rodata_start, ABSOLUTE (.))
                0x00000000004176e4                . = ALIGN (0x4)
 *(.rodata .rodata.* .gnu.linkonce.r.*)
 .rodata        0x00000000004176e4       0x44 obj/default/src/main.o
 .rodata        0x0000000000417728      0x100 c:/altera_lite/15.1/nios2eds/bin/gnu/h-x86_64-mingw32/bin/../lib/gcc/nios2-elf/4.9.2/mno-hw-mul\libgcc.a(_clz.o)
                0x0000000000417728                __clz_tab
 .rodata.str1.4
                0x0000000000417828        0x4 c:/altera_lite/15.1/nios2eds/bin/gnu/h-x86_64-mingw32/bin/../lib/gcc/nios2-elf/4.9.2/../../../../../H-x86_64-mingw32/nios2-elf/lib/mno-hw-mul\libsmallc.a(lib_a-puts.o)
 .rodata        0x000000000041782c       0x14 ../NiosII_Bsp\libhal_bsp.a(alt_main.o)
 .rodata        0x0000000000417840       0x40 ../NiosII_Bsp\libhal_bsp.a(alt_sys_init.o)
 .rodata        0x0000000000417880        0xc ../NiosII_Bsp\libhal_bsp.a(alt_dev.o)
 *(.rodata1)
                0x000000000041788c                . = ALIGN (0x4)
                0x000000000041788c                PROVIDE (__ram_rodata_end, ABSOLUTE (.))
                0x00000000004176e4                PROVIDE (__flash_rodata_start, LOADADDR (.rodata))

.rwdata         0x000000000041788c      0x478 load address 0x0000000000417d04
                0x000000000041788c                PROVIDE (__ram_rwdata_start, ABSOLUTE (.))
                0x000000000041788c                . = ALIGN (0x4)
 *(.got.plt)
 *(.got)
 *(.data1)
 *(.data .data.* .gnu.linkonce.d.*)
 .data          0x000000000041788c        0x0 ../NiosII_Bsp/obj/HAL/src/crt0.o
 .data          0x000000000041788c        0x0 obj/default/src/LIB_AP/Ap.o
 .data          0x000000000041788c        0x0 obj/default/src/LIB_AP/Lib/MSP.o
 .data          0x000000000041788c        0x0 obj/default/src/LIB_HW/Core/Hw_ISR.o
 .data          0x000000000041788c        0x0 obj/default/src/LIB_HW/Core/Hw_Timer.o
 .data          0x000000000041788c        0x0 obj/default/src/LIB_HW/Core/Hw_Uart.o
 .data          0x000000000041788c        0x0 obj/default/src/LIB_HW/Core/Hw_Uart_Q.o
 .data          0x000000000041788c        0x0 obj/default/src/LIB_HW/Driver/Hw_Led.o
 .data          0x000000000041788c        0x0 obj/default/src/LIB_HW/Hw.o
 .data          0x000000000041788c        0x0 obj/default/src/LIB_LB/Lb_Printf.o
 .data          0x000000000041788c        0x0 obj/default/src/LIB_LB/Lb_Util.o
 .data          0x000000000041788c        0x0 obj/default/src/main.o
 .data          0x000000000041788c        0x0 c:/altera_lite/15.1/nios2eds/bin/gnu/h-x86_64-mingw32/bin/../lib/gcc/nios2-elf/4.9.2/mno-hw-mul\libgcc.a(lib2-divmod.o)
 .data          0x000000000041788c        0x0 c:/altera_lite/15.1/nios2eds/bin/gnu/h-x86_64-mingw32/bin/../lib/gcc/nios2-elf/4.9.2/mno-hw-mul\libgcc.a(lib2-mul.o)
 .data          0x000000000041788c        0x0 c:/altera_lite/15.1/nios2eds/bin/gnu/h-x86_64-mingw32/bin/../lib/gcc/nios2-elf/4.9.2/mno-hw-mul\libgcc.a(addsf3.o)
 .data          0x000000000041788c        0x0 c:/altera_lite/15.1/nios2eds/bin/gnu/h-x86_64-mingw32/bin/../lib/gcc/nios2-elf/4.9.2/mno-hw-mul\libgcc.a(divsf3.o)
 .data          0x000000000041788c        0x0 c:/altera_lite/15.1/nios2eds/bin/gnu/h-x86_64-mingw32/bin/../lib/gcc/nios2-elf/4.9.2/mno-hw-mul\libgcc.a(subsf3.o)
 .data          0x000000000041788c        0x0 c:/altera_lite/15.1/nios2eds/bin/gnu/h-x86_64-mingw32/bin/../lib/gcc/nios2-elf/4.9.2/mno-hw-mul\libgcc.a(fixsfsi.o)
 .data          0x000000000041788c        0x0 c:/altera_lite/15.1/nios2eds/bin/gnu/h-x86_64-mingw32/bin/../lib/gcc/nios2-elf/4.9.2/mno-hw-mul\libgcc.a(floatsisf.o)
 .data          0x000000000041788c        0x0 c:/altera_lite/15.1/nios2eds/bin/gnu/h-x86_64-mingw32/bin/../lib/gcc/nios2-elf/4.9.2/mno-hw-mul\libgcc.a(_clzsi2.o)
 .data          0x000000000041788c        0x0 c:/altera_lite/15.1/nios2eds/bin/gnu/h-x86_64-mingw32/bin/../lib/gcc/nios2-elf/4.9.2/mno-hw-mul\libgcc.a(_clz.o)
 .data          0x000000000041788c        0x0 c:/altera_lite/15.1/nios2eds/bin/gnu/h-x86_64-mingw32/bin/../lib/gcc/nios2-elf/4.9.2/../../../../../H-x86_64-mingw32/nios2-elf/lib/mno-hw-mul\libsmallc.a(lib_a-printf.o)
 .data          0x000000000041788c        0x0 c:/altera_lite/15.1/nios2eds/bin/gnu/h-x86_64-mingw32/bin/../lib/gcc/nios2-elf/4.9.2/../../../../../H-x86_64-mingw32/nios2-elf/lib/mno-hw-mul\libsmallc.a(lib_a-puts.o)
 .data          0x000000000041788c        0x0 c:/altera_lite/15.1/nios2eds/bin/gnu/h-x86_64-mingw32/bin/../lib/gcc/nios2-elf/4.9.2/../../../../../H-x86_64-mingw32/nios2-elf/lib/mno-hw-mul\libsmallc.a(lib_a-strlen.o)
 .data          0x000000000041788c        0x0 c:/altera_lite/15.1/nios2eds/bin/gnu/h-x86_64-mingw32/bin/../lib/gcc/nios2-elf/4.9.2/../../../../../H-x86_64-mingw32/nios2-elf/lib/mno-hw-mul\libsmallc.a(lib_a-vfprintf.o)
 .data          0x000000000041788c        0x0 c:/altera_lite/15.1/nios2eds/bin/gnu/h-x86_64-mingw32/bin/../lib/gcc/nios2-elf/4.9.2/../../../../../H-x86_64-mingw32/nios2-elf/lib/mno-hw-mul\libsmallc.a(lib_a-vsprintf.o)
 .data          0x000000000041788c        0x0 c:/altera_lite/15.1/nios2eds/bin/gnu/h-x86_64-mingw32/bin/../lib/gcc/nios2-elf/4.9.2/../../../../../H-x86_64-mingw32/nios2-elf/lib/mno-hw-mul\libsmallc.a(lib_a-fvwrite_small_dev.o)
 .data          0x000000000041788c        0x0 c:/altera_lite/15.1/nios2eds/bin/gnu/h-x86_64-mingw32/bin/../lib/gcc/nios2-elf/4.9.2/../../../../../H-x86_64-mingw32/nios2-elf/lib/mno-hw-mul\libsmallc.a(lib_a-fvwrite_small_str.o)
 .data          0x000000000041788c        0x0 c:/altera_lite/15.1/nios2eds/bin/gnu/h-x86_64-mingw32/bin/../lib/gcc/nios2-elf/4.9.2/../../../../../H-x86_64-mingw32/nios2-elf/lib/mno-hw-mul\libsmallc.a(lib_a-impure.o)
 .data.impure_data
                0x000000000041788c       0xe0 c:/altera_lite/15.1/nios2eds/bin/gnu/h-x86_64-mingw32/bin/../lib/gcc/nios2-elf/4.9.2/../../../../../H-x86_64-mingw32/nios2-elf/lib/mno-hw-mul\libsmallc.a(lib_a-impure.o)
 .data          0x000000000041796c        0x0 c:/altera_lite/15.1/nios2eds/bin/gnu/h-x86_64-mingw32/bin/../lib/gcc/nios2-elf/4.9.2/../../../../../H-x86_64-mingw32/nios2-elf/lib/mno-hw-mul\libsmallc.a(lib_a-memmove.o)
 .data          0x000000000041796c        0x0 c:/altera_lite/15.1/nios2eds/bin/gnu/h-x86_64-mingw32/bin/../lib/gcc/nios2-elf/4.9.2/../../../../../H-x86_64-mingw32/nios2-elf/lib/mno-hw-mul\libsmallc.a(lib_a-svfprintf.o)
 .data          0x000000000041796c        0x0 c:/altera_lite/15.1/nios2eds/bin/gnu/h-x86_64-mingw32/bin/../lib/gcc/nios2-elf/4.9.2/../../../../../H-x86_64-mingw32/nios2-elf/lib/mno-hw-mul\libsmallc.a(lib_a-writer.o)
 .data          0x000000000041796c        0x0 c:/altera_lite/15.1/nios2eds/bin/gnu/h-x86_64-mingw32/bin/../lib/gcc/nios2-elf/4.9.2/../../../../../H-x86_64-mingw32/nios2-elf/lib/mno-hw-mul\libsmallc.a(lib_a-int_errno.o)
 .data          0x000000000041796c        0x0 ../NiosII_Bsp\libhal_bsp.a(alt_iic.o)
 .data          0x000000000041796c        0x0 ../NiosII_Bsp\libhal_bsp.a(alt_iic_isr_register.o)
 .data          0x000000000041796c        0x0 ../NiosII_Bsp\libhal_bsp.a(alt_irq_entry.o)
 .data          0x000000000041796c        0x0 ../NiosII_Bsp\libhal_bsp.a(alt_irq_handler.o)
 .data          0x000000000041796c        0x0 ../NiosII_Bsp\libhal_bsp.a(alt_irq_vars.o)
 .data          0x000000000041796c        0x0 ../NiosII_Bsp\libhal_bsp.a(alt_load.o)
 .data          0x000000000041796c        0x0 ../NiosII_Bsp\libhal_bsp.a(alt_main.o)
 .data          0x000000000041796c        0x0 ../NiosII_Bsp\libhal_bsp.a(alt_write.o)
 .data          0x000000000041796c      0x1bc ../NiosII_Bsp\libhal_bsp.a(alt_sys_init.o)
 .data          0x0000000000417b28        0x0 ../NiosII_Bsp\libhal_bsp.a(altera_avalon_epcs_flash_controller.o)
 .data          0x0000000000417b28        0x0 ../NiosII_Bsp\libhal_bsp.a(altera_avalon_jtag_uart_fd.o)
 .data          0x0000000000417b28        0x0 ../NiosII_Bsp\libhal_bsp.a(altera_avalon_jtag_uart_read.o)
 .data          0x0000000000417b28        0x0 ../NiosII_Bsp\libhal_bsp.a(altera_avalon_jtag_uart_write.o)
 .data          0x0000000000417b28        0x0 ../NiosII_Bsp\libhal_bsp.a(altera_avalon_timer_sc.o)
 .data          0x0000000000417b28        0x0 ../NiosII_Bsp\libhal_bsp.a(altera_avalon_timer_ts.o)
 .data          0x0000000000417b28        0x0 ../NiosII_Bsp\libhal_bsp.a(altera_avalon_timer_vars.o)
 .data          0x0000000000417b28        0x0 ../NiosII_Bsp\libhal_bsp.a(altera_avalon_uart_fd.o)
 .data          0x0000000000417b28        0x0 ../NiosII_Bsp\libhal_bsp.a(altera_avalon_uart_init.o)
 .data          0x0000000000417b28        0x0 ../NiosII_Bsp\libhal_bsp.a(altera_avalon_uart_read.o)
 .data          0x0000000000417b28        0x0 ../NiosII_Bsp\libhal_bsp.a(altera_avalon_uart_write.o)
 .data          0x0000000000417b28        0x0 ../NiosII_Bsp\libhal_bsp.a(epcs_commands.o)
 .data          0x0000000000417b28        0x0 ../NiosII_Bsp\libhal_bsp.a(alt_close.o)
 .data          0x0000000000417b28        0x0 ../NiosII_Bsp\libhal_bsp.a(alt_dcache_flush_all.o)
 .data          0x0000000000417b28      0x1a8 ../NiosII_Bsp\libhal_bsp.a(alt_dev.o)
                0x0000000000417b28                alt_dev_null
                0x0000000000417b50                alt_fd_list
 .data          0x0000000000417cd0        0x0 ../NiosII_Bsp\libhal_bsp.a(alt_dev_llist_insert.o)
 .data          0x0000000000417cd0        0x0 ../NiosII_Bsp\libhal_bsp.a(alt_do_ctors.o)
 .data          0x0000000000417cd0        0x0 ../NiosII_Bsp\libhal_bsp.a(alt_do_dtors.o)
 .data          0x0000000000417cd0        0x0 ../NiosII_Bsp\libhal_bsp.a(alt_errno.o)
 .data          0x0000000000417cd0        0x0 ../NiosII_Bsp\libhal_bsp.a(alt_exception_entry.o)
 .data          0x0000000000417cd0        0x0 ../NiosII_Bsp\libhal_bsp.a(alt_flash_dev.o)
 .data          0x0000000000417cd0        0x0 ../NiosII_Bsp\libhal_bsp.a(alt_icache_flush_all.o)
 .data          0x0000000000417cd0        0x0 ../NiosII_Bsp\libhal_bsp.a(alt_instruction_exception_entry.o)
 .data          0x0000000000417cd0        0x0 ../NiosII_Bsp\libhal_bsp.a(alt_io_redirect.o)
 .data          0x0000000000417cd0        0x0 ../NiosII_Bsp\libhal_bsp.a(alt_open.o)
 .data          0x0000000000417cd0        0x0 ../NiosII_Bsp\libhal_bsp.a(alt_release_fd.o)
 .data          0x0000000000417cd0        0x0 ../NiosII_Bsp\libhal_bsp.a(alt_tick.o)
 .data          0x0000000000417cd0        0x0 ../NiosII_Bsp\libhal_bsp.a(altera_nios2_gen2_irq.o)
 .data          0x0000000000417cd0        0x0 ../NiosII_Bsp\libhal_bsp.a(altera_avalon_spi.o)
 .data          0x0000000000417cd0        0x0 ../NiosII_Bsp\libhal_bsp.a(alt_find_dev.o)
 .data          0x0000000000417cd0        0x0 ../NiosII_Bsp\libhal_bsp.a(alt_find_file.o)
 .data          0x0000000000417cd0        0x0 ../NiosII_Bsp\libhal_bsp.a(alt_get_fd.o)
 .data          0x0000000000417cd0        0x0 c:/altera_lite/15.1/nios2eds/bin/gnu/h-x86_64-mingw32/bin/../lib/gcc/nios2-elf/4.9.2/../../../../../H-x86_64-mingw32/nios2-elf/lib/mno-hw-mul\libsmallc.a(lib_a-atexit.o)
 .data          0x0000000000417cd0        0x0 c:/altera_lite/15.1/nios2eds/bin/gnu/h-x86_64-mingw32/bin/../lib/gcc/nios2-elf/4.9.2/../../../../../H-x86_64-mingw32/nios2-elf/lib/mno-hw-mul\libsmallc.a(lib_a-exit.o)
 .data          0x0000000000417cd0        0x0 c:/altera_lite/15.1/nios2eds/bin/gnu/h-x86_64-mingw32/bin/../lib/gcc/nios2-elf/4.9.2/../../../../../H-x86_64-mingw32/nios2-elf/lib/mno-hw-mul\libsmallc.a(lib_a-memcmp.o)
 .data          0x0000000000417cd0        0x0 c:/altera_lite/15.1/nios2eds/bin/gnu/h-x86_64-mingw32/bin/../lib/gcc/nios2-elf/4.9.2/../../../../../H-x86_64-mingw32/nios2-elf/lib/mno-hw-mul\libsmallc.a(lib_a-__atexit.o)
 .data          0x0000000000417cd0        0x0 c:/altera_lite/15.1/nios2eds/bin/gnu/h-x86_64-mingw32/bin/../lib/gcc/nios2-elf/4.9.2/../../../../../H-x86_64-mingw32/nios2-elf/lib/mno-hw-mul\libsmallc.a(lib_a-__call_atexit.o)
 .data          0x0000000000417cd0        0x0 ../NiosII_Bsp\libhal_bsp.a(alt_exit.o)
                0x000000000041fcd0                _gp = ABSOLUTE ((. + 0x8000))
                0x000000000041fcd0                PROVIDE (gp, _gp)
 *(.rwdata .rwdata.*)
 *(.sdata .sdata.* .gnu.linkonce.s.*)
 .sdata._global_impure_ptr
                0x0000000000417cd0        0x4 c:/altera_lite/15.1/nios2eds/bin/gnu/h-x86_64-mingw32/bin/../lib/gcc/nios2-elf/4.9.2/../../../../../H-x86_64-mingw32/nios2-elf/lib/mno-hw-mul\libsmallc.a(lib_a-impure.o)
                0x0000000000417cd0                _global_impure_ptr
 .sdata._impure_ptr
                0x0000000000417cd4        0x4 c:/altera_lite/15.1/nios2eds/bin/gnu/h-x86_64-mingw32/bin/../lib/gcc/nios2-elf/4.9.2/../../../../../H-x86_64-mingw32/nios2-elf/lib/mno-hw-mul\libsmallc.a(lib_a-impure.o)
                0x0000000000417cd4                _impure_ptr
 .sdata         0x0000000000417cd8        0x4 ../NiosII_Bsp\libhal_bsp.a(alt_irq_vars.o)
                0x0000000000417cd8                alt_priority_mask
 .sdata         0x0000000000417cdc       0x14 ../NiosII_Bsp\libhal_bsp.a(alt_dev.o)
                0x0000000000417cdc                alt_fs_list
                0x0000000000417ce4                alt_dev_list
                0x0000000000417cec                alt_max_fd
 .sdata         0x0000000000417cf0        0x4 ../NiosII_Bsp\libhal_bsp.a(alt_errno.o)
                0x0000000000417cf0                alt_errno
 .sdata         0x0000000000417cf4        0x8 ../NiosII_Bsp\libhal_bsp.a(alt_flash_dev.o)
                0x0000000000417cf4                alt_flash_dev_list
 .sdata         0x0000000000417cfc        0x8 ../NiosII_Bsp\libhal_bsp.a(alt_tick.o)
                0x0000000000417cfc                alt_alarm_list
 *(.sdata2 .sdata2.* .gnu.linkonce.s2.*)
                0x0000000000417d04                . = ALIGN (0x4)
                0x0000000000417d04                _edata = ABSOLUTE (.)
                0x0000000000417d04                PROVIDE (edata, ABSOLUTE (.))
                0x0000000000417d04                PROVIDE (__ram_rwdata_end, ABSOLUTE (.))
                0x0000000000417d04                PROVIDE (__flash_rwdata_start, LOADADDR (.rwdata))

.bss            0x000000000041817c      0x3e8
                0x000000000041817c                __bss_start = ABSOLUTE (.)
                0x000000000041817c                PROVIDE (__sbss_start, ABSOLUTE (.))
                0x000000000041817c                PROVIDE (___sbss_start, ABSOLUTE (.))
 *(.dynsbss)
 *(.sbss .sbss.* .gnu.linkonce.sb.*)
 .sbss          0x000000000041817c       0x18 obj/default/src/LIB_AP/Lib/MSP.o
 .sbss          0x0000000000418194        0xc obj/default/src/LIB_HW/Core/Hw_Timer.o
 .sbss          0x00000000004181a0        0x4 c:/altera_lite/15.1/nios2eds/bin/gnu/h-x86_64-mingw32/bin/../lib/gcc/nios2-elf/4.9.2/../../../../../H-x86_64-mingw32/nios2-elf/lib/mno-hw-mul\libsmallc.a(lib_a-int_errno.o)
                0x00000000004181a0                errno
 .sbss          0x00000000004181a4        0x4 ../NiosII_Bsp\libhal_bsp.a(alt_irq_vars.o)
                0x00000000004181a4                alt_irq_active
 .sbss          0x00000000004181a8        0xc ../NiosII_Bsp\libhal_bsp.a(alt_main.o)
                0x00000000004181a8                alt_argc
                0x00000000004181ac                alt_argv
                0x00000000004181b0                alt_envp
 .sbss          0x00000000004181b4        0x8 ../NiosII_Bsp\libhal_bsp.a(altera_avalon_timer_vars.o)
                0x00000000004181b4                altera_avalon_timer_ts_base
                0x00000000004181b8                altera_avalon_timer_ts_freq
 .sbss          0x00000000004181bc        0x4 ../NiosII_Bsp\libhal_bsp.a(alt_instruction_exception_entry.o)
                0x00000000004181bc                alt_instruction_exception_handler
 .sbss          0x00000000004181c0        0x8 ../NiosII_Bsp\libhal_bsp.a(alt_tick.o)
                0x00000000004181c0                _alt_tick_rate
                0x00000000004181c4                _alt_nticks
 *(.sbss2 .sbss2.* .gnu.linkonce.sb2.*)
 *(.scommon)
                0x00000000004181c8                PROVIDE (__sbss_end, ABSOLUTE (.))
                0x00000000004181c8                PROVIDE (___sbss_end, ABSOLUTE (.))
 *(.dynbss)
 *(.bss .bss.* .gnu.linkonce.b.*)
 .bss           0x00000000004181c8        0x0 ../NiosII_Bsp/obj/HAL/src/crt0.o
 .bss           0x00000000004181c8        0x0 obj/default/src/LIB_AP/Ap.o
 .bss           0x00000000004181c8       0x87 obj/default/src/LIB_AP/Lib/MSP.o
 .bss           0x000000000041824f        0x0 obj/default/src/LIB_HW/Core/Hw_ISR.o
 *fill*         0x000000000041824f        0x1 
 .bss           0x0000000000418250       0xa0 obj/default/src/LIB_HW/Core/Hw_Timer.o
 .bss           0x00000000004182f0        0x0 obj/default/src/LIB_HW/Core/Hw_Uart.o
 .bss           0x00000000004182f0        0x0 obj/default/src/LIB_HW/Core/Hw_Uart_Q.o
 .bss           0x00000000004182f0        0x0 obj/default/src/LIB_HW/Driver/Hw_Led.o
 .bss           0x00000000004182f0        0x0 obj/default/src/LIB_HW/Hw.o
 .bss           0x00000000004182f0        0x0 obj/default/src/LIB_LB/Lb_Printf.o
 .bss           0x00000000004182f0        0x0 obj/default/src/LIB_LB/Lb_Util.o
 .bss           0x00000000004182f0        0x0 obj/default/src/main.o
 .bss           0x00000000004182f0        0x0 c:/altera_lite/15.1/nios2eds/bin/gnu/h-x86_64-mingw32/bin/../lib/gcc/nios2-elf/4.9.2/mno-hw-mul\libgcc.a(lib2-divmod.o)
 .bss           0x00000000004182f0        0x0 c:/altera_lite/15.1/nios2eds/bin/gnu/h-x86_64-mingw32/bin/../lib/gcc/nios2-elf/4.9.2/mno-hw-mul\libgcc.a(lib2-mul.o)
 .bss           0x00000000004182f0        0x0 c:/altera_lite/15.1/nios2eds/bin/gnu/h-x86_64-mingw32/bin/../lib/gcc/nios2-elf/4.9.2/mno-hw-mul\libgcc.a(addsf3.o)
 .bss           0x00000000004182f0        0x0 c:/altera_lite/15.1/nios2eds/bin/gnu/h-x86_64-mingw32/bin/../lib/gcc/nios2-elf/4.9.2/mno-hw-mul\libgcc.a(divsf3.o)
 .bss           0x00000000004182f0        0x0 c:/altera_lite/15.1/nios2eds/bin/gnu/h-x86_64-mingw32/bin/../lib/gcc/nios2-elf/4.9.2/mno-hw-mul\libgcc.a(subsf3.o)
 .bss           0x00000000004182f0        0x0 c:/altera_lite/15.1/nios2eds/bin/gnu/h-x86_64-mingw32/bin/../lib/gcc/nios2-elf/4.9.2/mno-hw-mul\libgcc.a(fixsfsi.o)
 .bss           0x00000000004182f0        0x0 c:/altera_lite/15.1/nios2eds/bin/gnu/h-x86_64-mingw32/bin/../lib/gcc/nios2-elf/4.9.2/mno-hw-mul\libgcc.a(floatsisf.o)
 .bss           0x00000000004182f0        0x0 c:/altera_lite/15.1/nios2eds/bin/gnu/h-x86_64-mingw32/bin/../lib/gcc/nios2-elf/4.9.2/mno-hw-mul\libgcc.a(_clzsi2.o)
 .bss           0x00000000004182f0        0x0 c:/altera_lite/15.1/nios2eds/bin/gnu/h-x86_64-mingw32/bin/../lib/gcc/nios2-elf/4.9.2/mno-hw-mul\libgcc.a(_clz.o)
 .bss           0x00000000004182f0        0x0 c:/altera_lite/15.1/nios2eds/bin/gnu/h-x86_64-mingw32/bin/../lib/gcc/nios2-elf/4.9.2/../../../../../H-x86_64-mingw32/nios2-elf/lib/mno-hw-mul\libsmallc.a(lib_a-printf.o)
 .bss           0x00000000004182f0        0x0 c:/altera_lite/15.1/nios2eds/bin/gnu/h-x86_64-mingw32/bin/../lib/gcc/nios2-elf/4.9.2/../../../../../H-x86_64-mingw32/nios2-elf/lib/mno-hw-mul\libsmallc.a(lib_a-puts.o)
 .bss           0x00000000004182f0        0x0 c:/altera_lite/15.1/nios2eds/bin/gnu/h-x86_64-mingw32/bin/../lib/gcc/nios2-elf/4.9.2/../../../../../H-x86_64-mingw32/nios2-elf/lib/mno-hw-mul\libsmallc.a(lib_a-strlen.o)
 .bss           0x00000000004182f0        0x0 c:/altera_lite/15.1/nios2eds/bin/gnu/h-x86_64-mingw32/bin/../lib/gcc/nios2-elf/4.9.2/../../../../../H-x86_64-mingw32/nios2-elf/lib/mno-hw-mul\libsmallc.a(lib_a-vfprintf.o)
 .bss           0x00000000004182f0        0x0 c:/altera_lite/15.1/nios2eds/bin/gnu/h-x86_64-mingw32/bin/../lib/gcc/nios2-elf/4.9.2/../../../../../H-x86_64-mingw32/nios2-elf/lib/mno-hw-mul\libsmallc.a(lib_a-vsprintf.o)
 .bss           0x00000000004182f0        0x0 c:/altera_lite/15.1/nios2eds/bin/gnu/h-x86_64-mingw32/bin/../lib/gcc/nios2-elf/4.9.2/../../../../../H-x86_64-mingw32/nios2-elf/lib/mno-hw-mul\libsmallc.a(lib_a-fvwrite_small_dev.o)
 .bss           0x00000000004182f0        0x0 c:/altera_lite/15.1/nios2eds/bin/gnu/h-x86_64-mingw32/bin/../lib/gcc/nios2-elf/4.9.2/../../../../../H-x86_64-mingw32/nios2-elf/lib/mno-hw-mul\libsmallc.a(lib_a-fvwrite_small_str.o)
 .bss           0x00000000004182f0        0x0 c:/altera_lite/15.1/nios2eds/bin/gnu/h-x86_64-mingw32/bin/../lib/gcc/nios2-elf/4.9.2/../../../../../H-x86_64-mingw32/nios2-elf/lib/mno-hw-mul\libsmallc.a(lib_a-impure.o)
 .bss           0x00000000004182f0        0x0 c:/altera_lite/15.1/nios2eds/bin/gnu/h-x86_64-mingw32/bin/../lib/gcc/nios2-elf/4.9.2/../../../../../H-x86_64-mingw32/nios2-elf/lib/mno-hw-mul\libsmallc.a(lib_a-memmove.o)
 .bss           0x00000000004182f0        0x0 c:/altera_lite/15.1/nios2eds/bin/gnu/h-x86_64-mingw32/bin/../lib/gcc/nios2-elf/4.9.2/../../../../../H-x86_64-mingw32/nios2-elf/lib/mno-hw-mul\libsmallc.a(lib_a-svfprintf.o)
 .bss           0x00000000004182f0        0x0 c:/altera_lite/15.1/nios2eds/bin/gnu/h-x86_64-mingw32/bin/../lib/gcc/nios2-elf/4.9.2/../../../../../H-x86_64-mingw32/nios2-elf/lib/mno-hw-mul\libsmallc.a(lib_a-writer.o)
 .bss           0x00000000004182f0        0x0 c:/altera_lite/15.1/nios2eds/bin/gnu/h-x86_64-mingw32/bin/../lib/gcc/nios2-elf/4.9.2/../../../../../H-x86_64-mingw32/nios2-elf/lib/mno-hw-mul\libsmallc.a(lib_a-int_errno.o)
 .bss           0x00000000004182f0        0x0 ../NiosII_Bsp\libhal_bsp.a(alt_iic.o)
 .bss           0x00000000004182f0        0x0 ../NiosII_Bsp\libhal_bsp.a(alt_iic_isr_register.o)
 .bss           0x00000000004182f0        0x0 ../NiosII_Bsp\libhal_bsp.a(alt_irq_entry.o)
 .bss           0x00000000004182f0        0x0 ../NiosII_Bsp\libhal_bsp.a(alt_irq_handler.o)
 .bss           0x00000000004182f0        0x0 ../NiosII_Bsp\libhal_bsp.a(alt_irq_vars.o)
 .bss           0x00000000004182f0        0x0 ../NiosII_Bsp\libhal_bsp.a(alt_load.o)
 .bss           0x00000000004182f0        0x0 ../NiosII_Bsp\libhal_bsp.a(alt_main.o)
 .bss           0x00000000004182f0        0x0 ../NiosII_Bsp\libhal_bsp.a(alt_write.o)
 .bss           0x00000000004182f0        0x0 ../NiosII_Bsp\libhal_bsp.a(alt_sys_init.o)
 .bss           0x00000000004182f0        0x0 ../NiosII_Bsp\libhal_bsp.a(altera_avalon_epcs_flash_controller.o)
 .bss           0x00000000004182f0        0x0 ../NiosII_Bsp\libhal_bsp.a(altera_avalon_jtag_uart_fd.o)
 .bss           0x00000000004182f0        0x0 ../NiosII_Bsp\libhal_bsp.a(altera_avalon_jtag_uart_read.o)
 .bss           0x00000000004182f0        0x0 ../NiosII_Bsp\libhal_bsp.a(altera_avalon_jtag_uart_write.o)
 .bss           0x00000000004182f0        0x0 ../NiosII_Bsp\libhal_bsp.a(altera_avalon_timer_sc.o)
 .bss           0x00000000004182f0        0x0 ../NiosII_Bsp\libhal_bsp.a(altera_avalon_timer_ts.o)
 .bss           0x00000000004182f0        0x0 ../NiosII_Bsp\libhal_bsp.a(altera_avalon_timer_vars.o)
 .bss           0x00000000004182f0        0x0 ../NiosII_Bsp\libhal_bsp.a(altera_avalon_uart_fd.o)
 .bss           0x00000000004182f0        0x0 ../NiosII_Bsp\libhal_bsp.a(altera_avalon_uart_init.o)
 .bss           0x00000000004182f0        0x0 ../NiosII_Bsp\libhal_bsp.a(altera_avalon_uart_read.o)
 .bss           0x00000000004182f0        0x0 ../NiosII_Bsp\libhal_bsp.a(altera_avalon_uart_write.o)
 .bss           0x00000000004182f0        0x0 ../NiosII_Bsp\libhal_bsp.a(epcs_commands.o)
 .bss           0x00000000004182f0        0x0 ../NiosII_Bsp\libhal_bsp.a(alt_close.o)
 .bss           0x00000000004182f0        0x0 ../NiosII_Bsp\libhal_bsp.a(alt_dcache_flush_all.o)
 .bss           0x00000000004182f0        0x0 ../NiosII_Bsp\libhal_bsp.a(alt_dev.o)
 .bss           0x00000000004182f0        0x0 ../NiosII_Bsp\libhal_bsp.a(alt_dev_llist_insert.o)
 .bss           0x00000000004182f0        0x0 ../NiosII_Bsp\libhal_bsp.a(alt_do_ctors.o)
 .bss           0x00000000004182f0        0x0 ../NiosII_Bsp\libhal_bsp.a(alt_do_dtors.o)
 .bss           0x00000000004182f0        0x0 ../NiosII_Bsp\libhal_bsp.a(alt_errno.o)
 .bss           0x00000000004182f0        0x0 ../NiosII_Bsp\libhal_bsp.a(alt_exception_entry.o)
 .bss           0x00000000004182f0        0x0 ../NiosII_Bsp\libhal_bsp.a(alt_flash_dev.o)
 .bss           0x00000000004182f0        0x0 ../NiosII_Bsp\libhal_bsp.a(alt_icache_flush_all.o)
 .bss           0x00000000004182f0        0x0 ../NiosII_Bsp\libhal_bsp.a(alt_instruction_exception_entry.o)
 .bss           0x00000000004182f0        0x0 ../NiosII_Bsp\libhal_bsp.a(alt_io_redirect.o)
 .bss           0x00000000004182f0        0x0 ../NiosII_Bsp\libhal_bsp.a(alt_open.o)
 .bss           0x00000000004182f0        0x0 ../NiosII_Bsp\libhal_bsp.a(alt_release_fd.o)
 .bss           0x00000000004182f0        0x0 ../NiosII_Bsp\libhal_bsp.a(alt_tick.o)
 .bss           0x00000000004182f0        0x0 ../NiosII_Bsp\libhal_bsp.a(altera_nios2_gen2_irq.o)
 .bss           0x00000000004182f0        0x0 ../NiosII_Bsp\libhal_bsp.a(altera_avalon_spi.o)
 .bss           0x00000000004182f0        0x0 ../NiosII_Bsp\libhal_bsp.a(alt_find_dev.o)
 .bss           0x00000000004182f0        0x0 ../NiosII_Bsp\libhal_bsp.a(alt_find_file.o)
 .bss           0x00000000004182f0        0x0 ../NiosII_Bsp\libhal_bsp.a(alt_get_fd.o)
 .bss           0x00000000004182f0        0x0 c:/altera_lite/15.1/nios2eds/bin/gnu/h-x86_64-mingw32/bin/../lib/gcc/nios2-elf/4.9.2/../../../../../H-x86_64-mingw32/nios2-elf/lib/mno-hw-mul\libsmallc.a(lib_a-atexit.o)
 .bss           0x00000000004182f0        0x0 c:/altera_lite/15.1/nios2eds/bin/gnu/h-x86_64-mingw32/bin/../lib/gcc/nios2-elf/4.9.2/../../../../../H-x86_64-mingw32/nios2-elf/lib/mno-hw-mul\libsmallc.a(lib_a-exit.o)
 .bss           0x00000000004182f0        0x0 c:/altera_lite/15.1/nios2eds/bin/gnu/h-x86_64-mingw32/bin/../lib/gcc/nios2-elf/4.9.2/../../../../../H-x86_64-mingw32/nios2-elf/lib/mno-hw-mul\libsmallc.a(lib_a-memcmp.o)
 .bss           0x00000000004182f0        0x0 c:/altera_lite/15.1/nios2eds/bin/gnu/h-x86_64-mingw32/bin/../lib/gcc/nios2-elf/4.9.2/../../../../../H-x86_64-mingw32/nios2-elf/lib/mno-hw-mul\libsmallc.a(lib_a-__atexit.o)
 .bss           0x00000000004182f0        0x0 c:/altera_lite/15.1/nios2eds/bin/gnu/h-x86_64-mingw32/bin/../lib/gcc/nios2-elf/4.9.2/../../../../../H-x86_64-mingw32/nios2-elf/lib/mno-hw-mul\libsmallc.a(lib_a-__call_atexit.o)
 .bss           0x00000000004182f0        0x0 ../NiosII_Bsp\libhal_bsp.a(alt_exit.o)
 *(COMMON)
 COMMON         0x00000000004182f0       0x60 obj/default/src/LIB_HW/Core/Hw_Uart.o
                0x00000000004182f0                Hw_Uart_Ch
 COMMON         0x0000000000418350      0x112 obj/default/src/LIB_HW/Core/Hw_Uart_Q.o
                0x0000000000418350                Hw_Uart_Q_Buffer
                0x0000000000418438                Hw_Uart_Q_Size
                0x0000000000418446                Hw_Uart_Q_End
                0x0000000000418454                Hw_Uart_Q_Start
 *fill*         0x0000000000418462        0x2 
 COMMON         0x0000000000418464      0x100 ../NiosII_Bsp\libhal_bsp.a(alt_irq_handler.o)
                0x0000000000418464                alt_irq
                0x0000000000418564                . = ALIGN (0x4)
                0x0000000000418564                __bss_end = ABSOLUTE (.)

.epcs_flash_controller_0
                0x0000000000021000        0x0 load address 0x0000000000418564
                0x0000000000021000                PROVIDE (_alt_partition_epcs_flash_controller_0_start, ABSOLUTE (.))
 *(.epcs_flash_controller_0 .epcs_flash_controller_0. epcs_flash_controller_0.*)
                0x0000000000021000                . = ALIGN (0x4)
                0x0000000000021000                PROVIDE (_alt_partition_epcs_flash_controller_0_end, ABSOLUTE (.))
                0x0000000000418564                PROVIDE (_alt_partition_epcs_flash_controller_0_load_addr, LOADADDR (.epcs_flash_controller_0))

.onchip_memory2_0
                0x0000000000418564        0x0
                0x0000000000418564                PROVIDE (_alt_partition_onchip_memory2_0_start, ABSOLUTE (.))
 *(.onchip_memory2_0 .onchip_memory2_0. onchip_memory2_0.*)
                0x0000000000418564                . = ALIGN (0x4)
                0x0000000000418564                PROVIDE (_alt_partition_onchip_memory2_0_end, ABSOLUTE (.))
                0x0000000000418564                _end = ABSOLUTE (.)
                0x0000000000418564                end = ABSOLUTE (.)
                0x0000000000418564                __alt_stack_base = ABSOLUTE (.)
                0x0000000000418564                PROVIDE (_alt_partition_onchip_memory2_0_load_addr, LOADADDR (.onchip_memory2_0))

.stab
 *(.stab)

.stabstr
 *(.stabstr)

.stab.excl
 *(.stab.excl)

.stab.exclstr
 *(.stab.exclstr)

.stab.index
 *(.stab.index)

.stab.indexstr
 *(.stab.indexstr)

.comment        0x0000000000000000       0x23
 *(.comment)
 .comment       0x0000000000000000       0x23 obj/default/src/LIB_AP/Ap.o
                                         0x24 (size before relaxing)
 .comment       0x0000000000000000       0x24 obj/default/src/LIB_AP/Lib/MSP.o
 .comment       0x0000000000000000       0x24 obj/default/src/LIB_HW/Core/Hw_ISR.o
 .comment       0x0000000000000000       0x24 obj/default/src/LIB_HW/Core/Hw_Timer.o
 .comment       0x0000000000000000       0x24 obj/default/src/LIB_HW/Core/Hw_Uart.o
 .comment       0x0000000000000000       0x24 obj/default/src/LIB_HW/Core/Hw_Uart_Q.o
 .comment       0x0000000000000000       0x24 obj/default/src/LIB_HW/Driver/Hw_Led.o
 .comment       0x0000000000000000       0x24 obj/default/src/LIB_HW/Hw.o
 .comment       0x0000000000000000       0x24 obj/default/src/LIB_LB/Lb_Printf.o
 .comment       0x0000000000000000       0x24 obj/default/src/LIB_LB/Lb_Util.o
 .comment       0x0000000000000000       0x24 obj/default/src/main.o
 .comment       0x0000000000000000       0x24 c:/altera_lite/15.1/nios2eds/bin/gnu/h-x86_64-mingw32/bin/../lib/gcc/nios2-elf/4.9.2/mno-hw-mul\libgcc.a(lib2-divmod.o)
 .comment       0x0000000000000000       0x24 c:/altera_lite/15.1/nios2eds/bin/gnu/h-x86_64-mingw32/bin/../lib/gcc/nios2-elf/4.9.2/mno-hw-mul\libgcc.a(lib2-mul.o)
 .comment       0x0000000000000000       0x24 c:/altera_lite/15.1/nios2eds/bin/gnu/h-x86_64-mingw32/bin/../lib/gcc/nios2-elf/4.9.2/mno-hw-mul\libgcc.a(addsf3.o)
 .comment       0x0000000000000000       0x24 c:/altera_lite/15.1/nios2eds/bin/gnu/h-x86_64-mingw32/bin/../lib/gcc/nios2-elf/4.9.2/mno-hw-mul\libgcc.a(divsf3.o)
 .comment       0x0000000000000000       0x24 c:/altera_lite/15.1/nios2eds/bin/gnu/h-x86_64-mingw32/bin/../lib/gcc/nios2-elf/4.9.2/mno-hw-mul\libgcc.a(subsf3.o)
 .comment       0x0000000000000000       0x24 c:/altera_lite/15.1/nios2eds/bin/gnu/h-x86_64-mingw32/bin/../lib/gcc/nios2-elf/4.9.2/mno-hw-mul\libgcc.a(fixsfsi.o)
 .comment       0x0000000000000000       0x24 c:/altera_lite/15.1/nios2eds/bin/gnu/h-x86_64-mingw32/bin/../lib/gcc/nios2-elf/4.9.2/mno-hw-mul\libgcc.a(floatsisf.o)
 .comment       0x0000000000000000       0x24 c:/altera_lite/15.1/nios2eds/bin/gnu/h-x86_64-mingw32/bin/../lib/gcc/nios2-elf/4.9.2/mno-hw-mul\libgcc.a(_clzsi2.o)
 .comment       0x0000000000000000       0x24 c:/altera_lite/15.1/nios2eds/bin/gnu/h-x86_64-mingw32/bin/../lib/gcc/nios2-elf/4.9.2/mno-hw-mul\libgcc.a(_clz.o)
 .comment       0x0000000000000000       0x24 c:/altera_lite/15.1/nios2eds/bin/gnu/h-x86_64-mingw32/bin/../lib/gcc/nios2-elf/4.9.2/../../../../../H-x86_64-mingw32/nios2-elf/lib/mno-hw-mul\libsmallc.a(lib_a-printf.o)
 .comment       0x0000000000000000       0x24 c:/altera_lite/15.1/nios2eds/bin/gnu/h-x86_64-mingw32/bin/../lib/gcc/nios2-elf/4.9.2/../../../../../H-x86_64-mingw32/nios2-elf/lib/mno-hw-mul\libsmallc.a(lib_a-puts.o)
 .comment       0x0000000000000000       0x24 c:/altera_lite/15.1/nios2eds/bin/gnu/h-x86_64-mingw32/bin/../lib/gcc/nios2-elf/4.9.2/../../../../../H-x86_64-mingw32/nios2-elf/lib/mno-hw-mul\libsmallc.a(lib_a-strlen.o)
 .comment       0x0000000000000000       0x24 c:/altera_lite/15.1/nios2eds/bin/gnu/h-x86_64-mingw32/bin/../lib/gcc/nios2-elf/4.9.2/../../../../../H-x86_64-mingw32/nios2-elf/lib/mno-hw-mul\libsmallc.a(lib_a-vfprintf.o)
 .comment       0x0000000000000000       0x24 c:/altera_lite/15.1/nios2eds/bin/gnu/h-x86_64-mingw32/bin/../lib/gcc/nios2-elf/4.9.2/../../../../../H-x86_64-mingw32/nios2-elf/lib/mno-hw-mul\libsmallc.a(lib_a-vsprintf.o)
 .comment       0x0000000000000000       0x24 c:/altera_lite/15.1/nios2eds/bin/gnu/h-x86_64-mingw32/bin/../lib/gcc/nios2-elf/4.9.2/../../../../../H-x86_64-mingw32/nios2-elf/lib/mno-hw-mul\libsmallc.a(lib_a-fvwrite_small_dev.o)
 .comment       0x0000000000000000       0x24 c:/altera_lite/15.1/nios2eds/bin/gnu/h-x86_64-mingw32/bin/../lib/gcc/nios2-elf/4.9.2/../../../../../H-x86_64-mingw32/nios2-elf/lib/mno-hw-mul\libsmallc.a(lib_a-fvwrite_small_str.o)
 .comment       0x0000000000000000       0x24 c:/altera_lite/15.1/nios2eds/bin/gnu/h-x86_64-mingw32/bin/../lib/gcc/nios2-elf/4.9.2/../../../../../H-x86_64-mingw32/nios2-elf/lib/mno-hw-mul\libsmallc.a(lib_a-impure.o)
 .comment       0x0000000000000000       0x24 c:/altera_lite/15.1/nios2eds/bin/gnu/h-x86_64-mingw32/bin/../lib/gcc/nios2-elf/4.9.2/../../../../../H-x86_64-mingw32/nios2-elf/lib/mno-hw-mul\libsmallc.a(lib_a-memmove.o)
 .comment       0x0000000000000000       0x24 c:/altera_lite/15.1/nios2eds/bin/gnu/h-x86_64-mingw32/bin/../lib/gcc/nios2-elf/4.9.2/../../../../../H-x86_64-mingw32/nios2-elf/lib/mno-hw-mul\libsmallc.a(lib_a-svfprintf.o)
 .comment       0x0000000000000000       0x24 c:/altera_lite/15.1/nios2eds/bin/gnu/h-x86_64-mingw32/bin/../lib/gcc/nios2-elf/4.9.2/../../../../../H-x86_64-mingw32/nios2-elf/lib/mno-hw-mul\libsmallc.a(lib_a-writer.o)
 .comment       0x0000000000000000       0x24 c:/altera_lite/15.1/nios2eds/bin/gnu/h-x86_64-mingw32/bin/../lib/gcc/nios2-elf/4.9.2/../../../../../H-x86_64-mingw32/nios2-elf/lib/mno-hw-mul\libsmallc.a(lib_a-int_errno.o)
 .comment       0x0000000000000000       0x24 ../NiosII_Bsp\libhal_bsp.a(alt_iic.o)
 .comment       0x0000000000000000       0x24 ../NiosII_Bsp\libhal_bsp.a(alt_iic_isr_register.o)
 .comment       0x0000000000000000       0x24 ../NiosII_Bsp\libhal_bsp.a(alt_irq_handler.o)
 .comment       0x0000000000000000       0x24 ../NiosII_Bsp\libhal_bsp.a(alt_irq_vars.o)
 .comment       0x0000000000000000       0x24 ../NiosII_Bsp\libhal_bsp.a(alt_load.o)
 .comment       0x0000000000000000       0x24 ../NiosII_Bsp\libhal_bsp.a(alt_main.o)
 .comment       0x0000000000000000       0x24 ../NiosII_Bsp\libhal_bsp.a(alt_write.o)
 .comment       0x0000000000000000       0x24 ../NiosII_Bsp\libhal_bsp.a(alt_sys_init.o)
 .comment       0x0000000000000000       0x24 ../NiosII_Bsp\libhal_bsp.a(altera_avalon_epcs_flash_controller.o)
 .comment       0x0000000000000000       0x24 ../NiosII_Bsp\libhal_bsp.a(altera_avalon_jtag_uart_fd.o)
 .comment       0x0000000000000000       0x24 ../NiosII_Bsp\libhal_bsp.a(altera_avalon_jtag_uart_read.o)
 .comment       0x0000000000000000       0x24 ../NiosII_Bsp\libhal_bsp.a(altera_avalon_jtag_uart_write.o)
 .comment       0x0000000000000000       0x24 ../NiosII_Bsp\libhal_bsp.a(altera_avalon_timer_sc.o)
 .comment       0x0000000000000000       0x24 ../NiosII_Bsp\libhal_bsp.a(altera_avalon_timer_ts.o)
 .comment       0x0000000000000000       0x24 ../NiosII_Bsp\libhal_bsp.a(altera_avalon_timer_vars.o)
 .comment       0x0000000000000000       0x24 ../NiosII_Bsp\libhal_bsp.a(altera_avalon_uart_fd.o)
 .comment       0x0000000000000000       0x24 ../NiosII_Bsp\libhal_bsp.a(altera_avalon_uart_init.o)
 .comment       0x0000000000000000       0x24 ../NiosII_Bsp\libhal_bsp.a(altera_avalon_uart_read.o)
 .comment       0x0000000000000000       0x24 ../NiosII_Bsp\libhal_bsp.a(altera_avalon_uart_write.o)
 .comment       0x0000000000000000       0x24 ../NiosII_Bsp\libhal_bsp.a(epcs_commands.o)
 .comment       0x0000000000000000       0x24 ../NiosII_Bsp\libhal_bsp.a(alt_close.o)
 .comment       0x0000000000000000       0x24 ../NiosII_Bsp\libhal_bsp.a(alt_dcache_flush_all.o)
 .comment       0x0000000000000000       0x24 ../NiosII_Bsp\libhal_bsp.a(alt_dev.o)
 .comment       0x0000000000000000       0x24 ../NiosII_Bsp\libhal_bsp.a(alt_dev_llist_insert.o)
 .comment       0x0000000000000000       0x24 ../NiosII_Bsp\libhal_bsp.a(alt_do_ctors.o)
 .comment       0x0000000000000000       0x24 ../NiosII_Bsp\libhal_bsp.a(alt_do_dtors.o)
 .comment       0x0000000000000000       0x24 ../NiosII_Bsp\libhal_bsp.a(alt_errno.o)
 .comment       0x0000000000000000       0x24 ../NiosII_Bsp\libhal_bsp.a(alt_flash_dev.o)
 .comment       0x0000000000000000       0x24 ../NiosII_Bsp\libhal_bsp.a(alt_icache_flush_all.o)
 .comment       0x0000000000000000       0x24 ../NiosII_Bsp\libhal_bsp.a(alt_instruction_exception_entry.o)
 .comment       0x0000000000000000       0x24 ../NiosII_Bsp\libhal_bsp.a(alt_io_redirect.o)
 .comment       0x0000000000000000       0x24 ../NiosII_Bsp\libhal_bsp.a(alt_open.o)
 .comment       0x0000000000000000       0x24 ../NiosII_Bsp\libhal_bsp.a(alt_release_fd.o)
 .comment       0x0000000000000000       0x24 ../NiosII_Bsp\libhal_bsp.a(alt_tick.o)
 .comment       0x0000000000000000       0x24 ../NiosII_Bsp\libhal_bsp.a(altera_nios2_gen2_irq.o)
 .comment       0x0000000000000000       0x24 ../NiosII_Bsp\libhal_bsp.a(altera_avalon_spi.o)
 .comment       0x0000000000000000       0x24 ../NiosII_Bsp\libhal_bsp.a(alt_find_dev.o)
 .comment       0x0000000000000000       0x24 ../NiosII_Bsp\libhal_bsp.a(alt_find_file.o)
 .comment       0x0000000000000000       0x24 ../NiosII_Bsp\libhal_bsp.a(alt_get_fd.o)
 .comment       0x0000000000000000       0x24 c:/altera_lite/15.1/nios2eds/bin/gnu/h-x86_64-mingw32/bin/../lib/gcc/nios2-elf/4.9.2/../../../../../H-x86_64-mingw32/nios2-elf/lib/mno-hw-mul\libsmallc.a(lib_a-atexit.o)
 .comment       0x0000000000000000       0x24 c:/altera_lite/15.1/nios2eds/bin/gnu/h-x86_64-mingw32/bin/../lib/gcc/nios2-elf/4.9.2/../../../../../H-x86_64-mingw32/nios2-elf/lib/mno-hw-mul\libsmallc.a(lib_a-exit.o)
 .comment       0x0000000000000000       0x24 c:/altera_lite/15.1/nios2eds/bin/gnu/h-x86_64-mingw32/bin/../lib/gcc/nios2-elf/4.9.2/../../../../../H-x86_64-mingw32/nios2-elf/lib/mno-hw-mul\libsmallc.a(lib_a-memcmp.o)
 .comment       0x0000000000000000       0x24 c:/altera_lite/15.1/nios2eds/bin/gnu/h-x86_64-mingw32/bin/../lib/gcc/nios2-elf/4.9.2/../../../../../H-x86_64-mingw32/nios2-elf/lib/mno-hw-mul\libsmallc.a(lib_a-__atexit.o)
 .comment       0x0000000000000000       0x24 c:/altera_lite/15.1/nios2eds/bin/gnu/h-x86_64-mingw32/bin/../lib/gcc/nios2-elf/4.9.2/../../../../../H-x86_64-mingw32/nios2-elf/lib/mno-hw-mul\libsmallc.a(lib_a-__call_atexit.o)
 .comment       0x0000000000000000       0x24 ../NiosII_Bsp\libhal_bsp.a(alt_exit.o)

.debug
 *(.debug)

.line
 *(.line)

.debug_srcinfo
 *(.debug_srcinfo)

.debug_sfnames
 *(.debug_sfnames)

.debug_aranges  0x0000000000000000      0xa38
 *(.debug_aranges)
 .debug_aranges
                0x0000000000000000       0x28 ../NiosII_Bsp/obj/HAL/src/crt0.o
 .debug_aranges
                0x0000000000000028       0x20 obj/default/src/LIB_AP/Ap.o
 .debug_aranges
                0x0000000000000048       0x20 obj/default/src/LIB_AP/Lib/MSP.o
 .debug_aranges
                0x0000000000000068       0x20 obj/default/src/LIB_HW/Core/Hw_ISR.o
 .debug_aranges
                0x0000000000000088       0x20 obj/default/src/LIB_HW/Core/Hw_Timer.o
 .debug_aranges
                0x00000000000000a8       0x20 obj/default/src/LIB_HW/Core/Hw_Uart.o
 .debug_aranges
                0x00000000000000c8       0x20 obj/default/src/LIB_HW/Core/Hw_Uart_Q.o
 .debug_aranges
                0x00000000000000e8       0x20 obj/default/src/LIB_HW/Driver/Hw_Led.o
 .debug_aranges
                0x0000000000000108       0x20 obj/default/src/LIB_HW/Hw.o
 .debug_aranges
                0x0000000000000128       0x18 obj/default/src/LIB_LB/Lb_Printf.o
 .debug_aranges
                0x0000000000000140       0x20 obj/default/src/LIB_LB/Lb_Util.o
 .debug_aranges
                0x0000000000000160       0x20 obj/default/src/main.o
 .debug_aranges
                0x0000000000000180       0x20 c:/altera_lite/15.1/nios2eds/bin/gnu/h-x86_64-mingw32/bin/../lib/gcc/nios2-elf/4.9.2/mno-hw-mul\libgcc.a(lib2-divmod.o)
 .debug_aranges
                0x00000000000001a0       0x20 c:/altera_lite/15.1/nios2eds/bin/gnu/h-x86_64-mingw32/bin/../lib/gcc/nios2-elf/4.9.2/mno-hw-mul\libgcc.a(lib2-mul.o)
 .debug_aranges
                0x00000000000001c0       0x20 c:/altera_lite/15.1/nios2eds/bin/gnu/h-x86_64-mingw32/bin/../lib/gcc/nios2-elf/4.9.2/mno-hw-mul\libgcc.a(addsf3.o)
 .debug_aranges
                0x00000000000001e0       0x20 c:/altera_lite/15.1/nios2eds/bin/gnu/h-x86_64-mingw32/bin/../lib/gcc/nios2-elf/4.9.2/mno-hw-mul\libgcc.a(divsf3.o)
 .debug_aranges
                0x0000000000000200       0x20 c:/altera_lite/15.1/nios2eds/bin/gnu/h-x86_64-mingw32/bin/../lib/gcc/nios2-elf/4.9.2/mno-hw-mul\libgcc.a(subsf3.o)
 .debug_aranges
                0x0000000000000220       0x20 c:/altera_lite/15.1/nios2eds/bin/gnu/h-x86_64-mingw32/bin/../lib/gcc/nios2-elf/4.9.2/mno-hw-mul\libgcc.a(fixsfsi.o)
 .debug_aranges
                0x0000000000000240       0x20 c:/altera_lite/15.1/nios2eds/bin/gnu/h-x86_64-mingw32/bin/../lib/gcc/nios2-elf/4.9.2/mno-hw-mul\libgcc.a(floatsisf.o)
 .debug_aranges
                0x0000000000000260       0x20 c:/altera_lite/15.1/nios2eds/bin/gnu/h-x86_64-mingw32/bin/../lib/gcc/nios2-elf/4.9.2/mno-hw-mul\libgcc.a(_clzsi2.o)
 .debug_aranges
                0x0000000000000280       0x18 c:/altera_lite/15.1/nios2eds/bin/gnu/h-x86_64-mingw32/bin/../lib/gcc/nios2-elf/4.9.2/mno-hw-mul\libgcc.a(_clz.o)
 .debug_aranges
                0x0000000000000298       0x28 c:/altera_lite/15.1/nios2eds/bin/gnu/h-x86_64-mingw32/bin/../lib/gcc/nios2-elf/4.9.2/../../../../../H-x86_64-mingw32/nios2-elf/lib/mno-hw-mul\libsmallc.a(lib_a-printf.o)
 .debug_aranges
                0x00000000000002c0       0x28 c:/altera_lite/15.1/nios2eds/bin/gnu/h-x86_64-mingw32/bin/../lib/gcc/nios2-elf/4.9.2/../../../../../H-x86_64-mingw32/nios2-elf/lib/mno-hw-mul\libsmallc.a(lib_a-puts.o)
 .debug_aranges
                0x00000000000002e8       0x20 c:/altera_lite/15.1/nios2eds/bin/gnu/h-x86_64-mingw32/bin/../lib/gcc/nios2-elf/4.9.2/../../../../../H-x86_64-mingw32/nios2-elf/lib/mno-hw-mul\libsmallc.a(lib_a-strlen.o)
 .debug_aranges
                0x0000000000000308       0x30 c:/altera_lite/15.1/nios2eds/bin/gnu/h-x86_64-mingw32/bin/../lib/gcc/nios2-elf/4.9.2/../../../../../H-x86_64-mingw32/nios2-elf/lib/mno-hw-mul\libsmallc.a(lib_a-vfprintf.o)
 .debug_aranges
                0x0000000000000338       0x28 c:/altera_lite/15.1/nios2eds/bin/gnu/h-x86_64-mingw32/bin/../lib/gcc/nios2-elf/4.9.2/../../../../../H-x86_64-mingw32/nios2-elf/lib/mno-hw-mul\libsmallc.a(lib_a-vsprintf.o)
 .debug_aranges
                0x0000000000000360       0x20 c:/altera_lite/15.1/nios2eds/bin/gnu/h-x86_64-mingw32/bin/../lib/gcc/nios2-elf/4.9.2/../../../../../H-x86_64-mingw32/nios2-elf/lib/mno-hw-mul\libsmallc.a(lib_a-fvwrite_small_dev.o)
 .debug_aranges
                0x0000000000000380       0x20 c:/altera_lite/15.1/nios2eds/bin/gnu/h-x86_64-mingw32/bin/../lib/gcc/nios2-elf/4.9.2/../../../../../H-x86_64-mingw32/nios2-elf/lib/mno-hw-mul\libsmallc.a(lib_a-fvwrite_small_str.o)
 .debug_aranges
                0x00000000000003a0       0x18 c:/altera_lite/15.1/nios2eds/bin/gnu/h-x86_64-mingw32/bin/../lib/gcc/nios2-elf/4.9.2/../../../../../H-x86_64-mingw32/nios2-elf/lib/mno-hw-mul\libsmallc.a(lib_a-impure.o)
 .debug_aranges
                0x00000000000003b8       0x20 c:/altera_lite/15.1/nios2eds/bin/gnu/h-x86_64-mingw32/bin/../lib/gcc/nios2-elf/4.9.2/../../../../../H-x86_64-mingw32/nios2-elf/lib/mno-hw-mul\libsmallc.a(lib_a-memmove.o)
 .debug_aranges
                0x00000000000003d8       0x30 c:/altera_lite/15.1/nios2eds/bin/gnu/h-x86_64-mingw32/bin/../lib/gcc/nios2-elf/4.9.2/../../../../../H-x86_64-mingw32/nios2-elf/lib/mno-hw-mul\libsmallc.a(lib_a-svfprintf.o)
 .debug_aranges
                0x0000000000000408       0x20 c:/altera_lite/15.1/nios2eds/bin/gnu/h-x86_64-mingw32/bin/../lib/gcc/nios2-elf/4.9.2/../../../../../H-x86_64-mingw32/nios2-elf/lib/mno-hw-mul\libsmallc.a(lib_a-writer.o)
 .debug_aranges
                0x0000000000000428       0x18 c:/altera_lite/15.1/nios2eds/bin/gnu/h-x86_64-mingw32/bin/../lib/gcc/nios2-elf/4.9.2/../../../../../H-x86_64-mingw32/nios2-elf/lib/mno-hw-mul\libsmallc.a(lib_a-int_errno.o)
 .debug_aranges
                0x0000000000000440       0x20 ../NiosII_Bsp\libhal_bsp.a(alt_iic.o)
 .debug_aranges
                0x0000000000000460       0x20 ../NiosII_Bsp\libhal_bsp.a(alt_iic_isr_register.o)
 .debug_aranges
                0x0000000000000480       0x30 ../NiosII_Bsp\libhal_bsp.a(alt_irq_entry.o)
 .debug_aranges
                0x00000000000004b0       0x20 ../NiosII_Bsp\libhal_bsp.a(alt_irq_handler.o)
 .debug_aranges
                0x00000000000004d0       0x18 ../NiosII_Bsp\libhal_bsp.a(alt_irq_vars.o)
 .debug_aranges
                0x00000000000004e8       0x20 ../NiosII_Bsp\libhal_bsp.a(alt_load.o)
 .debug_aranges
                0x0000000000000508       0x20 ../NiosII_Bsp\libhal_bsp.a(alt_main.o)
 .debug_aranges
                0x0000000000000528       0x20 ../NiosII_Bsp\libhal_bsp.a(alt_write.o)
 .debug_aranges
                0x0000000000000548       0x20 ../NiosII_Bsp\libhal_bsp.a(alt_sys_init.o)
 .debug_aranges
                0x0000000000000568       0x20 ../NiosII_Bsp\libhal_bsp.a(altera_avalon_epcs_flash_controller.o)
 .debug_aranges
                0x0000000000000588       0x20 ../NiosII_Bsp\libhal_bsp.a(altera_avalon_jtag_uart_fd.o)
 .debug_aranges
                0x00000000000005a8       0x20 ../NiosII_Bsp\libhal_bsp.a(altera_avalon_jtag_uart_read.o)
 .debug_aranges
                0x00000000000005c8       0x20 ../NiosII_Bsp\libhal_bsp.a(altera_avalon_jtag_uart_write.o)
 .debug_aranges
                0x00000000000005e8       0x20 ../NiosII_Bsp\libhal_bsp.a(altera_avalon_timer_sc.o)
 .debug_aranges
                0x0000000000000608       0x20 ../NiosII_Bsp\libhal_bsp.a(altera_avalon_timer_ts.o)
 .debug_aranges
                0x0000000000000628       0x18 ../NiosII_Bsp\libhal_bsp.a(altera_avalon_timer_vars.o)
 .debug_aranges
                0x0000000000000640       0x20 ../NiosII_Bsp\libhal_bsp.a(altera_avalon_uart_fd.o)
 .debug_aranges
                0x0000000000000660       0x20 ../NiosII_Bsp\libhal_bsp.a(altera_avalon_uart_init.o)
 .debug_aranges
                0x0000000000000680       0x20 ../NiosII_Bsp\libhal_bsp.a(altera_avalon_uart_read.o)
 .debug_aranges
                0x00000000000006a0       0x20 ../NiosII_Bsp\libhal_bsp.a(altera_avalon_uart_write.o)
 .debug_aranges
                0x00000000000006c0       0x20 ../NiosII_Bsp\libhal_bsp.a(epcs_commands.o)
 .debug_aranges
                0x00000000000006e0       0x20 ../NiosII_Bsp\libhal_bsp.a(alt_close.o)
 .debug_aranges
                0x0000000000000700       0x20 ../NiosII_Bsp\libhal_bsp.a(alt_dcache_flush_all.o)
 .debug_aranges
                0x0000000000000720       0x20 ../NiosII_Bsp\libhal_bsp.a(alt_dev.o)
 .debug_aranges
                0x0000000000000740       0x20 ../NiosII_Bsp\libhal_bsp.a(alt_dev_llist_insert.o)
 .debug_aranges
                0x0000000000000760       0x20 ../NiosII_Bsp\libhal_bsp.a(alt_do_ctors.o)
 .debug_aranges
                0x0000000000000780       0x20 ../NiosII_Bsp\libhal_bsp.a(alt_do_dtors.o)
 .debug_aranges
                0x00000000000007a0       0x18 ../NiosII_Bsp\libhal_bsp.a(alt_errno.o)
 .debug_aranges
                0x00000000000007b8       0x38 ../NiosII_Bsp\libhal_bsp.a(alt_exception_entry.o)
 .debug_aranges
                0x00000000000007f0       0x20 ../NiosII_Bsp\libhal_bsp.a(alt_flash_dev.o)
 .debug_aranges
                0x0000000000000810       0x20 ../NiosII_Bsp\libhal_bsp.a(alt_icache_flush_all.o)
 .debug_aranges
                0x0000000000000830       0x28 ../NiosII_Bsp\libhal_bsp.a(alt_instruction_exception_entry.o)
 .debug_aranges
                0x0000000000000858       0x20 ../NiosII_Bsp\libhal_bsp.a(alt_io_redirect.o)
 .debug_aranges
                0x0000000000000878       0x20 ../NiosII_Bsp\libhal_bsp.a(alt_open.o)
 .debug_aranges
                0x0000000000000898       0x20 ../NiosII_Bsp\libhal_bsp.a(alt_release_fd.o)
 .debug_aranges
                0x00000000000008b8       0x20 ../NiosII_Bsp\libhal_bsp.a(alt_tick.o)
 .debug_aranges
                0x00000000000008d8       0x20 ../NiosII_Bsp\libhal_bsp.a(altera_nios2_gen2_irq.o)
 .debug_aranges
                0x00000000000008f8       0x20 ../NiosII_Bsp\libhal_bsp.a(altera_avalon_spi.o)
 .debug_aranges
                0x0000000000000918       0x20 ../NiosII_Bsp\libhal_bsp.a(alt_find_dev.o)
 .debug_aranges
                0x0000000000000938       0x20 ../NiosII_Bsp\libhal_bsp.a(alt_find_file.o)
 .debug_aranges
                0x0000000000000958       0x20 ../NiosII_Bsp\libhal_bsp.a(alt_get_fd.o)
 .debug_aranges
                0x0000000000000978       0x20 c:/altera_lite/15.1/nios2eds/bin/gnu/h-x86_64-mingw32/bin/../lib/gcc/nios2-elf/4.9.2/../../../../../H-x86_64-mingw32/nios2-elf/lib/mno-hw-mul\libsmallc.a(lib_a-atexit.o)
 .debug_aranges
                0x0000000000000998       0x20 c:/altera_lite/15.1/nios2eds/bin/gnu/h-x86_64-mingw32/bin/../lib/gcc/nios2-elf/4.9.2/../../../../../H-x86_64-mingw32/nios2-elf/lib/mno-hw-mul\libsmallc.a(lib_a-exit.o)
 .debug_aranges
                0x00000000000009b8       0x20 c:/altera_lite/15.1/nios2eds/bin/gnu/h-x86_64-mingw32/bin/../lib/gcc/nios2-elf/4.9.2/../../../../../H-x86_64-mingw32/nios2-elf/lib/mno-hw-mul\libsmallc.a(lib_a-memcmp.o)
 .debug_aranges
                0x00000000000009d8       0x20 c:/altera_lite/15.1/nios2eds/bin/gnu/h-x86_64-mingw32/bin/../lib/gcc/nios2-elf/4.9.2/../../../../../H-x86_64-mingw32/nios2-elf/lib/mno-hw-mul\libsmallc.a(lib_a-__atexit.o)
 .debug_aranges
                0x00000000000009f8       0x20 c:/altera_lite/15.1/nios2eds/bin/gnu/h-x86_64-mingw32/bin/../lib/gcc/nios2-elf/4.9.2/../../../../../H-x86_64-mingw32/nios2-elf/lib/mno-hw-mul\libsmallc.a(lib_a-__call_atexit.o)
 .debug_aranges
                0x0000000000000a18       0x20 ../NiosII_Bsp\libhal_bsp.a(alt_exit.o)

.debug_pubnames
 *(.debug_pubnames)

.debug_info     0x0000000000000000     0xe5ad
 *(.debug_info .gnu.linkonce.wi.*)
 .debug_info    0x0000000000000000       0x7e ../NiosII_Bsp/obj/HAL/src/crt0.o
 .debug_info    0x000000000000007e       0xd3 obj/default/src/LIB_AP/Ap.o
 .debug_info    0x0000000000000151      0x3c8 obj/default/src/LIB_AP/Lib/MSP.o
 .debug_info    0x0000000000000519       0xe2 obj/default/src/LIB_HW/Core/Hw_ISR.o
 .debug_info    0x00000000000005fb      0x3f3 obj/default/src/LIB_HW/Core/Hw_Timer.o
 .debug_info    0x00000000000009ee      0x472 obj/default/src/LIB_HW/Core/Hw_Uart.o
 .debug_info    0x0000000000000e60      0x253 obj/default/src/LIB_HW/Core/Hw_Uart_Q.o
 .debug_info    0x00000000000010b3      0x1bb obj/default/src/LIB_HW/Driver/Hw_Led.o
 .debug_info    0x000000000000126e      0x161 obj/default/src/LIB_HW/Hw.o
 .debug_info    0x00000000000013cf       0xba obj/default/src/LIB_LB/Lb_Printf.o
 .debug_info    0x0000000000001489       0xfc obj/default/src/LIB_LB/Lb_Util.o
 .debug_info    0x0000000000001585      0x1c0 obj/default/src/main.o
 .debug_info    0x0000000000001745      0x234 c:/altera_lite/15.1/nios2eds/bin/gnu/h-x86_64-mingw32/bin/../lib/gcc/nios2-elf/4.9.2/mno-hw-mul\libgcc.a(lib2-divmod.o)
 .debug_info    0x0000000000001979       0xb4 c:/altera_lite/15.1/nios2eds/bin/gnu/h-x86_64-mingw32/bin/../lib/gcc/nios2-elf/4.9.2/mno-hw-mul\libgcc.a(lib2-mul.o)
 .debug_info    0x0000000000001a2d      0x2b7 c:/altera_lite/15.1/nios2eds/bin/gnu/h-x86_64-mingw32/bin/../lib/gcc/nios2-elf/4.9.2/mno-hw-mul\libgcc.a(addsf3.o)
 .debug_info    0x0000000000001ce4      0x2b7 c:/altera_lite/15.1/nios2eds/bin/gnu/h-x86_64-mingw32/bin/../lib/gcc/nios2-elf/4.9.2/mno-hw-mul\libgcc.a(divsf3.o)
 .debug_info    0x0000000000001f9b      0x2b7 c:/altera_lite/15.1/nios2eds/bin/gnu/h-x86_64-mingw32/bin/../lib/gcc/nios2-elf/4.9.2/mno-hw-mul\libgcc.a(subsf3.o)
 .debug_info    0x0000000000002252      0x188 c:/altera_lite/15.1/nios2eds/bin/gnu/h-x86_64-mingw32/bin/../lib/gcc/nios2-elf/4.9.2/mno-hw-mul\libgcc.a(fixsfsi.o)
 .debug_info    0x00000000000023da      0x1c5 c:/altera_lite/15.1/nios2eds/bin/gnu/h-x86_64-mingw32/bin/../lib/gcc/nios2-elf/4.9.2/mno-hw-mul\libgcc.a(floatsisf.o)
 .debug_info    0x000000000000259f      0x119 c:/altera_lite/15.1/nios2eds/bin/gnu/h-x86_64-mingw32/bin/../lib/gcc/nios2-elf/4.9.2/mno-hw-mul\libgcc.a(_clzsi2.o)
 .debug_info    0x00000000000026b8       0xab c:/altera_lite/15.1/nios2eds/bin/gnu/h-x86_64-mingw32/bin/../lib/gcc/nios2-elf/4.9.2/mno-hw-mul\libgcc.a(_clz.o)
 .debug_info    0x0000000000002763      0x6c7 c:/altera_lite/15.1/nios2eds/bin/gnu/h-x86_64-mingw32/bin/../lib/gcc/nios2-elf/4.9.2/../../../../../H-x86_64-mingw32/nios2-elf/lib/mno-hw-mul\libsmallc.a(lib_a-printf.o)
 .debug_info    0x0000000000002e2a      0x685 c:/altera_lite/15.1/nios2eds/bin/gnu/h-x86_64-mingw32/bin/../lib/gcc/nios2-elf/4.9.2/../../../../../H-x86_64-mingw32/nios2-elf/lib/mno-hw-mul\libsmallc.a(lib_a-puts.o)
 .debug_info    0x00000000000034af       0xc2 c:/altera_lite/15.1/nios2eds/bin/gnu/h-x86_64-mingw32/bin/../lib/gcc/nios2-elf/4.9.2/../../../../../H-x86_64-mingw32/nios2-elf/lib/mno-hw-mul\libsmallc.a(lib_a-strlen.o)
 .debug_info    0x0000000000003571      0xb38 c:/altera_lite/15.1/nios2eds/bin/gnu/h-x86_64-mingw32/bin/../lib/gcc/nios2-elf/4.9.2/../../../../../H-x86_64-mingw32/nios2-elf/lib/mno-hw-mul\libsmallc.a(lib_a-vfprintf.o)
 .debug_info    0x00000000000040a9      0x792 c:/altera_lite/15.1/nios2eds/bin/gnu/h-x86_64-mingw32/bin/../lib/gcc/nios2-elf/4.9.2/../../../../../H-x86_64-mingw32/nios2-elf/lib/mno-hw-mul\libsmallc.a(lib_a-vsprintf.o)
 .debug_info    0x000000000000483b      0x656 c:/altera_lite/15.1/nios2eds/bin/gnu/h-x86_64-mingw32/bin/../lib/gcc/nios2-elf/4.9.2/../../../../../H-x86_64-mingw32/nios2-elf/lib/mno-hw-mul\libsmallc.a(lib_a-fvwrite_small_dev.o)
 .debug_info    0x0000000000004e91      0x710 c:/altera_lite/15.1/nios2eds/bin/gnu/h-x86_64-mingw32/bin/../lib/gcc/nios2-elf/4.9.2/../../../../../H-x86_64-mingw32/nios2-elf/lib/mno-hw-mul\libsmallc.a(lib_a-fvwrite_small_str.o)
 .debug_info    0x00000000000055a1      0x5a7 c:/altera_lite/15.1/nios2eds/bin/gnu/h-x86_64-mingw32/bin/../lib/gcc/nios2-elf/4.9.2/../../../../../H-x86_64-mingw32/nios2-elf/lib/mno-hw-mul\libsmallc.a(lib_a-impure.o)
 .debug_info    0x0000000000005b48      0x104 c:/altera_lite/15.1/nios2eds/bin/gnu/h-x86_64-mingw32/bin/../lib/gcc/nios2-elf/4.9.2/../../../../../H-x86_64-mingw32/nios2-elf/lib/mno-hw-mul\libsmallc.a(lib_a-memmove.o)
 .debug_info    0x0000000000005c4c      0xb38 c:/altera_lite/15.1/nios2eds/bin/gnu/h-x86_64-mingw32/bin/../lib/gcc/nios2-elf/4.9.2/../../../../../H-x86_64-mingw32/nios2-elf/lib/mno-hw-mul\libsmallc.a(lib_a-svfprintf.o)
 .debug_info    0x0000000000006784      0x639 c:/altera_lite/15.1/nios2eds/bin/gnu/h-x86_64-mingw32/bin/../lib/gcc/nios2-elf/4.9.2/../../../../../H-x86_64-mingw32/nios2-elf/lib/mno-hw-mul\libsmallc.a(lib_a-writer.o)
 .debug_info    0x0000000000006dbd       0x83 c:/altera_lite/15.1/nios2eds/bin/gnu/h-x86_64-mingw32/bin/../lib/gcc/nios2-elf/4.9.2/../../../../../H-x86_64-mingw32/nios2-elf/lib/mno-hw-mul\libsmallc.a(lib_a-int_errno.o)
 .debug_info    0x0000000000006e40      0x349 ../NiosII_Bsp\libhal_bsp.a(alt_iic.o)
 .debug_info    0x0000000000007189      0x1e8 ../NiosII_Bsp\libhal_bsp.a(alt_iic_isr_register.o)
 .debug_info    0x0000000000007371       0x87 ../NiosII_Bsp\libhal_bsp.a(alt_irq_entry.o)
 .debug_info    0x00000000000073f8      0x180 ../NiosII_Bsp\libhal_bsp.a(alt_irq_handler.o)
 .debug_info    0x0000000000007578       0x88 ../NiosII_Bsp\libhal_bsp.a(alt_irq_vars.o)
 .debug_info    0x0000000000007600      0x13e ../NiosII_Bsp\libhal_bsp.a(alt_load.o)
 .debug_info    0x000000000000773e      0x12a ../NiosII_Bsp\libhal_bsp.a(alt_main.o)
 .debug_info    0x0000000000007868      0x4b0 ../NiosII_Bsp\libhal_bsp.a(alt_write.o)
 .debug_info    0x0000000000007d18      0x7ae ../NiosII_Bsp\libhal_bsp.a(alt_sys_init.o)
 .debug_info    0x00000000000084c6      0x86b ../NiosII_Bsp\libhal_bsp.a(altera_avalon_epcs_flash_controller.o)
 .debug_info    0x0000000000008d31      0x3a0 ../NiosII_Bsp\libhal_bsp.a(altera_avalon_jtag_uart_fd.o)
 .debug_info    0x00000000000090d1      0x1af ../NiosII_Bsp\libhal_bsp.a(altera_avalon_jtag_uart_read.o)
 .debug_info    0x0000000000009280      0x18e ../NiosII_Bsp\libhal_bsp.a(altera_avalon_jtag_uart_write.o)
 .debug_info    0x000000000000940e      0x21f ../NiosII_Bsp\libhal_bsp.a(altera_avalon_timer_sc.o)
 .debug_info    0x000000000000962d      0x174 ../NiosII_Bsp\libhal_bsp.a(altera_avalon_timer_ts.o)
 .debug_info    0x00000000000097a1       0xe2 ../NiosII_Bsp\libhal_bsp.a(altera_avalon_timer_vars.o)
 .debug_info    0x0000000000009883      0x440 ../NiosII_Bsp\libhal_bsp.a(altera_avalon_uart_fd.o)
 .debug_info    0x0000000000009cc3      0x32c ../NiosII_Bsp\libhal_bsp.a(altera_avalon_uart_init.o)
 .debug_info    0x0000000000009fef      0x312 ../NiosII_Bsp\libhal_bsp.a(altera_avalon_uart_read.o)
 .debug_info    0x000000000000a301      0x317 ../NiosII_Bsp\libhal_bsp.a(altera_avalon_uart_write.o)
 .debug_info    0x000000000000a618      0x448 ../NiosII_Bsp\libhal_bsp.a(epcs_commands.o)
 .debug_info    0x000000000000aa60      0x31a ../NiosII_Bsp\libhal_bsp.a(alt_close.o)
 .debug_info    0x000000000000ad7a       0x8b ../NiosII_Bsp\libhal_bsp.a(alt_dcache_flush_all.o)
 .debug_info    0x000000000000ae05      0x495 ../NiosII_Bsp\libhal_bsp.a(alt_dev.o)
 .debug_info    0x000000000000b29a      0x1a2 ../NiosII_Bsp\libhal_bsp.a(alt_dev_llist_insert.o)
 .debug_info    0x000000000000b43c       0x83 ../NiosII_Bsp\libhal_bsp.a(alt_do_ctors.o)
 .debug_info    0x000000000000b4bf       0x83 ../NiosII_Bsp\libhal_bsp.a(alt_do_dtors.o)
 .debug_info    0x000000000000b542       0x9f ../NiosII_Bsp\libhal_bsp.a(alt_errno.o)
 .debug_info    0x000000000000b5e1       0x8d ../NiosII_Bsp\libhal_bsp.a(alt_exception_entry.o)
 .debug_info    0x000000000000b66e      0x3d0 ../NiosII_Bsp\libhal_bsp.a(alt_flash_dev.o)
 .debug_info    0x000000000000ba3e       0x8b ../NiosII_Bsp\libhal_bsp.a(alt_icache_flush_all.o)
 .debug_info    0x000000000000bac9      0x1d8 ../NiosII_Bsp\libhal_bsp.a(alt_instruction_exception_entry.o)
 .debug_info    0x000000000000bca1      0x49e ../NiosII_Bsp\libhal_bsp.a(alt_io_redirect.o)
 .debug_info    0x000000000000c13f      0x3b4 ../NiosII_Bsp\libhal_bsp.a(alt_open.o)
 .debug_info    0x000000000000c4f3      0x2b0 ../NiosII_Bsp\libhal_bsp.a(alt_release_fd.o)
 .debug_info    0x000000000000c7a3      0x292 ../NiosII_Bsp\libhal_bsp.a(alt_tick.o)
 .debug_info    0x000000000000ca35       0x8b ../NiosII_Bsp\libhal_bsp.a(altera_nios2_gen2_irq.o)
 .debug_info    0x000000000000cac0      0x186 ../NiosII_Bsp\libhal_bsp.a(altera_avalon_spi.o)
 .debug_info    0x000000000000cc46      0x2e2 ../NiosII_Bsp\libhal_bsp.a(alt_find_dev.o)
 .debug_info    0x000000000000cf28      0x2df ../NiosII_Bsp\libhal_bsp.a(alt_find_file.o)
 .debug_info    0x000000000000d207      0x309 ../NiosII_Bsp\libhal_bsp.a(alt_get_fd.o)
 .debug_info    0x000000000000d510      0x10a c:/altera_lite/15.1/nios2eds/bin/gnu/h-x86_64-mingw32/bin/../lib/gcc/nios2-elf/4.9.2/../../../../../H-x86_64-mingw32/nios2-elf/lib/mno-hw-mul\libsmallc.a(lib_a-atexit.o)
 .debug_info    0x000000000000d61a       0xed c:/altera_lite/15.1/nios2eds/bin/gnu/h-x86_64-mingw32/bin/../lib/gcc/nios2-elf/4.9.2/../../../../../H-x86_64-mingw32/nios2-elf/lib/mno-hw-mul\libsmallc.a(lib_a-exit.o)
 .debug_info    0x000000000000d707       0xed c:/altera_lite/15.1/nios2eds/bin/gnu/h-x86_64-mingw32/bin/../lib/gcc/nios2-elf/4.9.2/../../../../../H-x86_64-mingw32/nios2-elf/lib/mno-hw-mul\libsmallc.a(lib_a-memcmp.o)
 .debug_info    0x000000000000d7f4      0x655 c:/altera_lite/15.1/nios2eds/bin/gnu/h-x86_64-mingw32/bin/../lib/gcc/nios2-elf/4.9.2/../../../../../H-x86_64-mingw32/nios2-elf/lib/mno-hw-mul\libsmallc.a(lib_a-__atexit.o)
 .debug_info    0x000000000000de49      0x67f c:/altera_lite/15.1/nios2eds/bin/gnu/h-x86_64-mingw32/bin/../lib/gcc/nios2-elf/4.9.2/../../../../../H-x86_64-mingw32/nios2-elf/lib/mno-hw-mul\libsmallc.a(lib_a-__call_atexit.o)
 .debug_info    0x000000000000e4c8       0xe5 ../NiosII_Bsp\libhal_bsp.a(alt_exit.o)

.debug_abbrev   0x0000000000000000     0x52db
 *(.debug_abbrev)
 .debug_abbrev  0x0000000000000000       0x12 ../NiosII_Bsp/obj/HAL/src/crt0.o
 .debug_abbrev  0x0000000000000012       0x87 obj/default/src/LIB_AP/Ap.o
 .debug_abbrev  0x0000000000000099      0x1be obj/default/src/LIB_AP/Lib/MSP.o
 .debug_abbrev  0x0000000000000257       0x96 obj/default/src/LIB_HW/Core/Hw_ISR.o
 .debug_abbrev  0x00000000000002ed      0x1e7 obj/default/src/LIB_HW/Core/Hw_Timer.o
 .debug_abbrev  0x00000000000004d4      0x213 obj/default/src/LIB_HW/Core/Hw_Uart.o
 .debug_abbrev  0x00000000000006e7      0x11e obj/default/src/LIB_HW/Core/Hw_Uart_Q.o
 .debug_abbrev  0x0000000000000805       0xf1 obj/default/src/LIB_HW/Driver/Hw_Led.o
 .debug_abbrev  0x00000000000008f6      0x107 obj/default/src/LIB_HW/Hw.o
 .debug_abbrev  0x00000000000009fd       0x6b obj/default/src/LIB_LB/Lb_Printf.o
 .debug_abbrev  0x0000000000000a68       0xb7 obj/default/src/LIB_LB/Lb_Util.o
 .debug_abbrev  0x0000000000000b1f      0x110 obj/default/src/main.o
 .debug_abbrev  0x0000000000000c2f       0xd9 c:/altera_lite/15.1/nios2eds/bin/gnu/h-x86_64-mingw32/bin/../lib/gcc/nios2-elf/4.9.2/mno-hw-mul\libgcc.a(lib2-divmod.o)
 .debug_abbrev  0x0000000000000d08       0x6f c:/altera_lite/15.1/nios2eds/bin/gnu/h-x86_64-mingw32/bin/../lib/gcc/nios2-elf/4.9.2/mno-hw-mul\libgcc.a(lib2-mul.o)