Archive member included to satisfy reference by file (symbol)

c:/altera_lite/15.1/nios2eds/bin/gnu/h-x86_64-mingw32/bin/../lib/gcc/nios2-elf/4.9.2/mno-hw-mul\libgcc.a(lib2-divmod.o)
                              obj/default/src/LIB_HW/Hw.o (__udivsi3)
c:/altera_lite/15.1/nios2eds/bin/gnu/h-x86_64-mingw32/bin/../lib/gcc/nios2-elf/4.9.2/mno-hw-mul\libgcc.a(lib2-mul.o)
                              obj/default/src/LIB_HW/Core/Hw_Uart_Q.o (__mulsi3)
c:/altera_lite/15.1/nios2eds/bin/gnu/h-x86_64-mingw32/bin/../lib/gcc/nios2-elf/4.9.2/../../../../../H-x86_64-mingw32/nios2-elf/lib/mno-hw-mul\libsmallc.a(lib_a-printf.o)
                              obj/default/src/main.o (printf)
c:/altera_lite/15.1/nios2eds/bin/gnu/h-x86_64-mingw32/bin/../lib/gcc/nios2-elf/4.9.2/../../../../../H-x86_64-mingw32/nios2-elf/lib/mno-hw-mul\libsmallc.a(lib_a-puts.o)
                              obj/default/src/main.o (puts)
c:/altera_lite/15.1/nios2eds/bin/gnu/h-x86_64-mingw32/bin/../lib/gcc/nios2-elf/4.9.2/../../../../../H-x86_64-mingw32/nios2-elf/lib/mno-hw-mul\libsmallc.a(lib_a-strlen.o)
                              c:/altera_lite/15.1/nios2eds/bin/gnu/h-x86_64-mingw32/bin/../lib/gcc/nios2-elf/4.9.2/../../../../../H-x86_64-mingw32/nios2-elf/lib/mno-hw-mul\libsmallc.a(lib_a-puts.o) (strlen)
c:/altera_lite/15.1/nios2eds/bin/gnu/h-x86_64-mingw32/bin/../lib/gcc/nios2-elf/4.9.2/../../../../../H-x86_64-mingw32/nios2-elf/lib/mno-hw-mul\libsmallc.a(lib_a-vfprintf.o)
                              c:/altera_lite/15.1/nios2eds/bin/gnu/h-x86_64-mingw32/bin/../lib/gcc/nios2-elf/4.9.2/../../../../../H-x86_64-mingw32/nios2-elf/lib/mno-hw-mul\libsmallc.a(lib_a-printf.o) (___vfprintf_internal_r)
c:/altera_lite/15.1/nios2eds/bin/gnu/h-x86_64-mingw32/bin/../lib/gcc/nios2-elf/4.9.2/../../../../../H-x86_64-mingw32/nios2-elf/lib/mno-hw-mul\libsmallc.a(lib_a-vsprintf.o)
                              obj/default/src/LIB_HW/Core/Hw_Uart.o (vsprintf)
c:/altera_lite/15.1/nios2eds/bin/gnu/h-x86_64-mingw32/bin/../lib/gcc/nios2-elf/4.9.2/../../../../../H-x86_64-mingw32/nios2-elf/lib/mno-hw-mul\libsmallc.a(lib_a-fvwrite_small_dev.o)
                              c:/altera_lite/15.1/nios2eds/bin/gnu/h-x86_64-mingw32/bin/../lib/gcc/nios2-elf/4.9.2/../../../../../H-x86_64-mingw32/nios2-elf/lib/mno-hw-mul\libsmallc.a(lib_a-printf.o) (__sfvwrite_small_dev)
c:/altera_lite/15.1/nios2eds/bin/gnu/h-x86_64-mingw32/bin/../lib/gcc/nios2-elf/4.9.2/../../../../../H-x86_64-mingw32/nios2-elf/lib/mno-hw-mul\libsmallc.a(lib_a-fvwrite_small_str.o)
                              c:/altera_lite/15.1/nios2eds/bin/gnu/h-x86_64-mingw32/bin/../lib/gcc/nios2-elf/4.9.2/../../../../../H-x86_64-mingw32/nios2-elf/lib/mno-hw-mul\libsmallc.a(lib_a-vsprintf.o) (__sfvwrite_small_str)
c:/altera_lite/15.1/nios2eds/bin/gnu/h-x86_64-mingw32/bin/../lib/gcc/nios2-elf/4.9.2/../../../../../H-x86_64-mingw32/nios2-elf/lib/mno-hw-mul\libsmallc.a(lib_a-impure.o)
                              c:/altera_lite/15.1/nios2eds/bin/gnu/h-x86_64-mingw32/bin/../lib/gcc/nios2-elf/4.9.2/../../../../../H-x86_64-mingw32/nios2-elf/lib/mno-hw-mul\libsmallc.a(lib_a-printf.o) (_impure_ptr)
c:/altera_lite/15.1/nios2eds/bin/gnu/h-x86_64-mingw32/bin/../lib/gcc/nios2-elf/4.9.2/../../../../../H-x86_64-mingw32/nios2-elf/lib/mno-hw-mul\libsmallc.a(lib_a-memmove.o)
                              c:/altera_lite/15.1/nios2eds/bin/gnu/h-x86_64-mingw32/bin/../lib/gcc/nios2-elf/4.9.2/../../../../../H-x86_64-mingw32/nios2-elf/lib/mno-hw-mul\libsmallc.a(lib_a-fvwrite_small_str.o) (memmove)
c:/altera_lite/15.1/nios2eds/bin/gnu/h-x86_64-mingw32/bin/../lib/gcc/nios2-elf/4.9.2/../../../../../H-x86_64-mingw32/nios2-elf/lib/mno-hw-mul\libsmallc.a(lib_a-svfprintf.o)
                              c:/altera_lite/15.1/nios2eds/bin/gnu/h-x86_64-mingw32/bin/../lib/gcc/nios2-elf/4.9.2/../../../../../H-x86_64-mingw32/nios2-elf/lib/mno-hw-mul\libsmallc.a(lib_a-vsprintf.o) (___svfprintf_internal_r)
c:/altera_lite/15.1/nios2eds/bin/gnu/h-x86_64-mingw32/bin/../lib/gcc/nios2-elf/4.9.2/../../../../../H-x86_64-mingw32/nios2-elf/lib/mno-hw-mul\libsmallc.a(lib_a-writer.o)
                              c:/altera_lite/15.1/nios2eds/bin/gnu/h-x86_64-mingw32/bin/../lib/gcc/nios2-elf/4.9.2/../../../../../H-x86_64-mingw32/nios2-elf/lib/mno-hw-mul\libsmallc.a(lib_a-fvwrite_small_dev.o) (_write_r)
c:/altera_lite/15.1/nios2eds/bin/gnu/h-x86_64-mingw32/bin/../lib/gcc/nios2-elf/4.9.2/../../../../../H-x86_64-mingw32/nios2-elf/lib/mno-hw-mul\libsmallc.a(lib_a-int_errno.o)
                              c:/altera_lite/15.1/nios2eds/bin/gnu/h-x86_64-mingw32/bin/../lib/gcc/nios2-elf/4.9.2/../../../../../H-x86_64-mingw32/nios2-elf/lib/mno-hw-mul\libsmallc.a(lib_a-writer.o) (errno)
../NiosII_Bsp\libhal_bsp.a(alt_iic.o)
                              obj/default/src/LIB_HW/Core/Hw_Uart.o (alt_ic_isr_register)
../NiosII_Bsp\libhal_bsp.a(alt_iic_isr_register.o)
                              ../NiosII_Bsp\libhal_bsp.a(alt_iic.o) (alt_iic_isr_register)
[...]
Memory Configuration

Name             Origin             Length             Attributes
reset            0x0000000000010000 0x0000000000000020
onchip_memory2_0 0x0000000000010020 0x000000000000bb60
*default*        0x0000000000000000 0xffffffffffffffff

Linker script and memory map

LOAD ../NiosII_Bsp/obj/HAL/src/crt0.o
LOAD obj/default/src/LIB_AP/Ap.o
LOAD obj/default/src/LIB_AP/Lib/MSP.o
LOAD obj/default/src/LIB_HW/Core/Hw_ISR.o
LOAD obj/default/src/LIB_HW/Core/Hw_Timer.o
LOAD obj/default/src/LIB_HW/Core/Hw_Uart.o
LOAD obj/default/src/LIB_HW/Core/Hw_Uart_Q.o
LOAD obj/default/src/LIB_HW/Driver/Hw_Led.o
LOAD obj/default/src/LIB_HW/Hw.o
LOAD obj/default/src/LIB_LB/Lb_Printf.o
LOAD obj/default/src/LIB_LB/Lb_Util.o
LOAD obj/default/src/main.o
LOAD c:/altera_lite/15.1/nios2eds/bin/gnu/h-x86_64-mingw32/bin/../lib/gcc/nios2-elf/4.9.2/../../../../../H-x86_64-mingw32/nios2-elf/lib/mno-hw-mul\libstdc++.a
LOAD c:/altera_lite/15.1/nios2eds/bin/gnu/h-x86_64-mingw32/bin/../lib/gcc/nios2-elf/4.9.2/../../../../../H-x86_64-mingw32/nios2-elf/lib/mno-hw-mul\libm.a
LOAD c:/altera_lite/15.1/nios2eds/bin/gnu/h-x86_64-mingw32/bin/../lib/gcc/nios2-elf/4.9.2/mno-hw-mul\libgcc.a
START GROUP
LOAD c:/altera_lite/15.1/nios2eds/bin/gnu/h-x86_64-mingw32/bin/../lib/gcc/nios2-elf/4.9.2/../../../../../H-x86_64-mingw32/nios2-elf/lib/mno-hw-mul\libsmallc.a
LOAD c:/altera_lite/15.1/nios2eds/bin/gnu/h-x86_64-mingw32/bin/../lib/gcc/nios2-elf/4.9.2/mno-hw-mul\libgcc.a
LOAD ../NiosII_Bsp\libhal_bsp.a
LOAD c:/altera_lite/15.1/nios2eds/bin/gnu/h-x86_64-mingw32/bin/../lib/gcc/nios2-elf/4.9.2/../../../../../H-x86_64-mingw32/nios2-elf/lib/mno-hw-mul\libm.a
END GROUP
LOAD c:/altera_lite/15.1/nios2eds/bin/gnu/h-x86_64-mingw32/bin/../lib/gcc/nios2-elf/4.9.2/mno-hw-mul\libgcc.a
                0x0000000000010000                __alt_mem_onchip_memory2_0 = 0x10000

.entry          0x0000000000010000       0x20
 *(.entry)
 .entry         0x0000000000010000       0x20 ../NiosII_Bsp/obj/HAL/src/crt0.o
                0x0000000000010000                __reset

.exceptions     0x0000000000010020      0x20c
                0x0000000000010020                PROVIDE (__ram_exceptions_start, ABSOLUTE (.))
                0x0000000000010020                . = ALIGN (0x20)
 *(.irq)
 *(.exceptions.entry.label)
 .exceptions.entry.label
                0x0000000000010020        0x0 ../NiosII_Bsp\libhal_bsp.a(alt_irq_entry.o)
                0x0000000000010020                alt_irq_entry
 .exceptions.entry.label
                0x0000000000010020        0x0 ../NiosII_Bsp\libhal_bsp.a(alt_exception_entry.o)
                0x0000000000010020                alt_exception
 *(.exceptions.entry.user)
 *(.exceptions.entry.ecc_fatal)
 *(.exceptions.entry)
 .exceptions.entry
                0x0000000000010020       0x54 ../NiosII_Bsp\libhal_bsp.a(alt_exception_entry.o)
 *(.exceptions.irqtest.user)
 *(.exceptions.irqtest)
 .exceptions.irqtest
                0x0000000000010074       0x10 ../NiosII_Bsp\libhal_bsp.a(alt_irq_entry.o)
 *(.exceptions.irqhandler.user)
 *(.exceptions.irqhandler)
 .exceptions.irqhandler
                0x0000000000010084        0x4 ../NiosII_Bsp\libhal_bsp.a(alt_irq_entry.o)
 *(.exceptions.irqreturn.user)
 *(.exceptions.irqreturn)
 .exceptions.irqreturn
                0x0000000000010088        0x4 ../NiosII_Bsp\libhal_bsp.a(alt_irq_entry.o)
 *(.exceptions.notirq.label)
 .exceptions.notirq.label
                0x000000000001008c        0x0 ../NiosII_Bsp\libhal_bsp.a(alt_irq_entry.o)
 *(.exceptions.notirq.user)
 *(.exceptions.notirq)
 .exceptions.notirq
                0x000000000001008c        0x8 ../NiosII_Bsp\libhal_bsp.a(alt_exception_entry.o)
 *(.exceptions.soft.user)
 *(.exceptions.soft)
 *(.exceptions.unknown.user)
 *(.exceptions.unknown)
 .exceptions.unknown
                0x0000000000010094       0x14 ../NiosII_Bsp\libhal_bsp.a(alt_exception_entry.o)
 *(.exceptions.exit.label)
 .exceptions.exit.label
                0x00000000000100a8        0x0 ../NiosII_Bsp\libhal_bsp.a(alt_irq_entry.o)
 .exceptions.exit.label
                0x00000000000100a8        0x0 ../NiosII_Bsp\libhal_bsp.a(alt_exception_entry.o)
 *(.exceptions.exit.user)
 *(.exceptions.exit)
 .exceptions.exit
                0x00000000000100a8       0x54 ../NiosII_Bsp\libhal_bsp.a(alt_exception_entry.o)
 *(.exceptions)
 .exceptions    0x00000000000100fc       0xd0 ../NiosII_Bsp\libhal_bsp.a(alt_irq_handler.o)
                0x00000000000100fc                alt_irq_handler
 .exceptions    0x00000000000101cc       0x60 ../NiosII_Bsp\libhal_bsp.a(alt_instruction_exception_entry.o)
                0x00000000000101cc                alt_instruction_exception_entry
                0x000000000001022c                PROVIDE (__ram_exceptions_end, ABSOLUTE (.))
                0x0000000000010020                PROVIDE (__flash_exceptions_start, LOADADDR (.exceptions))

.text           0x000000000001022c     0x4f40
                0x000000000001022c                PROVIDE (stext, ABSOLUTE (.))
 *(.interp)
 *(.hash)
 *(.dynsym)
 *(.dynstr)
 *(.gnu.version)
 *(.gnu.version_d)
 *(.gnu.version_r)
 *(.rel.init)
 *(.rela.init)
 *(.rel.text .rel.text.* .rel.gnu.linkonce.t.*)
 *(.rela.text .rela.text.* .rela.gnu.linkonce.t.*)
 *(.rel.fini)
 *(.rela.fini)
 *(.rel.rodata .rel.rodata.* .rel.gnu.linkonce.r.*)
 *(.rela.rodata .rela.rodata.* .rela.gnu.linkonce.r.*)
 *(.rel.data .rel.data.* .rel.gnu.linkonce.d.*)
 *(.rela.data .rela.data.* .rela.gnu.linkonce.d.*)
 *(.rel.tdata .rel.tdata.* .rel.gnu.linkonce.td.*)
 *(.rela.tdata .rela.tdata.* .rela.gnu.linkonce.td.*)
 *(.rel.tbss .rel.tbss.* .rel.gnu.linkonce.tb.*)
 *(.rela.tbss .rela.tbss.* .rela.gnu.linkonce.tb.*)
 *(.rel.ctors)
 *(.rela.ctors)
 *(.rel.dtors)
 *(.rela.dtors)
 *(.rel.got)
 *(.rela.got)
 *(.rel.sdata .rel.sdata.* .rel.gnu.linkonce.s.*)
 *(.rela.sdata .rela.sdata.* .rela.gnu.linkonce.s.*)
 *(.rel.sbss .rel.sbss.* .rel.gnu.linkonce.sb.*)
 *(.rela.sbss .rela.sbss.* .rela.gnu.linkonce.sb.*)
 *(.rel.sdata2 .rel.sdata2.* .rel.gnu.linkonce.s2.*)
 *(.rela.sdata2 .rela.sdata2.* .rela.gnu.linkonce.s2.*)
 *(.rel.sbss2 .rel.sbss2.* .rel.gnu.linkonce.sb2.*)
 *(.rela.sbss2 .rela.sbss2.* .rela.gnu.linkonce.sb2.*)
 *(.rel.bss .rel.bss.* .rel.gnu.linkonce.b.*)
 *(.rela.bss .rela.bss.* .rela.gnu.linkonce.b.*)
 *(.rel.plt)
 *(.rela.plt)
 *(.rel.dyn)
 *(.init)
 *(.plt)
 *(.text .stub .text.* .gnu.linkonce.t.*)
 .text          0x000000000001022c       0x3c ../NiosII_Bsp/obj/HAL/src/crt0.o
                0x000000000001022c                _start
 .text          0x0000000000010268       0x28 obj/default/src/LIB_AP/Ap.o
                0x0000000000010268                Ap_Init
 .text          0x0000000000010290      0x584 obj/default/src/LIB_AP/Lib/MSP.o
                0x0000000000010290                MSP_ISR
                0x00000000000102f0                MSP_Init
                0x000000000001032c                MSP_GetReceived
                0x0000000000010358                MSP_Update
                0x00000000000105c8                MSP_Get_CmdPtr
                0x00000000000105ec                MSP_Get_RespPtr
                0x0000000000010610                MSP_Get_CmdRcPtr
                0x00000000000106c0                MSP_SendResp
 .text          0x0000000000010814       0x20 obj/default/src/LIB_HW/Core/Hw_ISR.o
                0x0000000000010814                Hw_ISR_Init
 .text          0x0000000000010834      0x58c obj/default/src/LIB_HW/Core/Hw_Timer.o
                0x0000000000010834                Hw_Timer_ISR
                0x000000000001085c                Hw_Timer_Init
                0x000000000001092c                Hw_Timer_DeInit
                0x0000000000010948                Hw_Timer_SetupISR
                0x0000000000010964                Hw_Timer_Setup
                0x0000000000010980                Hw_Timer_Tick
                0x0000000000010af0                Hw_Timer_Set
                0x0000000000010bbc                Hw_Timer_Start
                0x0000000000010c08                Hw_Timer_Stop
                0x0000000000010c50                Hw_Timer_Reset
                0x0000000000010cc0                Hw_Timer_Delay_ms
                0x0000000000010cfc                Hw_Timer_Get_Handle
                0x0000000000010d30                Hw_Timer_Get_CountValue
                0x0000000000010d58                Hw_Timer_TimeStart
                0x0000000000010d90                Hw_Timer_TimeGetElapse
 .text          0x0000000000010dc0      0x5d0 obj/default/src/LIB_HW/Core/Hw_Uart.o
                0x0000000000010e98                Hw_Uart_Init
                0x0000000000010f40                Hw_Uart_DeInit
                0x0000000000010f5c                Hw_Uart_Open
                0x0000000000010fec                Hw_Uart_Open_COM1
                0x0000000000011098                Hw_Uart_Open_COM2
                0x00000000000110dc                Hw_Uart_SetReceiveFuncISR
                0x0000000000011124                Hw_Uart_Getch
                0x0000000000011180                Hw_Uart_Putch
                0x0000000000011254                Hw_Uart_PrintEx
                0x00000000000112d0                Hw_Uart_Printf
                0x0000000000011334                Hw_Uart_GetchNoWait
 .text          0x0000000000011390      0x40c obj/default/src/LIB_HW/Core/Hw_Uart_Q.o
                0x0000000000011390                Hw_Uart_Q_Init
                0x0000000000011410                HW_UART_Q_SIZE
                0x00000000000114a4                HW_UART_Q_VAILD
                0x00000000000114dc                Hw_Uart_Q_PushReady
                0x0000000000011538                Hw_Uart_Q_Push
                0x0000000000011670                Hw_Uart_Q_Pop
 .text          0x000000000001179c      0x198 obj/default/src/LIB_HW/Driver/Hw_Led.o
                0x000000000001179c                Hw_Led_Init
                0x00000000000117d0                Hw_Led_On
                0x0000000000011830                Hw_Led_Off
                0x0000000000011894                Hw_Led_Toggle
                0x00000000000118f4                Hw_Led_Wait
 .text          0x0000000000011934      0x108 obj/default/src/LIB_HW/Hw.o
                0x0000000000011934                Hw_Init
                0x0000000000011964                Hw_Wait
                0x00000000000119a4                Hw_Wait_Usec
                0x00000000000119e0                millis
                0x0000000000011a14                micros
 .text          0x0000000000011a3c        0x0 obj/default/src/LIB_LB/Lb_Printf.o
 .text          0x0000000000011a3c       0x64 obj/default/src/LIB_LB/Lb_Util.o
                0x0000000000011a3c                delay
                0x0000000000011a70                delay_second
 .text          0x0000000000011aa0      0x1e4 obj/default/src/main.o
                0x0000000000011aa0                Uart1_ISR
                0x0000000000011ae8                main
                0x0000000000011c58                Main_Init
 .text          0x0000000000011c84      0x12c c:/altera_lite/15.1/nios2eds/bin/gnu/h-x86_64-mingw32/bin/../lib/gcc/nios2-elf/4.9.2/mno-hw-mul\libgcc.a(lib2-divmod.o)
                0x0000000000011cf0                __divsi3
                0x0000000000011d44                __modsi3
                0x0000000000011da0                __udivsi3
                0x0000000000011da8                __umodsi3
 .text          0x0000000000011db0       0x28 c:/altera_lite/15.1/nios2eds/bin/gnu/h-x86_64-mingw32/bin/../lib/gcc/nios2-elf/4.9.2/mno-hw-mul\libgcc.a(lib2-mul.o)
                0x0000000000011db0                __mulsi3
 .text          0x0000000000011dd8        0x0 c:/altera_lite/15.1/nios2eds/bin/gnu/h-x86_64-mingw32/bin/../lib/gcc/nios2-elf/4.9.2/../../../../../H-x86_64-mingw32/nios2-elf/lib/mno-hw-mul\libsmallc.a(lib_a-printf.o)
 .text._printf_r
                0x0000000000011dd8       0x3c c:/altera_lite/15.1/nios2eds/bin/gnu/h-x86_64-mingw32/bin/../lib/gcc/nios2-elf/4.9.2/../../../../../H-x86_64-mingw32/nios2-elf/lib/mno-hw-mul\libsmallc.a(lib_a-printf.o)
                0x0000000000011dd8                _printf_r
 .text.printf   0x0000000000011e14       0x4c c:/altera_lite/15.1/nios2eds/bin/gnu/h-x86_64-mingw32/bin/../lib/gcc/nios2-elf/4.9.2/../../../../../H-x86_64-mingw32/nios2-elf/lib/mno-hw-mul\libsmallc.a(lib_a-printf.o)
                0x0000000000011e14                printf
 .text          0x0000000000011e60        0x0 c:/altera_lite/15.1/nios2eds/bin/gnu/h-x86_64-mingw32/bin/../lib/gcc/nios2-elf/4.9.2/../../../../../H-x86_64-mingw32/nios2-elf/lib/mno-hw-mul\libsmallc.a(lib_a-puts.o)
 .text._puts_r  0x0000000000011e60       0x80 c:/altera_lite/15.1/nios2eds/bin/gnu/h-x86_64-mingw32/bin/../lib/gcc/nios2-elf/4.9.2/../../../../../H-x86_64-mingw32/nios2-elf/lib/mno-hw-mul\libsmallc.a(lib_a-puts.o)
                0x0000000000011e60                _puts_r
 .text.puts     0x0000000000011ee0       0x14 c:/altera_lite/15.1/nios2eds/bin/gnu/h-x86_64-mingw32/bin/../lib/gcc/nios2-elf/4.9.2/../../../../../H-x86_64-mingw32/nios2-elf/lib/mno-hw-mul\libsmallc.a(lib_a-puts.o)
                0x0000000000011ee0                puts
 .text          0x0000000000011ef4        0x0 c:/altera_lite/15.1/nios2eds/bin/gnu/h-x86_64-mingw32/bin/../lib/gcc/nios2-elf/4.9.2/../../../../../H-x86_64-mingw32/nios2-elf/lib/mno-hw-mul\libsmallc.a(lib_a-strlen.o)
 .text.strlen   0x0000000000011ef4       0x1c c:/altera_lite/15.1/nios2eds/bin/gnu/h-x86_64-mingw32/bin/../lib/gcc/nios2-elf/4.9.2/../../../../../H-x86_64-mingw32/nios2-elf/lib/mno-hw-mul\libsmallc.a(lib_a-strlen.o)
                0x0000000000011ef4                strlen
 .text          0x0000000000011f10        0x0 c:/altera_lite/15.1/nios2eds/bin/gnu/h-x86_64-mingw32/bin/../lib/gcc/nios2-elf/4.9.2/../../../../../H-x86_64-mingw32/nios2-elf/lib/mno-hw-mul\libsmallc.a(lib_a-vfprintf.o)
 .text.print_repeat
                0x0000000000011f10       0x6c c:/altera_lite/15.1/nios2eds/bin/gnu/h-x86_64-mingw32/bin/../lib/gcc/nios2-elf/4.9.2/../../../../../H-x86_64-mingw32/nios2-elf/lib/mno-hw-mul\libsmallc.a(lib_a-vfprintf.o)
 .text.___vfprintf_internal_r
                0x0000000000011f7c      0x56c c:/altera_lite/15.1/nios2eds/bin/gnu/h-x86_64-mingw32/bin/../lib/gcc/nios2-elf/4.9.2/../../../../../H-x86_64-mingw32/nios2-elf/lib/mno-hw-mul\libsmallc.a(lib_a-vfprintf.o)
                0x0000000000011f7c                ___vfprintf_internal_r
 .text.__vfprintf_internal
                0x00000000000124e8       0x24 c:/altera_lite/15.1/nios2eds/bin/gnu/h-x86_64-mingw32/bin/../lib/gcc/nios2-elf/4.9.2/../../../../../H-x86_64-mingw32/nios2-elf/lib/mno-hw-mul\libsmallc.a(lib_a-vfprintf.o)
                0x00000000000124e8                __vfprintf_internal
 .text          0x000000000001250c        0x0 c:/altera_lite/15.1/nios2eds/bin/gnu/h-x86_64-mingw32/bin/../lib/gcc/nios2-elf/4.9.2/../../../../../H-x86_64-mingw32/nios2-elf/lib/mno-hw-mul\libsmallc.a(lib_a-vsprintf.o)
 .text._vsprintf_r
                0x000000000001250c       0x5c c:/altera_lite/15.1/nios2eds/bin/gnu/h-x86_64-mingw32/bin/../lib/gcc/nios2-elf/4.9.2/../../../../../H-x86_64-mingw32/nios2-elf/lib/mno-hw-mul\libsmallc.a(lib_a-vsprintf.o)
                0x000000000001250c                _vsprintf_r
 .text.vsprintf
                0x0000000000012568       0x24 c:/altera_lite/15.1/nios2eds/bin/gnu/h-x86_64-mingw32/bin/../lib/gcc/nios2-elf/4.9.2/../../../../../H-x86_64-mingw32/nios2-elf/lib/mno-hw-mul\libsmallc.a(lib_a-vsprintf.o)
                0x0000000000012568                vsprintf
 .text          0x000000000001258c        0x0 c:/altera_lite/15.1/nios2eds/bin/gnu/h-x86_64-mingw32/bin/../lib/gcc/nios2-elf/4.9.2/../../../../../H-x86_64-mingw32/nios2-elf/lib/mno-hw-mul\libsmallc.a(lib_a-fvwrite_small_dev.o)
 .text.__sfvwrite_small_dev
                0x000000000001258c       0xac c:/altera_lite/15.1/nios2eds/bin/gnu/h-x86_64-mingw32/bin/../lib/gcc/nios2-elf/4.9.2/../../../../../H-x86_64-mingw32/nios2-elf/lib/mno-hw-mul\libsmallc.a(lib_a-fvwrite_small_dev.o)
                0x000000000001258c                __sfvwrite_small_dev
 .text          0x0000000000012638        0x0 c:/altera_lite/15.1/nios2eds/bin/gnu/h-x86_64-mingw32/bin/../lib/gcc/nios2-elf/4.9.2/../../../../../H-x86_64-mingw32/nios2-elf/lib/mno-hw-mul\libsmallc.a(lib_a-fvwrite_small_str.o)
 .text.__sfvwrite_small_str
                0x0000000000012638       0x9c c:/altera_lite/15.1/nios2eds/bin/gnu/h-x86_64-mingw32/bin/../lib/gcc/nios2-elf/4.9.2/../../../../../H-x86_64-mingw32/nios2-elf/lib/mno-hw-mul\libsmallc.a(lib_a-fvwrite_small_str.o)
                0x0000000000012638                __sfvwrite_small_str
 .text          0x00000000000126d4        0x0 c:/altera_lite/15.1/nios2eds/bin/gnu/h-x86_64-mingw32/bin/../lib/gcc/nios2-elf/4.9.2/../../../../../H-x86_64-mingw32/nios2-elf/lib/mno-hw-mul\libsmallc.a(lib_a-impure.o)
 .text          0x00000000000126d4        0x0 c:/altera_lite/15.1/nios2eds/bin/gnu/h-x86_64-mingw32/bin/../lib/gcc/nios2-elf/4.9.2/../../../../../H-x86_64-mingw32/nios2-elf/lib/mno-hw-mul\libsmallc.a(lib_a-memmove.o)
 .text.memmove  0x00000000000126d4       0x60 c:/altera_lite/15.1/nios2eds/bin/gnu/h-x86_64-mingw32/bin/../lib/gcc/nios2-elf/4.9.2/../../../../../H-x86_64-mingw32/nios2-elf/lib/mno-hw-mul\libsmallc.a(lib_a-memmove.o)
                0x00000000000126d4                memmove
 .text          0x0000000000012734        0x0 c:/altera_lite/15.1/nios2eds/bin/gnu/h-x86_64-mingw32/bin/../lib/gcc/nios2-elf/4.9.2/../../../../../H-x86_64-mingw32/nios2-elf/lib/mno-hw-mul\libsmallc.a(lib_a-svfprintf.o)
 .text.print_repeat
                0x0000000000012734       0x6c c:/altera_lite/15.1/nios2eds/bin/gnu/h-x86_64-mingw32/bin/../lib/gcc/nios2-elf/4.9.2/../../../../../H-x86_64-mingw32/nios2-elf/lib/mno-hw-mul\libsmallc.a(lib_a-svfprintf.o)
 .text.___svfprintf_internal_r
                0x00000000000127a0      0x56c c:/altera_lite/15.1/nios2eds/bin/gnu/h-x86_64-mingw32/bin/../lib/gcc/nios2-elf/4.9.2/../../../../../H-x86_64-mingw32/nios2-elf/lib/mno-hw-mul\libsmallc.a(lib_a-svfprintf.o)
                0x00000000000127a0                ___svfprintf_internal_r
 .text.__vfprintf_internal_unused
                0x0000000000012d0c       0x24 c:/altera_lite/15.1/nios2eds/bin/gnu/h-x86_64-mingw32/bin/../lib/gcc/nios2-elf/4.9.2/../../../../../H-x86_64-mingw32/nios2-elf/lib/mno-hw-mul\libsmallc.a(lib_a-svfprintf.o)
                0x0000000000012d0c                __vfprintf_internal_unused
 .text          0x0000000000012d30        0x0 c:/altera_lite/15.1/nios2eds/bin/gnu/h-x86_64-mingw32/bin/../lib/gcc/nios2-elf/4.9.2/../../../../../H-x86_64-mingw32/nios2-elf/lib/mno-hw-mul\libsmallc.a(lib_a-writer.o)
 .text._write_r
                0x0000000000012d30       0x58 c:/altera_lite/15.1/nios2eds/bin/gnu/h-x86_64-mingw32/bin/../lib/gcc/nios2-elf/4.9.2/../../../../../H-x86_64-mingw32/nios2-elf/lib/mno-hw-mul\libsmallc.a(lib_a-writer.o)
                0x0000000000012d30                _write_r
 .text          0x0000000000012d88        0x0 c:/altera_lite/15.1/nios2eds/bin/gnu/h-x86_64-mingw32/bin/../lib/gcc/nios2-elf/4.9.2/../../../../../H-x86_64-mingw32/nios2-elf/lib/mno-hw-mul\libsmallc.a(lib_a-int_errno.o)
 .text          0x0000000000012d88      0x1e0 ../NiosII_Bsp\libhal_bsp.a(alt_iic.o)
                0x0000000000012d88                alt_ic_isr_register
                0x0000000000012dd8                alt_ic_irq_enable
                0x0000000000012e78                alt_ic_irq_disable
                0x0000000000012f1c                alt_ic_irq_enabled
 .text          0x0000000000012f68       0xf0 ../NiosII_Bsp\libhal_bsp.a(alt_iic_isr_register.o)
                0x0000000000012f68                alt_iic_isr_register
 .text          0x0000000000013058        0x0 ../NiosII_Bsp\libhal_bsp.a(alt_irq_entry.o)
 .text          0x0000000000013058        0x0 ../NiosII_Bsp\libhal_bsp.a(alt_irq_handler.o)
 .text          0x0000000000013058        0x0 ../NiosII_Bsp\libhal_bsp.a(alt_irq_vars.o)
 .text          0x0000000000013058       0xe4 ../NiosII_Bsp\libhal_bsp.a(alt_load.o)
                0x00000000000130bc                alt_load
 .text          0x000000000001313c       0x78 ../NiosII_Bsp\libhal_bsp.a(alt_main.o)
                0x000000000001313c                alt_main
 .text          0x00000000000131b4      0x150 ../NiosII_Bsp\libhal_bsp.a(alt_write.o)
                0x0000000000013204                write
 .text          0x0000000000013304       0xfc ../NiosII_Bsp\libhal_bsp.a(alt_sys_init.o)
                0x000000000001333c                alt_irq_init
                0x0000000000013370                alt_sys_init
 .text          0x0000000000013400       0xc0 ../NiosII_Bsp\libhal_bsp.a(altera_avalon_jtag_uart_fd.o)
                0x0000000000013400                altera_avalon_jtag_uart_read_fd
                0x0000000000013460                altera_avalon_jtag_uart_write_fd
 .text          0x00000000000134c0       0xe4 ../NiosII_Bsp\libhal_bsp.a(altera_avalon_jtag_uart_read.o)
                0x00000000000134c0                altera_avalon_jtag_uart_read
 .text          0x00000000000135a4       0x94 ../NiosII_Bsp\libhal_bsp.a(altera_avalon_jtag_uart_write.o)
                0x00000000000135a4                altera_avalon_jtag_uart_write
 .text          0x0000000000013638       0xfc ../NiosII_Bsp\libhal_bsp.a(altera_avalon_timer_sc.o)
                0x00000000000136ac                alt_avalon_timer_sc_init
 .text          0x0000000000013734      0x140 ../NiosII_Bsp\libhal_bsp.a(altera_avalon_timer_ts.o)
                0x0000000000013734                alt_timestamp_start
                0x00000000000137bc                alt_timestamp
                0x000000000001384c                alt_timestamp_freq
 .text          0x0000000000013874        0x0 ../NiosII_Bsp\libhal_bsp.a(altera_avalon_timer_vars.o)
 .text          0x0000000000013874      0x110 ../NiosII_Bsp\libhal_bsp.a(altera_avalon_uart_fd.o)
                0x0000000000013874                altera_avalon_uart_read_fd
                0x00000000000138d4                altera_avalon_uart_write_fd
                0x0000000000013934                altera_avalon_uart_close_fd
 .text          0x0000000000013984      0x3b8 ../NiosII_Bsp\libhal_bsp.a(altera_avalon_uart_init.o)
                0x0000000000013984                altera_avalon_uart_init
                0x0000000000013ce8                altera_avalon_uart_close
 .text          0x0000000000013d3c      0x22c ../NiosII_Bsp\libhal_bsp.a(altera_avalon_uart_read.o)
                0x0000000000013d8c                altera_avalon_uart_read
 .text          0x0000000000013f68      0x1fc ../NiosII_Bsp\libhal_bsp.a(altera_avalon_uart_write.o)
                0x0000000000013fb8                altera_avalon_uart_write
 .text          0x0000000000014164      0x128 ../NiosII_Bsp\libhal_bsp.a(alt_close.o)
                0x00000000000141b4                close
 .text          0x000000000001428c       0x1c ../NiosII_Bsp\libhal_bsp.a(alt_dcache_flush_all.o)
                0x000000000001428c                alt_dcache_flush_all
 .text          0x00000000000142a8       0x2c ../NiosII_Bsp\libhal_bsp.a(alt_dev.o)
 .text          0x00000000000142d4       0xf4 ../NiosII_Bsp\libhal_bsp.a(alt_dev_llist_insert.o)
                0x0000000000014324                alt_dev_llist_insert
 .text          0x00000000000143c8       0x5c ../NiosII_Bsp\libhal_bsp.a(alt_do_ctors.o)
                0x00000000000143c8                _do_ctors
 .text          0x0000000000014424       0x5c ../NiosII_Bsp\libhal_bsp.a(alt_do_dtors.o)
                0x0000000000014424                _do_dtors
 .text          0x0000000000014480        0x0 ../NiosII_Bsp\libhal_bsp.a(alt_errno.o)
 .text          0x0000000000014480        0x0 ../NiosII_Bsp\libhal_bsp.a(alt_exception_entry.o)
 .text          0x0000000000014480       0x1c ../NiosII_Bsp\libhal_bsp.a(alt_icache_flush_all.o)
                0x0000000000014480                alt_icache_flush_all
 .text          0x000000000001449c       0x9c ../NiosII_Bsp\libhal_bsp.a(alt_instruction_exception_entry.o)
                0x000000000001449c                alt_exception_cause_generated_bad_addr
 .text          0x0000000000014538      0x158 ../NiosII_Bsp\libhal_bsp.a(alt_io_redirect.o)
                0x0000000000014618                alt_io_redirect
 .text          0x0000000000014690      0x2a4 ../NiosII_Bsp\libhal_bsp.a(alt_open.o)
                0x00000000000147d4                open
 .text          0x0000000000014934       0x80 ../NiosII_Bsp\libhal_bsp.a(alt_release_fd.o)
                0x0000000000014934                alt_release_fd
 .text          0x00000000000149b4      0x19c ../NiosII_Bsp\libhal_bsp.a(alt_tick.o)
                0x00000000000149b4                alt_alarm_stop
                0x0000000000014a4c                alt_tick
 .text          0x0000000000014b50       0x20 ../NiosII_Bsp\libhal_bsp.a(altera_nios2_gen2_irq.o)
                0x0000000000014b50                altera_nios2_gen2_irq_init
 .text          0x0000000000014b70       0x90 ../NiosII_Bsp\libhal_bsp.a(alt_find_dev.o)
                0x0000000000014b70                alt_find_dev
 .text          0x0000000000014c00      0x114 ../NiosII_Bsp\libhal_bsp.a(alt_find_file.o)
                0x0000000000014c00                alt_find_file
 .text          0x0000000000014d14       0xd4 ../NiosII_Bsp\libhal_bsp.a(alt_get_fd.o)
                0x0000000000014d14                alt_get_fd
 .text          0x0000000000014de8        0x0 c:/altera_lite/15.1/nios2eds/bin/gnu/h-x86_64-mingw32/bin/../lib/gcc/nios2-elf/4.9.2/../../../../../H-x86_64-mingw32/nios2-elf/lib/mno-hw-mul\libsmallc.a(lib_a-atexit.o)
 .text.atexit   0x0000000000014de8       0x14 c:/altera_lite/15.1/nios2eds/bin/gnu/h-x86_64-mingw32/bin/../lib/gcc/nios2-elf/4.9.2/../../../../../H-x86_64-mingw32/nios2-elf/lib/mno-hw-mul\libsmallc.a(lib_a-atexit.o)
                0x0000000000014de8                atexit
 .text          0x0000000000014dfc        0x0 c:/altera_lite/15.1/nios2eds/bin/gnu/h-x86_64-mingw32/bin/../lib/gcc/nios2-elf/4.9.2/../../../../../H-x86_64-mingw32/nios2-elf/lib/mno-hw-mul\libsmallc.a(lib_a-exit.o)
 .text.exit     0x0000000000014dfc       0x20 c:/altera_lite/15.1/nios2eds/bin/gnu/h-x86_64-mingw32/bin/../lib/gcc/nios2-elf/4.9.2/../../../../../H-x86_64-mingw32/nios2-elf/lib/mno-hw-mul\libsmallc.a(lib_a-exit.o)
                0x0000000000014dfc                exit
 .text          0x0000000000014e1c        0x0 c:/altera_lite/15.1/nios2eds/bin/gnu/h-x86_64-mingw32/bin/../lib/gcc/nios2-elf/4.9.2/../../../../../H-x86_64-mingw32/nios2-elf/lib/mno-hw-mul\libsmallc.a(lib_a-memcmp.o)
 .text.memcmp   0x0000000000014e1c       0x30 c:/altera_lite/15.1/nios2eds/bin/gnu/h-x86_64-mingw32/bin/../lib/gcc/nios2-elf/4.9.2/../../../../../H-x86_64-mingw32/nios2-elf/lib/mno-hw-mul\libsmallc.a(lib_a-memcmp.o)
                0x0000000000014e1c                memcmp
 .text          0x0000000000014e4c        0x0 c:/altera_lite/15.1/nios2eds/bin/gnu/h-x86_64-mingw32/bin/../lib/gcc/nios2-elf/4.9.2/../../../../../H-x86_64-mingw32/nios2-elf/lib/mno-hw-mul\libsmallc.a(lib_a-__atexit.o)
 .text.__register_exitproc
                0x0000000000014e4c      0x150 c:/altera_lite/15.1/nios2eds/bin/gnu/h-x86_64-mingw32/bin/../lib/gcc/nios2-elf/4.9.2/../../../../../H-x86_64-mingw32/nios2-elf/lib/mno-hw-mul\libsmallc.a(lib_a-__atexit.o)
                0x0000000000014e4c                __register_exitproc
 .text          0x0000000000014f9c        0x0 c:/altera_lite/15.1/nios2eds/bin/gnu/h-x86_64-mingw32/bin/../lib/gcc/nios2-elf/4.9.2/../../../../../H-x86_64-mingw32/nios2-elf/lib/mno-hw-mul\libsmallc.a(lib_a-__call_atexit.o)
 .text.__call_exitprocs
                0x0000000000014f9c      0x19c c:/altera_lite/15.1/nios2eds/bin/gnu/h-x86_64-mingw32/bin/../lib/gcc/nios2-elf/4.9.2/../../../../../H-x86_64-mingw32/nios2-elf/lib/mno-hw-mul\libsmallc.a(lib_a-__call_atexit.o)
                0x0000000000014f9c                __call_exitprocs
 .text          0x0000000000015138       0x34 ../NiosII_Bsp\libhal_bsp.a(alt_exit.o)
                0x0000000000015138                _exit
 *(.gnu.warning.*)
 *(.fini)
                0x000000000001516c                PROVIDE (__etext, ABSOLUTE (.))
                0x000000000001516c                PROVIDE (_etext, ABSOLUTE (.))
                0x000000000001516c                PROVIDE (etext, ABSOLUTE (.))
 *(.eh_frame_hdr)
                0x000000000001516c                . = ALIGN (0x4)
                0x000000000001516c                PROVIDE (__preinit_array_start, ABSOLUTE (.))
 *(.preinit_array)
                0x000000000001516c                PROVIDE (__preinit_array_end, ABSOLUTE (.))
                0x000000000001516c                PROVIDE (__init_array_start, ABSOLUTE (.))
 *(.init_array)
                0x000000000001516c                PROVIDE (__init_array_end, ABSOLUTE (.))
                0x000000000001516c                PROVIDE (__fini_array_start, ABSOLUTE (.))
 *(.fini_array)
                0x000000000001516c                PROVIDE (__fini_array_end, ABSOLUTE (.))
 *(.eh_frame)
 *(.gcc_except_table .gcc_except_table.*)
 *(.dynamic)
                0x000000000001516c                PROVIDE (__CTOR_LIST__, ABSOLUTE (.))
 *(.ctors)
 *(SORT(.ctors.*))
                0x000000000001516c                PROVIDE (__CTOR_END__, ABSOLUTE (.))
                0x000000000001516c                PROVIDE (__DTOR_LIST__, ABSOLUTE (.))
 *(.dtors)
 *(SORT(.dtors.*))
                0x000000000001516c                PROVIDE (__DTOR_END__, ABSOLUTE (.))
 *(.jcr)
                0x000000000001516c                . = ALIGN (0x4)

.rodata         0x000000000001516c       0x9c
                0x000000000001516c                PROVIDE (__ram_rodata_start, ABSOLUTE (.))
                0x000000000001516c                . = ALIGN (0x4)
 *(.rodata .rodata.* .gnu.linkonce.r.*)
 .rodata        0x000000000001516c       0x58 obj/default/src/main.o
 .rodata.str1.4
                0x00000000000151c4        0x4 c:/altera_lite/15.1/nios2eds/bin/gnu/h-x86_64-mingw32/bin/../lib/gcc/nios2-elf/4.9.2/../../../../../H-x86_64-mingw32/nios2-elf/lib/mno-hw-mul\libsmallc.a(lib_a-puts.o)
 .rodata        0x00000000000151c8       0x14 ../NiosII_Bsp\libhal_bsp.a(alt_main.o)
 .rodata        0x00000000000151dc       0x20 ../NiosII_Bsp\libhal_bsp.a(alt_sys_init.o)
 .rodata        0x00000000000151fc        0xc ../NiosII_Bsp\libhal_bsp.a(alt_dev.o)
 *(.rodata1)
                0x0000000000015208                . = ALIGN (0x4)
                0x0000000000015208                PROVIDE (__ram_rodata_end, ABSOLUTE (.))
                0x000000000001516c                PROVIDE (__flash_rodata_start, LOADADDR (.rodata))

.rwdata         0x0000000000015208      0x3a4 load address 0x00000000000155ac
                0x0000000000015208                PROVIDE (__ram_rwdata_start, ABSOLUTE (.))
                0x0000000000015208                . = ALIGN (0x4)
 *(.got.plt)
 *(.got)
 *(.data1)
 *(.data .data.* .gnu.linkonce.d.*)
 .data          0x0000000000015208        0x0 ../NiosII_Bsp/obj/HAL/src/crt0.o
 .data          0x0000000000015208        0x0 obj/default/src/LIB_AP/Ap.o
 .data          0x0000000000015208        0x0 obj/default/src/LIB_AP/Lib/MSP.o
 .data          0x0000000000015208        0x0 obj/default/src/LIB_HW/Core/Hw_ISR.o
 .data          0x0000000000015208        0x0 obj/default/src/LIB_HW/Core/Hw_Timer.o
 .data          0x0000000000015208        0x0 obj/default/src/LIB_HW/Core/Hw_Uart.o
 .data          0x0000000000015208        0x0 obj/default/src/LIB_HW/Core/Hw_Uart_Q.o
 .data          0x0000000000015208        0x0 obj/default/src/LIB_HW/Driver/Hw_Led.o
 .data          0x0000000000015208        0x0 obj/default/src/LIB_HW/Hw.o
 .data          0x0000000000015208        0x0 obj/default/src/LIB_LB/Lb_Printf.o
 .data          0x0000000000015208        0x0 obj/default/src/LIB_LB/Lb_Util.o
 .data          0x0000000000015208        0x0 obj/default/src/main.o
 .data          0x0000000000015208        0x0 c:/altera_lite/15.1/nios2eds/bin/gnu/h-x86_64-mingw32/bin/../lib/gcc/nios2-elf/4.9.2/mno-hw-mul\libgcc.a(lib2-divmod.o)
 .data          0x0000000000015208        0x0 c:/altera_lite/15.1/nios2eds/bin/gnu/h-x86_64-mingw32/bin/../lib/gcc/nios2-elf/4.9.2/mno-hw-mul\libgcc.a(lib2-mul.o)
 .data          0x0000000000015208        0x0 c:/altera_lite/15.1/nios2eds/bin/gnu/h-x86_64-mingw32/bin/../lib/gcc/nios2-elf/4.9.2/../../../../../H-x86_64-mingw32/nios2-elf/lib/mno-hw-mul\libsmallc.a(lib_a-printf.o)
 .data          0x0000000000015208        0x0 c:/altera_lite/15.1/nios2eds/bin/gnu/h-x86_64-mingw32/bin/../lib/gcc/nios2-elf/4.9.2/../../../../../H-x86_64-mingw32/nios2-elf/lib/mno-hw-mul\libsmallc.a(lib_a-puts.o)
 .data          0x0000000000015208        0x0 c:/altera_lite/15.1/nios2eds/bin/gnu/h-x86_64-mingw32/bin/../lib/gcc/nios2-elf/4.9.2/../../../../../H-x86_64-mingw32/nios2-elf/lib/mno-hw-mul\libsmallc.a(lib_a-strlen.o)
 .data          0x0000000000015208        0x0 c:/altera_lite/15.1/nios2eds/bin/gnu/h-x86_64-mingw32/bin/../lib/gcc/nios2-elf/4.9.2/../../../../../H-x86_64-mingw32/nios2-elf/lib/mno-hw-mul\libsmallc.a(lib_a-vfprintf.o)
 .data          0x0000000000015208        0x0 c:/altera_lite/15.1/nios2eds/bin/gnu/h-x86_64-mingw32/bin/../lib/gcc/nios2-elf/4.9.2/../../../../../H-x86_64-mingw32/nios2-elf/lib/mno-hw-mul\libsmallc.a(lib_a-vsprintf.o)
 .data          0x0000000000015208        0x0 c:/altera_lite/15.1/nios2eds/bin/gnu/h-x86_64-mingw32/bin/../lib/gcc/nios2-elf/4.9.2/../../../../../H-x86_64-mingw32/nios2-elf/lib/mno-hw-mul\libsmallc.a(lib_a-fvwrite_small_dev.o)
 .data          0x0000000000015208        0x0 c:/altera_lite/15.1/nios2eds/bin/gnu/h-x86_64-mingw32/bin/../lib/gcc/nios2-elf/4.9.2/../../../../../H-x86_64-mingw32/nios2-elf/lib/mno-hw-mul\libsmallc.a(lib_a-fvwrite_small_str.o)
 .data          0x0000000000015208        0x0 c:/altera_lite/15.1/nios2eds/bin/gnu/h-x86_64-mingw32/bin/../lib/gcc/nios2-elf/4.9.2/../../../../../H-x86_64-mingw32/nios2-elf/lib/mno-hw-mul\libsmallc.a(lib_a-impure.o)
 .data.impure_data
                0x0000000000015208       0xe0 c:/altera_lite/15.1/nios2eds/bin/gnu/h-x86_64-mingw32/bin/../lib/gcc/nios2-elf/4.9.2/../../../../../H-x86_64-mingw32/nios2-elf/lib/mno-hw-mul\libsmallc.a(lib_a-impure.o)
 .data          0x00000000000152e8        0x0 c:/altera_lite/15.1/nios2eds/bin/gnu/h-x86_64-mingw32/bin/../lib/gcc/nios2-elf/4.9.2/../../../../../H-x86_64-mingw32/nios2-elf/lib/mno-hw-mul\libsmallc.a(lib_a-memmove.o)
 .data          0x00000000000152e8        0x0 c:/altera_lite/15.1/nios2eds/bin/gnu/h-x86_64-mingw32/bin/../lib/gcc/nios2-elf/4.9.2/../../../../../H-x86_64-mingw32/nios2-elf/lib/mno-hw-mul\libsmallc.a(lib_a-svfprintf.o)
 .data          0x00000000000152e8        0x0 c:/altera_lite/15.1/nios2eds/bin/gnu/h-x86_64-mingw32/bin/../lib/gcc/nios2-elf/4.9.2/../../../../../H-x86_64-mingw32/nios2-elf/lib/mno-hw-mul\libsmallc.a(lib_a-writer.o)
 .data          0x00000000000152e8        0x0 c:/altera_lite/15.1/nios2eds/bin/gnu/h-x86_64-mingw32/bin/../lib/gcc/nios2-elf/4.9.2/../../../../../H-x86_64-mingw32/nios2-elf/lib/mno-hw-mul\libsmallc.a(lib_a-int_errno.o)
 .data          0x00000000000152e8        0x0 ../NiosII_Bsp\libhal_bsp.a(alt_iic.o)
 .data          0x00000000000152e8        0x0 ../NiosII_Bsp\libhal_bsp.a(alt_iic_isr_register.o)
 .data          0x00000000000152e8        0x0 ../NiosII_Bsp\libhal_bsp.a(alt_irq_entry.o)
 .data          0x00000000000152e8        0x0 ../NiosII_Bsp\libhal_bsp.a(alt_irq_handler.o)
 .data          0x00000000000152e8        0x0 ../NiosII_Bsp\libhal_bsp.a(alt_irq_vars.o)
 .data          0x00000000000152e8        0x0 ../NiosII_Bsp\libhal_bsp.a(alt_load.o)
 .data          0x00000000000152e8        0x0 ../NiosII_Bsp\libhal_bsp.a(alt_main.o)
 .data          0x00000000000152e8        0x0 ../NiosII_Bsp\libhal_bsp.a(alt_write.o)
 .data          0x00000000000152e8       0xf0 ../NiosII_Bsp\libhal_bsp.a(alt_sys_init.o)
 .data          0x00000000000153d8        0x0 ../NiosII_Bsp\libhal_bsp.a(altera_avalon_jtag_uart_fd.o)
 .data          0x00000000000153d8        0x0 ../NiosII_Bsp\libhal_bsp.a(altera_avalon_jtag_uart_read.o)
 .data          0x00000000000153d8        0x0 ../NiosII_Bsp\libhal_bsp.a(altera_avalon_jtag_uart_write.o)
 .data          0x00000000000153d8        0x0 ../NiosII_Bsp\libhal_bsp.a(altera_avalon_timer_sc.o)
 .data          0x00000000000153d8        0x0 ../NiosII_Bsp\libhal_bsp.a(altera_avalon_timer_ts.o)
 .data          0x00000000000153d8        0x0 ../NiosII_Bsp\libhal_bsp.a(altera_avalon_timer_vars.o)
 .data          0x00000000000153d8        0x0 ../NiosII_Bsp\libhal_bsp.a(altera_avalon_uart_fd.o)
 .data          0x00000000000153d8        0x0 ../NiosII_Bsp\libhal_bsp.a(altera_avalon_uart_init.o)
 .data          0x00000000000153d8        0x0 ../NiosII_Bsp\libhal_bsp.a(altera_avalon_uart_read.o)
 .data          0x00000000000153d8        0x0 ../NiosII_Bsp\libhal_bsp.a(altera_avalon_uart_write.o)
 .data          0x00000000000153d8        0x0 ../NiosII_Bsp\libhal_bsp.a(alt_close.o)
 .data          0x00000000000153d8        0x0 ../NiosII_Bsp\libhal_bsp.a(alt_dcache_flush_all.o)
 .data          0x00000000000153d8      0x1a8 ../NiosII_Bsp\libhal_bsp.a(alt_dev.o)
                0x00000000000153d8                alt_dev_null
                0x0000000000015400                alt_fd_list
 .data          0x0000000000015580        0x0 ../NiosII_Bsp\libhal_bsp.a(alt_dev_llist_insert.o)
 .data          0x0000000000015580        0x0 ../NiosII_Bsp\libhal_bsp.a(alt_do_ctors.o)
 .data          0x0000000000015580        0x0 ../NiosII_Bsp\libhal_bsp.a(alt_do_dtors.o)
 .data          0x0000000000015580        0x0 ../NiosII_Bsp\libhal_bsp.a(alt_errno.o)
 .data          0x0000000000015580        0x0 ../NiosII_Bsp\libhal_bsp.a(alt_exception_entry.o)
 .data          0x0000000000015580        0x0 ../NiosII_Bsp\libhal_bsp.a(alt_icache_flush_all.o)
 .data          0x0000000000015580        0x0 ../NiosII_Bsp\libhal_bsp.a(alt_instruction_exception_entry.o)
 .data          0x0000000000015580        0x0 ../NiosII_Bsp\libhal_bsp.a(alt_io_redirect.o)
 .data          0x0000000000015580        0x0 ../NiosII_Bsp\libhal_bsp.a(alt_open.o)
 .data          0x0000000000015580        0x0 ../NiosII_Bsp\libhal_bsp.a(alt_release_fd.o)
 .data          0x0000000000015580        0x0 ../NiosII_Bsp\libhal_bsp.a(alt_tick.o)
 .data          0x0000000000015580        0x0 ../NiosII_Bsp\libhal_bsp.a(altera_nios2_gen2_irq.o)
 .data          0x0000000000015580        0x0 ../NiosII_Bsp\libhal_bsp.a(alt_find_dev.o)
 .data          0x0000000000015580        0x0 ../NiosII_Bsp\libhal_bsp.a(alt_find_file.o)
 .data          0x0000000000015580        0x0 ../NiosII_Bsp\libhal_bsp.a(alt_get_fd.o)
 .data          0x0000000000015580        0x0 c:/altera_lite/15.1/nios2eds/bin/gnu/h-x86_64-mingw32/bin/../lib/gcc/nios2-elf/4.9.2/../../../../../H-x86_64-mingw32/nios2-elf/lib/mno-hw-mul\libsmallc.a(lib_a-atexit.o)
 .data          0x0000000000015580        0x0 c:/altera_lite/15.1/nios2eds/bin/gnu/h-x86_64-mingw32/bin/../lib/gcc/nios2-elf/4.9.2/../../../../../H-x86_64-mingw32/nios2-elf/lib/mno-hw-mul\libsmallc.a(lib_a-exit.o)
 .data          0x0000000000015580        0x0 c:/altera_lite/15.1/nios2eds/bin/gnu/h-x86_64-mingw32/bin/../lib/gcc/nios2-elf/4.9.2/../../../../../H-x86_64-mingw32/nios2-elf/lib/mno-hw-mul\libsmallc.a(lib_a-memcmp.o)
 .data          0x0000000000015580        0x0 c:/altera_lite/15.1/nios2eds/bin/gnu/h-x86_64-mingw32/bin/../lib/gcc/nios2-elf/4.9.2/../../../../../H-x86_64-mingw32/nios2-elf/lib/mno-hw-mul\libsmallc.a(lib_a-__atexit.o)
 .data          0x0000000000015580        0x0 c:/altera_lite/15.1/nios2eds/bin/gnu/h-x86_64-mingw32/bin/../lib/gcc/nios2-elf/4.9.2/../../../../../H-x86_64-mingw32/nios2-elf/lib/mno-hw-mul\libsmallc.a(lib_a-__call_atexit.o)
 .data          0x0000000000015580        0x0 ../NiosII_Bsp\libhal_bsp.a(alt_exit.o)
                0x000000000001d580                _gp = ABSOLUTE ((. + 0x8000))
                0x000000000001d580                PROVIDE (gp, _gp)
 *(.rwdata .rwdata.*)
 *(.sdata .sdata.* .gnu.linkonce.s.*)
 .sdata._global_impure_ptr
                0x0000000000015580        0x4 c:/altera_lite/15.1/nios2eds/bin/gnu/h-x86_64-mingw32/bin/../lib/gcc/nios2-elf/4.9.2/../../../../../H-x86_64-mingw32/nios2-elf/lib/mno-hw-mul\libsmallc.a(lib_a-impure.o)
                0x0000000000015580                _global_impure_ptr
 .sdata._impure_ptr
                0x0000000000015584        0x4 c:/altera_lite/15.1/nios2eds/bin/gnu/h-x86_64-mingw32/bin/../lib/gcc/nios2-elf/4.9.2/../../../../../H-x86_64-mingw32/nios2-elf/lib/mno-hw-mul\libsmallc.a(lib_a-impure.o)
                0x0000000000015584                _impure_ptr
 .sdata         0x0000000000015588        0x4 ../NiosII_Bsp\libhal_bsp.a(alt_irq_vars.o)
                0x0000000000015588                alt_priority_mask
 .sdata         0x000000000001558c       0x14 ../NiosII_Bsp\libhal_bsp.a(alt_dev.o)
                0x000000000001558c                alt_fs_list
                0x0000000000015594                alt_dev_list
                0x000000000001559c                alt_max_fd
 .sdata         0x00000000000155a0        0x4 ../NiosII_Bsp\libhal_bsp.a(alt_errno.o)
                0x00000000000155a0                alt_errno
 .sdata         0x00000000000155a4        0x8 ../NiosII_Bsp\libhal_bsp.a(alt_tick.o)
                0x00000000000155a4                alt_alarm_list
 *(.sdata2 .sdata2.* .gnu.linkonce.s2.*)
                0x00000000000155ac                . = ALIGN (0x4)
                0x00000000000155ac                _edata = ABSOLUTE (.)
                0x00000000000155ac                PROVIDE (edata, ABSOLUTE (.))
                0x00000000000155ac                PROVIDE (__ram_rwdata_end, ABSOLUTE (.))
                0x00000000000155ac                PROVIDE (__flash_rwdata_start, LOADADDR (.rwdata))

.bss            0x0000000000015950      0x3e8
                0x0000000000015950                __bss_start = ABSOLUTE (.)
                0x0000000000015950                PROVIDE (__sbss_start, ABSOLUTE (.))
                0x0000000000015950                PROVIDE (___sbss_start, ABSOLUTE (.))
 *(.dynsbss)
 *(.sbss .sbss.* .gnu.linkonce.sb.*)
 .sbss          0x0000000000015950       0x18 obj/default/src/LIB_AP/Lib/MSP.o
 .sbss          0x0000000000015968        0xc obj/default/src/LIB_HW/Core/Hw_Timer.o
 .sbss          0x0000000000015974        0x4 c:/altera_lite/15.1/nios2eds/bin/gnu/h-x86_64-mingw32/bin/../lib/gcc/nios2-elf/4.9.2/../../../../../H-x86_64-mingw32/nios2-elf/lib/mno-hw-mul\libsmallc.a(lib_a-int_errno.o)
                0x0000000000015974                errno
 .sbss          0x0000000000015978        0x4 ../NiosII_Bsp\libhal_bsp.a(alt_irq_vars.o)
                0x0000000000015978                alt_irq_active
 .sbss          0x000000000001597c        0xc ../NiosII_Bsp\libhal_bsp.a(alt_main.o)
                0x000000000001597c                alt_argc
                0x0000000000015980                alt_argv
                0x0000000000015984                alt_envp
 .sbss          0x0000000000015988        0x8 ../NiosII_Bsp\libhal_bsp.a(altera_avalon_timer_vars.o)
                0x0000000000015988                altera_avalon_timer_ts_base
                0x000000000001598c                altera_avalon_timer_ts_freq
 .sbss          0x0000000000015990        0x4 ../NiosII_Bsp\libhal_bsp.a(alt_instruction_exception_entry.o)
                0x0000000000015990                alt_instruction_exception_handler
 .sbss          0x0000000000015994        0x8 ../NiosII_Bsp\libhal_bsp.a(alt_tick.o)
                0x0000000000015994                _alt_tick_rate
                0x0000000000015998                _alt_nticks
 *(.sbss2 .sbss2.* .gnu.linkonce.sb2.*)
 *(.scommon)
                0x000000000001599c                PROVIDE (__sbss_end, ABSOLUTE (.))
                0x000000000001599c                PROVIDE (___sbss_end, ABSOLUTE (.))
 *(.dynbss)
 *(.bss .bss.* .gnu.linkonce.b.*)
 .bss           0x000000000001599c        0x0 ../NiosII_Bsp/obj/HAL/src/crt0.o
 .bss           0x000000000001599c        0x0 obj/default/src/LIB_AP/Ap.o
 .bss           0x000000000001599c       0x87 obj/default/src/LIB_AP/Lib/MSP.o
 .bss           0x0000000000015a23        0x0 obj/default/src/LIB_HW/Core/Hw_ISR.o
 *fill*         0x0000000000015a23        0x1 
 .bss           0x0000000000015a24       0xa0 obj/default/src/LIB_HW/Core/Hw_Timer.o
 .bss           0x0000000000015ac4        0x0 obj/default/src/LIB_HW/Core/Hw_Uart.o
 .bss           0x0000000000015ac4        0x0 obj/default/src/LIB_HW/Core/Hw_Uart_Q.o
 .bss           0x0000000000015ac4        0x0 obj/default/src/LIB_HW/Driver/Hw_Led.o
 .bss           0x0000000000015ac4        0x0 obj/default/src/LIB_HW/Hw.o
 .bss           0x0000000000015ac4        0x0 obj/default/src/LIB_LB/Lb_Printf.o
 .bss           0x0000000000015ac4        0x0 obj/default/src/LIB_LB/Lb_Util.o
 .bss           0x0000000000015ac4        0x0 obj/default/src/main.o
 .bss           0x0000000000015ac4        0x0 c:/altera_lite/15.1/nios2eds/bin/gnu/h-x86_64-mingw32/bin/../lib/gcc/nios2-elf/4.9.2/mno-hw-mul\libgcc.a(lib2-divmod.o)
 .bss           0x0000000000015ac4        0x0 c:/altera_lite/15.1/nios2eds/bin/gnu/h-x86_64-mingw32/bin/../lib/gcc/nios2-elf/4.9.2/mno-hw-mul\libgcc.a(lib2-mul.o)
 .bss           0x0000000000015ac4        0x0 c:/altera_lite/15.1/nios2eds/bin/gnu/h-x86_64-mingw32/bin/../lib/gcc/nios2-elf/4.9.2/../../../../../H-x86_64-mingw32/nios2-elf/lib/mno-hw-mul\libsmallc.a(lib_a-printf.o)
 .bss           0x0000000000015ac4        0x0 c:/altera_lite/15.1/nios2eds/bin/gnu/h-x86_64-mingw32/bin/../lib/gcc/nios2-elf/4.9.2/../../../../../H-x86_64-mingw32/nios2-elf/lib/mno-hw-mul\libsmallc.a(lib_a-puts.o)
 .bss           0x0000000000015ac4        0x0 c:/altera_lite/15.1/nios2eds/bin/gnu/h-x86_64-mingw32/bin/../lib/gcc/nios2-elf/4.9.2/../../../../../H-x86_64-mingw32/nios2-elf/lib/mno-hw-mul\libsmallc.a(lib_a-strlen.o)
 .bss           0x0000000000015ac4        0x0 c:/altera_lite/15.1/nios2eds/bin/gnu/h-x86_64-mingw32/bin/../lib/gcc/nios2-elf/4.9.2/../../../../../H-x86_64-mingw32/nios2-elf/lib/mno-hw-mul\libsmallc.a(lib_a-vfprintf.o)
 .bss           0x0000000000015ac4        0x0 c:/altera_lite/15.1/nios2eds/bin/gnu/h-x86_64-mingw32/bin/../lib/gcc/nios2-elf/4.9.2/../../../../../H-x86_64-mingw32/nios2-elf/lib/mno-hw-mul\libsmallc.a(lib_a-vsprintf.o)
 .bss           0x0000000000015ac4        0x0 c:/altera_lite/15.1/nios2eds/bin/gnu/h-x86_64-mingw32/bin/../lib/gcc/nios2-elf/4.9.2/../../../../../H-x86_64-mingw32/nios2-elf/lib/mno-hw-mul\libsmallc.a(lib_a-fvwrite_small_dev.o)
 .bss           0x0000000000015ac4        0x0 c:/altera_lite/15.1/nios2eds/bin/gnu/h-x86_64-mingw32/bin/../lib/gcc/nios2-elf/4.9.2/../../../../../H-x86_64-mingw32/nios2-elf/lib/mno-hw-mul\libsmallc.a(lib_a-fvwrite_small_str.o)
 .bss           0x0000000000015ac4        0x0 c:/altera_lite/15.1/nios2eds/bin/gnu/h-x86_64-mingw32/bin/../lib/gcc/nios2-elf/4.9.2/../../../../../H-x86_64-mingw32/nios2-elf/lib/mno-hw-mul\libsmallc.a(lib_a-impure.o)
 .bss           0x0000000000015ac4        0x0 c:/altera_lite/15.1/nios2eds/bin/gnu/h-x86_64-mingw32/bin/../lib/gcc/nios2-elf/4.9.2/../../../../../H-x86_64-mingw32/nios2-elf/lib/mno-hw-mul\libsmallc.a(lib_a-memmove.o)
 .bss           0x0000000000015ac4        0x0 c:/altera_lite/15.1/nios2eds/bin/gnu/h-x86_64-mingw32/bin/../lib/gcc/nios2-elf/4.9.2/../../../../../H-x86_64-mingw32/nios2-elf/lib/mno-hw-mul\libsmallc.a(lib_a-svfprintf.o)
 .bss           0x0000000000015ac4        0x0 c:/altera_lite/15.1/nios2eds/bin/gnu/h-x86_64-mingw32/bin/../lib/gcc/nios2-elf/4.9.2/../../../../../H-x86_64-mingw32/nios2-elf/lib/mno-hw-mul\libsmallc.a(lib_a-writer.o)
 .bss           0x0000000000015ac4        0x0 c:/altera_lite/15.1/nios2eds/bin/gnu/h-x86_64-mingw32/bin/../lib/gcc/nios2-elf/4.9.2/../../../../../H-x86_64-mingw32/nios2-elf/lib/mno-hw-mul\libsmallc.a(lib_a-int_errno.o)
 .bss           0x0000000000015ac4        0x0 ../NiosII_Bsp\libhal_bsp.a(alt_iic.o)
 .bss           0x0000000000015ac4        0x0 ../NiosII_Bsp\libhal_bsp.a(alt_iic_isr_register.o)
 .bss           0x0000000000015ac4        0x0 ../NiosII_Bsp\libhal_bsp.a(alt_irq_entry.o)
 .bss           0x0000000000015ac4        0x0 ../NiosII_Bsp\libhal_bsp.a(alt_irq_handler.o)
 .bss           0x0000000000015ac4        0x0 ../NiosII_Bsp\libhal_bsp.a(alt_irq_vars.o)
 .bss           0x0000000000015ac4        0x0 ../NiosII_Bsp\libhal_bsp.a(alt_load.o)
 .bss           0x0000000000015ac4        0x0 ../NiosII_Bsp\libhal_bsp.a(alt_main.o)
 .bss           0x0000000000015ac4        0x0 ../NiosII_Bsp\libhal_bsp.a(alt_write.o)
 .bss           0x0000000000015ac4        0x0 ../NiosII_Bsp\libhal_bsp.a(alt_sys_init.o)
 .bss           0x0000000000015ac4        0x0 ../NiosII_Bsp\libhal_bsp.a(altera_avalon_jtag_uart_fd.o)
 .bss           0x0000000000015ac4        0x0 ../NiosII_Bsp\libhal_bsp.a(altera_avalon_jtag_uart_read.o)
 .bss           0x0000000000015ac4        0x0 ../NiosII_Bsp\libhal_bsp.a(altera_avalon_jtag_uart_write.o)
 .bss           0x0000000000015ac4        0x0 ../NiosII_Bsp\libhal_bsp.a(altera_avalon_timer_sc.o)
 .bss           0x0000000000015ac4        0x0 ../NiosII_Bsp\libhal_bsp.a(altera_avalon_timer_ts.o)
 .bss           0x0000000000015ac4        0x0 ../NiosII_Bsp\libhal_bsp.a(altera_avalon_timer_vars.o)
 .bss           0x0000000000015ac4        0x0 ../NiosII_Bsp\libhal_bsp.a(altera_avalon_uart_fd.o)
 .bss           0x0000000000015ac4        0x0 ../NiosII_Bsp\libhal_bsp.a(altera_avalon_uart_init.o)
 .bss           0x0000000000015ac4        0x0 ../NiosII_Bsp\libhal_bsp.a(altera_avalon_uart_read.o)
 .bss           0x0000000000015ac4        0x0 ../NiosII_Bsp\libhal_bsp.a(altera_avalon_uart_write.o)
 .bss           0x0000000000015ac4        0x0 ../NiosII_Bsp\libhal_bsp.a(alt_close.o)
 .bss           0x0000000000015ac4        0x0 ../NiosII_Bsp\libhal_bsp.a(alt_dcache_flush_all.o)
 .bss           0x0000000000015ac4        0x0 ../NiosII_Bsp\libhal_bsp.a(alt_dev.o)
 .bss           0x0000000000015ac4        0x0 ../NiosII_Bsp\libhal_bsp.a(alt_dev_llist_insert.o)
 .bss           0x0000000000015ac4        0x0 ../NiosII_Bsp\libhal_bsp.a(alt_do_ctors.o)
 .bss           0x0000000000015ac4        0x0 ../NiosII_Bsp\libhal_bsp.a(alt_do_dtors.o)
 .bss           0x0000000000015ac4        0x0 ../NiosII_Bsp\libhal_bsp.a(alt_errno.o)
 .bss           0x0000000000015ac4        0x0 ../NiosII_Bsp\libhal_bsp.a(alt_exception_entry.o)
 .bss           0x0000000000015ac4        0x0 ../NiosII_Bsp\libhal_bsp.a(alt_icache_flush_all.o)
 .bss           0x0000000000015ac4        0x0 ../NiosII_Bsp\libhal_bsp.a(alt_instruction_exception_entry.o)
 .bss           0x0000000000015ac4        0x0 ../NiosII_Bsp\libhal_bsp.a(alt_io_redirect.o)
 .bss           0x0000000000015ac4        0x0 ../NiosII_Bsp\libhal_bsp.a(alt_open.o)
 .bss           0x0000000000015ac4        0x0 ../NiosII_Bsp\libhal_bsp.a(alt_release_fd.o)
 .bss           0x0000000000015ac4        0x0 ../NiosII_Bsp\libhal_bsp.a(alt_tick.o)
 .bss           0x0000000000015ac4        0x0 ../NiosII_Bsp\libhal_bsp.a(altera_nios2_gen2_irq.o)
 .bss           0x0000000000015ac4        0x0 ../NiosII_Bsp\libhal_bsp.a(alt_find_dev.o)
 .bss           0x0000000000015ac4        0x0 ../NiosII_Bsp\libhal_bsp.a(alt_find_file.o)
 .bss           0x0000000000015ac4        0x0 ../NiosII_Bsp\libhal_bsp.a(alt_get_fd.o)
 .bss           0x0000000000015ac4        0x0 c:/altera_lite/15.1/nios2eds/bin/gnu/h-x86_64-mingw32/bin/../lib/gcc/nios2-elf/4.9.2/../../../../../H-x86_64-mingw32/nios2-elf/lib/mno-hw-mul\libsmallc.a(lib_a-atexit.o)
 .bss           0x0000000000015ac4        0x0 c:/altera_lite/15.1/nios2eds/bin/gnu/h-x86_64-mingw32/bin/../lib/gcc/nios2-elf/4.9.2/../../../../../H-x86_64-mingw32/nios2-elf/lib/mno-hw-mul\libsmallc.a(lib_a-exit.o)
 .bss           0x0000000000015ac4        0x0 c:/altera_lite/15.1/nios2eds/bin/gnu/h-x86_64-mingw32/bin/../lib/gcc/nios2-elf/4.9.2/../../../../../H-x86_64-mingw32/nios2-elf/lib/mno-hw-mul\libsmallc.a(lib_a-memcmp.o)
 .bss           0x0000000000015ac4        0x0 c:/altera_lite/15.1/nios2eds/bin/gnu/h-x86_64-mingw32/bin/../lib/gcc/nios2-elf/4.9.2/../../../../../H-x86_64-mingw32/nios2-elf/lib/mno-hw-mul\libsmallc.a(lib_a-__atexit.o)
 .bss           0x0000000000015ac4        0x0 c:/altera_lite/15.1/nios2eds/bin/gnu/h-x86_64-mingw32/bin/../lib/gcc/nios2-elf/4.9.2/../../../../../H-x86_64-mingw32/nios2-elf/lib/mno-hw-mul\libsmallc.a(lib_a-__call_atexit.o)
 .bss           0x0000000000015ac4        0x0 ../NiosII_Bsp\libhal_bsp.a(alt_exit.o)
 *(COMMON)
 COMMON         0x0000000000015ac4       0x60 obj/default/src/LIB_HW/Core/Hw_Uart.o
                0x0000000000015ac4                Hw_Uart_Ch
 COMMON         0x0000000000015b24      0x112 obj/default/src/LIB_HW/Core/Hw_Uart_Q.o
                0x0000000000015b24                Hw_Uart_Q_Buffer
                0x0000000000015c0c                Hw_Uart_Q_Size
                0x0000000000015c1a                Hw_Uart_Q_End
                0x0000000000015c28                Hw_Uart_Q_Start
 *fill*         0x0000000000015c36        0x2 
 COMMON         0x0000000000015c38      0x100 ../NiosII_Bsp\libhal_bsp.a(alt_irq_handler.o)
                0x0000000000015c38                alt_irq
                0x0000000000015d38                . = ALIGN (0x4)
                0x0000000000015d38                __bss_end = ABSOLUTE (.)

.onchip_memory2_0
                0x0000000000015d38        0x0
                0x0000000000015d38                PROVIDE (_alt_partition_onchip_memory2_0_start, ABSOLUTE (.))
 *(.onchip_memory2_0 .onchip_memory2_0. onchip_memory2_0.*)
                0x0000000000015d38                . = ALIGN (0x4)
                0x0000000000015d38                PROVIDE (_alt_partition_onchip_memory2_0_end, ABSOLUTE (.))
                0x0000000000015d38                _end = ABSOLUTE (.)
                0x0000000000015d38                end = ABSOLUTE (.)
                0x0000000000015d38                __alt_stack_base = ABSOLUTE (.)
                0x0000000000015d38                PROVIDE (_alt_partition_onchip_memory2_0_load_addr, LOADADDR (.onchip_memory2_0))

.stab
 *(.stab)

.stabstr
 *(.stabstr)

.stab.excl
 *(.stab.excl)

.stab.exclstr
 *(.stab.exclstr)

.stab.index
 *(.stab.index)

.stab.indexstr
 *(.stab.indexstr)

.comment        0x0000000000000000       0x23
 *(.comment)
 .comment       0x0000000000000000       0x23 obj/default/src/LIB_AP/Ap.o
                                         0x24 (size before relaxing)
 .comment       0x0000000000000000       0x24 obj/default/src/LIB_AP/Lib/MSP.o
 .comment       0x0000000000000000       0x24 obj/default/src/LIB_HW/Core/Hw_ISR.o
 .comment       0x0000000000000000       0x24 obj/default/src/LIB_HW/Core/Hw_Timer.o
 .comment       0x0000000000000000       0x24 obj/default/src/LIB_HW/Core/Hw_Uart.o
 .comment       0x0000000000000000       0x24 obj/default/src/LIB_HW/Core/Hw_Uart_Q.o
 .comment       0x0000000000000000       0x24 obj/default/src/LIB_HW/Driver/Hw_Led.o
 .comment       0x0000000000000000       0x24 obj/default/src/LIB_HW/Hw.o
 .comment       0x0000000000000000       0x24 obj/default/src/LIB_LB/Lb_Printf.o
 .comment       0x0000000000000000       0x24 obj/default/src/LIB_LB/Lb_Util.o
 .comment       0x0000000000000000       0x24 obj/default/src/main.o
 .comment       0x0000000000000000       0x24 c:/altera_lite/15.1/nios2eds/bin/gnu/h-x86_64-mingw32/bin/../lib/gcc/nios2-elf/4.9.2/mno-hw-mul\libgcc.a(lib2-divmod.o)
 .comment       0x0000000000000000       0x24 c:/altera_lite/15.1/nios2eds/bin/gnu/h-x86_64-mingw32/bin/../lib/gcc/nios2-elf/4.9.2/mno-hw-mul\libgcc.a(lib2-mul.o)
 .comment       0x0000000000000000       0x24 c:/altera_lite/15.1/nios2eds/bin/gnu/h-x86_64-mingw32/bin/../lib/gcc/nios2-elf/4.9.2/../../../../../H-x86_64-mingw32/nios2-elf/lib/mno-hw-mul\libsmallc.a(lib_a-printf.o)
 .comment       0x0000000000000000       0x24 c:/altera_lite/15.1/nios2eds/bin/gnu/h-x86_64-mingw32/bin/../lib/gcc/nios2-elf/4.9.2/../../../../../H-x86_64-mingw32/nios2-elf/lib/mno-hw-mul\libsmallc.a(lib_a-puts.o)
 .comment       0x0000000000000000       0x24 c:/altera_lite/15.1/nios2eds/bin/gnu/h-x86_64-mingw32/bin/../lib/gcc/nios2-elf/4.9.2/../../../../../H-x86_64-mingw32/nios2-elf/lib/mno-hw-mul\libsmallc.a(lib_a-strlen.o)
 .comment       0x0000000000000000       0x24 c:/altera_lite/15.1/nios2eds/bin/gnu/h-x86_64-mingw32/bin/../lib/gcc/nios2-elf/4.9.2/../../../../../H-x86_64-mingw32/nios2-elf/lib/mno-hw-mul\libsmallc.a(lib_a-vfprintf.o)
 .comment       0x0000000000000000       0x24 c:/altera_lite/15.1/nios2eds/bin/gnu/h-x86_64-mingw32/bin/../lib/gcc/nios2-elf/4.9.2/../../../../../H-x86_64-mingw32/nios2-elf/lib/mno-hw-mul\libsmallc.a(lib_a-vsprintf.o)
 .comment       0x0000000000000000       0x24 c:/altera_lite/15.1/nios2eds/bin/gnu/h-x86_64-mingw32/bin/../lib/gcc/nios2-elf/4.9.2/../../../../../H-x86_64-mingw32/nios2-elf/lib/mno-hw-mul\libsmallc.a(lib_a-fvwrite_small_dev.o)
 .comment       0x0000000000000000       0x24 c:/altera_lite/15.1/nios2eds/bin/gnu/h-x86_64-mingw32/bin/../lib/gcc/nios2-elf/4.9.2/../../../../../H-x86_64-mingw32/nios2-elf/lib/mno-hw-mul\libsmallc.a(lib_a-fvwrite_small_str.o)
 .comment       0x0000000000000000       0x24 c:/altera_lite/15.1/nios2eds/bin/gnu/h-x86_64-mingw32/bin/../lib/gcc/nios2-elf/4.9.2/../../../../../H-x86_64-mingw32/nios2-elf/lib/mno-hw-mul\libsmallc.a(lib_a-impure.o)
 .comment       0x0000000000000000       0x24 c:/altera_lite/15.1/nios2eds/bin/gnu/h-x86_64-mingw32/bin/../lib/gcc/nios2-elf/4.9.2/../../../../../H-x86_64-mingw32/nios2-elf/lib/mno-hw-mul\libsmallc.a(lib_a-memmove.o)
 .comment       0x0000000000000000       0x24 c:/altera_lite/15.1/nios2eds/bin/gnu/h-x86_64-mingw32/bin/../lib/gcc/nios2-elf/4.9.2/../../../../../H-x86_64-mingw32/nios2-elf/lib/mno-hw-mul\libsmallc.a(lib_a-svfprintf.o)
 .comment       0x0000000000000000       0x24 c:/altera_lite/15.1/nios2eds/bin/gnu/h-x86_64-mingw32/bin/../lib/gcc/nios2-elf/4.9.2/../../../../../H-x86_64-mingw32/nios2-elf/lib/mno-hw-mul\libsmallc.a(lib_a-writer.o)
 .comment       0x0000000000000000       0x24 c:/altera_lite/15.1/nios2eds/bin/gnu/h-x86_64-mingw32/bin/../lib/gcc/nios2-elf/4.9.2/../../../../../H-x86_64-mingw32/nios2-elf/lib/mno-hw-mul\libsmallc.a(lib_a-int_errno.o)
 .comment       0x0000000000000000       0x24 ../NiosII_Bsp\libhal_bsp.a(alt_iic.o)
 .comment       0x0000000000000000       0x24 ../NiosII_Bsp\libhal_bsp.a(alt_iic_isr_register.o)
 .comment       0x0000000000000000       0x24 ../NiosII_Bsp\libhal_bsp.a(alt_irq_handler.o)
 .comment       0x0000000000000000       0x24 ../NiosII_Bsp\libhal_bsp.a(alt_irq_vars.o)
 .comment       0x0000000000000000       0x24 ../NiosII_Bsp\libhal_bsp.a(alt_load.o)
 .comment       0x0000000000000000       0x24 ../NiosII_Bsp\libhal_bsp.a(alt_main.o)
 .comment       0x0000000000000000       0x24 ../NiosII_Bsp\libhal_bsp.a(alt_write.o)
 .comment       0x0000000000000000       0x24 ../NiosII_Bsp\libhal_bsp.a(alt_sys_init.o)
 .comment       0x0000000000000000       0x24 ../NiosII_Bsp\libhal_bsp.a(altera_avalon_jtag_uart_fd.o)
 .comment       0x0000000000000000       0x24 ../NiosII_Bsp\libhal_bsp.a(altera_avalon_jtag_uart_read.o)
 .comment       0x0000000000000000       0x24 ../NiosII_Bsp\libhal_bsp.a(altera_avalon_jtag_uart_write.o)
 .comment       0x0000000000000000       0x24 ../NiosII_Bsp\libhal_bsp.a(altera_avalon_timer_sc.o)
 .comment       0x0000000000000000       0x24 ../NiosII_Bsp\libhal_bsp.a(altera_avalon_timer_ts.o)
 .comment       0x0000000000000000       0x24 ../NiosII_Bsp\libhal_bsp.a(altera_avalon_timer_vars.o)
 .comment       0x0000000000000000       0x24 ../NiosII_Bsp\libhal_bsp.a(altera_avalon_uart_fd.o)
 .comment       0x0000000000000000       0x24 ../NiosII_Bsp\libhal_bsp.a(altera_avalon_uart_init.o)
 .comment       0x0000000000000000       0x24 ../NiosII_Bsp\libhal_bsp.a(altera_avalon_uart_read.o)
 .comment       0x0000000000000000       0x24 ../NiosII_Bsp\libhal_bsp.a(altera_avalon_uart_write.o)
 .comment       0x0000000000000000       0x24 ../NiosII_Bsp\libhal_bsp.a(alt_close.o)
 .comment       0x0000000000000000       0x24 ../NiosII_Bsp\libhal_bsp.a(alt_dcache_flush_all.o)
 .comment       0x0000000000000000       0x24 ../NiosII_Bsp\libhal_bsp.a(alt_dev.o)
 .comment       0x0000000000000000       0x24 ../NiosII_Bsp\libhal_bsp.a(alt_dev_llist_insert.o)
 .comment       0x0000000000000000       0x24 ../NiosII_Bsp\libhal_bsp.a(alt_do_ctors.o)
 .comment       0x0000000000000000       0x24 ../NiosII_Bsp\libhal_bsp.a(alt_do_dtors.o)
 .comment       0x0000000000000000       0x24 ../NiosII_Bsp\libhal_bsp.a(alt_errno.o)
 .comment       0x0000000000000000       0x24 ../NiosII_Bsp\libhal_bsp.a(alt_icache_flush_all.o)
 .comment       0x0000000000000000       0x24 ../NiosII_Bsp\libhal_bsp.a(alt_instruction_exception_entry.o)
 .comment       0x0000000000000000       0x24 ../NiosII_Bsp\libhal_bsp.a(alt_io_redirect.o)
 .comment       0x0000000000000000       0x24 ../NiosII_Bsp\libhal_bsp.a(alt_open.o)
 .comment       0x0000000000000000       0x24 ../NiosII_Bsp\libhal_bsp.a(alt_release_fd.o)
 .comment       0x0000000000000000       0x24 ../NiosII_Bsp\libhal_bsp.a(alt_tick.o)
 .comment       0x0000000000000000       0x24 ../NiosII_Bsp\libhal_bsp.a(altera_nios2_gen2_irq.o)
 .comment       0x0000000000000000       0x24 ../NiosII_Bsp\libhal_bsp.a(alt_find_dev.o)
 .comment       0x0000000000000000       0x24 ../NiosII_Bsp\libhal_bsp.a(alt_find_file.o)
 .comment       0x0000000000000000       0x24 ../NiosII_Bsp\libhal_bsp.a(alt_get_fd.o)
 .comment       0x0000000000000000       0x24 c:/altera_lite/15.1/nios2eds/bin/gnu/h-x86_64-mingw32/bin/../lib/gcc/nios2-elf/4.9.2/../../../../../H-x86_64-mingw32/nios2-elf/lib/mno-hw-mul\libsmallc.a(lib_a-atexit.o)
 .comment       0x0000000000000000       0x24 c:/altera_lite/15.1/nios2eds/bin/gnu/h-x86_64-mingw32/bin/../lib/gcc/nios2-elf/4.9.2/../../../../../H-x86_64-mingw32/nios2-elf/lib/mno-hw-mul\libsmallc.a(lib_a-exit.o)
 .comment       0x0000000000000000       0x24 c:/altera_lite/15.1/nios2eds/bin/gnu/h-x86_64-mingw32/bin/../lib/gcc/nios2-elf/4.9.2/../../../../../H-x86_64-mingw32/nios2-elf/lib/mno-hw-mul\libsmallc.a(lib_a-memcmp.o)
 .comment       0x0000000000000000       0x24 c:/altera_lite/15.1/nios2eds/bin/gnu/h-x86_64-mingw32/bin/../lib/gcc/nios2-elf/4.9.2/../../../../../H-x86_64-mingw32/nios2-elf/lib/mno-hw-mul\libsmallc.a(lib_a-__atexit.o)
 .comment       0x0000000000000000       0x24 c:/altera_lite/15.1/nios2eds/bin/gnu/h-x86_64-mingw32/bin/../lib/gcc/nios2-elf/4.9.2/../../../../../H-x86_64-mingw32/nios2-elf/lib/mno-hw-mul\libsmallc.a(lib_a-__call_atexit.o)
 .comment       0x0000000000000000       0x24 ../NiosII_Bsp\libhal_bsp.a(alt_exit.o)

.debug
 *(.debug)

.line
 *(.line)

.debug_srcinfo
 *(.debug_srcinfo)

.debug_sfnames
 *(.debug_sfnames)

.debug_aranges  0x0000000000000000      0x8e0
 *(.debug_aranges)
 .debug_aranges
                0x0000000000000000       0x28 ../NiosII_Bsp/obj/HAL/src/crt0.o
 .debug_aranges
                0x0000000000000028       0x20 obj/default/src/LIB_AP/Ap.o
 .debug_aranges
                0x0000000000000048       0x20 obj/default/src/LIB_AP/Lib/MSP.o
 .debug_aranges
                0x0000000000000068       0x20 obj/default/src/LIB_HW/Core/Hw_ISR.o
 .debug_aranges
                0x0000000000000088       0x20 obj/default/src/LIB_HW/Core/Hw_Timer.o
 .debug_aranges
                0x00000000000000a8       0x20 obj/default/src/LIB_HW/Core/Hw_Uart.o
 .debug_aranges
                0x00000000000000c8       0x20 obj/default/src/LIB_HW/Core/Hw_Uart_Q.o
 .debug_aranges
                0x00000000000000e8       0x20 obj/default/src/LIB_HW/Driver/Hw_Led.o
 .debug_aranges
                0x0000000000000108       0x20 obj/default/src/LIB_HW/Hw.o
 .debug_aranges
                0x0000000000000128       0x18 obj/default/src/LIB_LB/Lb_Printf.o
 .debug_aranges
                0x0000000000000140       0x20 obj/default/src/LIB_LB/Lb_Util.o
 .debug_aranges
                0x0000000000000160       0x20 obj/default/src/main.o
 .debug_aranges
                0x0000000000000180       0x20 c:/altera_lite/15.1/nios2eds/bin/gnu/h-x86_64-mingw32/bin/../lib/gcc/nios2-elf/4.9.2/mno-hw-mul\libgcc.a(lib2-divmod.o)
 .debug_aranges
                0x00000000000001a0       0x20 c:/altera_lite/15.1/nios2eds/bin/gnu/h-x86_64-mingw32/bin/../lib/gcc/nios2-elf/4.9.2/mno-hw-mul\libgcc.a(lib2-mul.o)
 .debug_aranges
                0x00000000000001c0       0x28 c:/altera_lite/15.1/nios2eds/bin/gnu/h-x86_64-mingw32/bin/../lib/gcc/nios2-elf/4.9.2/../../../../../H-x86_64-mingw32/nios2-elf/lib/mno-hw-mul\libsmallc.a(lib_a-printf.o)
 .debug_aranges
                0x00000000000001e8       0x28 c:/altera_lite/15.1/nios2eds/bin/gnu/h-x86_64-mingw32/bin/../lib/gcc/nios2-elf/4.9.2/../../../../../H-x86_64-mingw32/nios2-elf/lib/mno-hw-mul\libsmallc.a(lib_a-puts.o)
 .debug_aranges
                0x0000000000000210       0x20 c:/altera_lite/15.1/nios2eds/bin/gnu/h-x86_64-mingw32/bin/../lib/gcc/nios2-elf/4.9.2/../../../../../H-x86_64-mingw32/nios2-elf/lib/mno-hw-mul\libsmallc.a(lib_a-strlen.o)
 .debug_aranges
                0x0000000000000230       0x30 c:/altera_lite/15.1/nios2eds/bin/gnu/h-x86_64-mingw32/bin/../lib/gcc/nios2-elf/4.9.2/../../../../../H-x86_64-mingw32/nios2-elf/lib/mno-hw-mul\libsmallc.a(lib_a-vfprintf.o)
 .debug_aranges
                0x0000000000000260       0x28 c:/altera_lite/15.1/nios2eds/bin/gnu/h-x86_64-mingw32/bin/../lib/gcc/nios2-elf/4.9.2/../../../../../H-x86_64-mingw32/nios2-elf/lib/mno-hw-mul\libsmallc.a(lib_a-vsprintf.o)
 .debug_aranges
                0x0000000000000288       0x20 c:/altera_lite/15.1/nios2eds/bin/gnu/h-x86_64-mingw32/bin/../lib/gcc/nios2-elf/4.9.2/../../../../../H-x86_64-mingw32/nios2-elf/lib/mno-hw-mul\libsmallc.a(lib_a-fvwrite_small_dev.o)
 .debug_aranges
                0x00000000000002a8       0x20 c:/altera_lite/15.1/nios2eds/bin/gnu/h-x86_64-mingw32/bin/../lib/gcc/nios2-elf/4.9.2/../../../../../H-x86_64-mingw32/nios2-elf/lib/mno-hw-mul\libsmallc.a(lib_a-fvwrite_small_str.o)
 .debug_aranges
                0x00000000000002c8       0x18 c:/altera_lite/15.1/nios2eds/bin/gnu/h-x86_64-mingw32/bin/../lib/gcc/nios2-elf/4.9.2/../../../../../H-x86_64-mingw32/nios2-elf/lib/mno-hw-mul\libsmallc.a(lib_a-impure.o)
 .debug_aranges
                0x00000000000002e0       0x20 c:/altera_lite/15.1/nios2eds/bin/gnu/h-x86_64-mingw32/bin/../lib/gcc/nios2-elf/4.9.2/../../../../../H-x86_64-mingw32/nios2-elf/lib/mno-hw-mul\libsmallc.a(lib_a-memmove.o)
 .debug_aranges
                0x0000000000000300       0x30 c:/altera_lite/15.1/nios2eds/bin/gnu/h-x86_64-mingw32/bin/../lib/gcc/nios2-elf/4.9.2/../../../../../H-x86_64-mingw32/nios2-elf/lib/mno-hw-mul\libsmallc.a(lib_a-svfprintf.o)
 .debug_aranges
                0x0000000000000330       0x20 c:/altera_lite/15.1/nios2eds/bin/gnu/h-x86_64-mingw32/bin/../lib/gcc/nios2-elf/4.9.2/../../../../../H-x86_64-mingw32/nios2-elf/lib/mno-hw-mul\libsmallc.a(lib_a-writer.o)
 .debug_aranges
                0x0000000000000350       0x18 c:/altera_lite/15.1/nios2eds/bin/gnu/h-x86_64-mingw32/bin/../lib/gcc/nios2-elf/4.9.2/../../../../../H-x86_64-mingw32/nios2-elf/lib/mno-hw-mul\libsmallc.a(lib_a-int_errno.o)
 .debug_aranges
                0x0000000000000368       0x20 ../NiosII_Bsp\libhal_bsp.a(alt_iic.o)
 .debug_aranges
                0x0000000000000388       0x20 ../NiosII_Bsp\libhal_bsp.a(alt_iic_isr_register.o)
 .debug_aranges
                0x00000000000003a8       0x30 ../NiosII_Bsp\libhal_bsp.a(alt_irq_entry.o)
 .debug_aranges
                0x00000000000003d8       0x20 ../NiosII_Bsp\libhal_bsp.a(alt_irq_handler.o)
 .debug_aranges
                0x00000000000003f8       0x18 ../NiosII_Bsp\libhal_bsp.a(alt_irq_vars.o)
 .debug_aranges
                0x0000000000000410       0x20 ../NiosII_Bsp\libhal_bsp.a(alt_load.o)
 .debug_aranges
                0x0000000000000430       0x20 ../NiosII_Bsp\libhal_bsp.a(alt_main.o)
 .debug_aranges
                0x0000000000000450       0x20 ../NiosII_Bsp\libhal_bsp.a(alt_write.o)
 .debug_aranges
                0x0000000000000470       0x20 ../NiosII_Bsp\libhal_bsp.a(alt_sys_init.o)
 .debug_aranges
                0x0000000000000490       0x20 ../NiosII_Bsp\libhal_bsp.a(altera_avalon_jtag_uart_fd.o)
 .debug_aranges
                0x00000000000004b0       0x20 ../NiosII_Bsp\libhal_bsp.a(altera_avalon_jtag_uart_read.o)
 .debug_aranges
                0x00000000000004d0       0x20 ../NiosII_Bsp\libhal_bsp.a(altera_avalon_jtag_uart_write.o)
 .debug_aranges
                0x00000000000004f0       0x20 ../NiosII_Bsp\libhal_bsp.a(altera_avalon_timer_sc.o)
 .debug_aranges
                0x0000000000000510       0x20 ../NiosII_Bsp\libhal_bsp.a(altera_avalon_timer_ts.o)
 .debug_aranges
                0x0000000000000530       0x18 ../NiosII_Bsp\libhal_bsp.a(altera_avalon_timer_vars.o)
 .debug_aranges
                0x0000000000000548       0x20 ../NiosII_Bsp\libhal_bsp.a(altera_avalon_uart_fd.o)
 .debug_aranges
                0x0000000000000568       0x20 ../NiosII_Bsp\libhal_bsp.a(altera_avalon_uart_init.o)
 .debug_aranges
                0x0000000000000588       0x20 ../NiosII_Bsp\libhal_bsp.a(altera_avalon_uart_read.o)
 .debug_aranges
                0x00000000000005a8       0x20 ../NiosII_Bsp\libhal_bsp.a(altera_avalon_uart_write.o)
 .debug_aranges
                0x00000000000005c8       0x20 ../NiosII_Bsp\libhal_bsp.a(alt_close.o)
 .debug_aranges
                0x00000000000005e8       0x20 ../NiosII_Bsp\libhal_bsp.a(alt_dcache_flush_all.o)
 .debug_aranges
                0x0000000000000608       0x20 ../NiosII_Bsp\libhal_bsp.a(alt_dev.o)
 .debug_aranges
                0x0000000000000628       0x20 ../NiosII_Bsp\libhal_bsp.a(alt_dev_llist_insert.o)
 .debug_aranges
                0x0000000000000648       0x20 ../NiosII_Bsp\libhal_bsp.a(alt_do_ctors.o)
 .debug_aranges
                0x0000000000000668       0x20 ../NiosII_Bsp\libhal_bsp.a(alt_do_dtors.o)
 .debug_aranges
                0x0000000000000688       0x18 ../NiosII_Bsp\libhal_bsp.a(alt_errno.o)
 .debug_aranges
                0x00000000000006a0       0x38 ../NiosII_Bsp\libhal_bsp.a(alt_exception_entry.o)
 .debug_aranges
                0x00000000000006d8       0x20 ../NiosII_Bsp\libhal_bsp.a(alt_icache_flush_all.o)
 .debug_aranges
                0x00000000000006f8       0x28 ../NiosII_Bsp\libhal_bsp.a(alt_instruction_exception_entry.o)
 .debug_aranges
                0x0000000000000720       0x20 ../NiosII_Bsp\libhal_bsp.a(alt_io_redirect.o)
 .debug_aranges
                0x0000000000000740       0x20 ../NiosII_Bsp\libhal_bsp.a(alt_open.o)
 .debug_aranges
                0x0000000000000760       0x20 ../NiosII_Bsp\libhal_bsp.a(alt_release_fd.o)
 .debug_aranges
                0x0000000000000780       0x20 ../NiosII_Bsp\libhal_bsp.a(alt_tick.o)
 .debug_aranges
                0x00000000000007a0       0x20 ../NiosII_Bsp\libhal_bsp.a(altera_nios2_gen2_irq.o)
 .debug_aranges
                0x00000000000007c0       0x20 ../NiosII_Bsp\libhal_bsp.a(alt_find_dev.o)
 .debug_aranges
                0x00000000000007e0       0x20 ../NiosII_Bsp\libhal_bsp.a(alt_find_file.o)
 .debug_aranges
                0x0000000000000800       0x20 ../NiosII_Bsp\libhal_bsp.a(alt_get_fd.o)
 .debug_aranges
                0x0000000000000820       0x20 c:/altera_lite/15.1/nios2eds/bin/gnu/h-x86_64-mingw32/bin/../lib/gcc/nios2-elf/4.9.2/../../../../../H-x86_64-mingw32/nios2-elf/lib/mno-hw-mul\libsmallc.a(lib_a-atexit.o)
 .debug_aranges
                0x0000000000000840       0x20 c:/altera_lite/15.1/nios2eds/bin/gnu/h-x86_64-mingw32/bin/../lib/gcc/nios2-elf/4.9.2/../../../../../H-x86_64-mingw32/nios2-elf/lib/mno-hw-mul\libsmallc.a(lib_a-exit.o)
 .debug_aranges
                0x0000000000000860       0x20 c:/altera_lite/15.1/nios2eds/bin/gnu/h-x86_64-mingw32/bin/../lib/gcc/nios2-elf/4.9.2/../../../../../H-x86_64-mingw32/nios2-elf/lib/mno-hw-mul\libsmallc.a(lib_a-memcmp.o)
 .debug_aranges
                0x0000000000000880       0x20 c:/altera_lite/15.1/nios2eds/bin/gnu/h-x86_64-mingw32/bin/../lib/gcc/nios2-elf/4.9.2/../../../../../H-x86_64-mingw32/nios2-elf/lib/mno-hw-mul\libsmallc.a(lib_a-__atexit.o)
 .debug_aranges
                0x00000000000008a0       0x20 c:/altera_lite/15.1/nios2eds/bin/gnu/h-x86_64-mingw32/bin/../lib/gcc/nios2-elf/4.9.2/../../../../../H-x86_64-mingw32/nios2-elf/lib/mno-hw-mul\libsmallc.a(lib_a-__call_atexit.o)
 .debug_aranges
                0x00000000000008c0       0x20 ../NiosII_Bsp\libhal_bsp.a(alt_exit.o)

.debug_pubnames
 *(.debug_pubnames)

.debug_info     0x0000000000000000     0xc322
 *(.debug_info .gnu.linkonce.wi.*)
 .debug_info    0x0000000000000000       0x7d ../NiosII_Bsp/obj/HAL/src/crt0.o
 .debug_info    0x000000000000007d       0xd3 obj/default/src/LIB_AP/Ap.o
 .debug_info    0x0000000000000150      0x3c8 obj/default/src/LIB_AP/Lib/MSP.o
 .debug_info    0x0000000000000518       0xe2 obj/default/src/LIB_HW/Core/Hw_ISR.o
 .debug_info    0x00000000000005fa      0x3f3 obj/default/src/LIB_HW/Core/Hw_Timer.o
 .debug_info    0x00000000000009ed      0x472 obj/default/src/LIB_HW/Core/Hw_Uart.o
 .debug_info    0x0000000000000e5f      0x253 obj/default/src/LIB_HW/Core/Hw_Uart_Q.o
 .debug_info    0x00000000000010b2      0x1bb obj/default/src/LIB_HW/Driver/Hw_Led.o
 .debug_info    0x000000000000126d      0x161 obj/default/src/LIB_HW/Hw.o
 .debug_info    0x00000000000013ce       0xba obj/default/src/LIB_LB/Lb_Printf.o
 .debug_info    0x0000000000001488       0xfc obj/default/src/LIB_LB/Lb_Util.o
 .debug_info    0x0000000000001584      0x16e obj/default/src/main.o
 .debug_info    0x00000000000016f2      0x234 c:/altera_lite/15.1/nios2eds/bin/gnu/h-x86_64-mingw32/bin/../lib/gcc/nios2-elf/4.9.2/mno-hw-mul\libgcc.a(lib2-divmod.o)
 .debug_info    0x0000000000001926       0xb4 c:/altera_lite/15.1/nios2eds/bin/gnu/h-x86_64-mingw32/bin/../lib/gcc/nios2-elf/4.9.2/mno-hw-mul\libgcc.a(lib2-mul.o)
 .debug_info    0x00000000000019da      0x6c7 c:/altera_lite/15.1/nios2eds/bin/gnu/h-x86_64-mingw32/bin/../lib/gcc/nios2-elf/4.9.2/../../../../../H-x86_64-mingw32/nios2-elf/lib/mno-hw-mul\libsmallc.a(lib_a-printf.o)
 .debug_info    0x00000000000020a1      0x685 c:/altera_lite/15.1/nios2eds/bin/gnu/h-x86_64-mingw32/bin/../lib/gcc/nios2-elf/4.9.2/../../../../../H-x86_64-mingw32/nios2-elf/lib/mno-hw-mul\libsmallc.a(lib_a-puts.o)
 .debug_info    0x0000000000002726       0xc2 c:/altera_lite/15.1/nios2eds/bin/gnu/h-x86_64-mingw32/bin/../lib/gcc/nios2-elf/4.9.2/../../../../../H-x86_64-mingw32/nios2-elf/lib/mno-hw-mul\libsmallc.a(lib_a-strlen.o)
 .debug_info    0x00000000000027e8      0xb38 c:/altera_lite/15.1/nios2eds/bin/gnu/h-x86_64-mingw32/bin/../lib/gcc/nios2-elf/4.9.2/../../../../../H-x86_64-mingw32/nios2-elf/lib/mno-hw-mul\libsmallc.a(lib_a-vfprintf.o)
 .debug_info    0x0000000000003320      0x792 c:/altera_lite/15.1/nios2eds/bin/gnu/h-x86_64-mingw32/bin/../lib/gcc/nios2-elf/4.9.2/../../../../../H-x86_64-mingw32/nios2-elf/lib/mno-hw-mul\libsmallc.a(lib_a-vsprintf.o)
 .debug_info    0x0000000000003ab2      0x656 c:/altera_lite/15.1/nios2eds/bin/gnu/h-x86_64-mingw32/bin/../lib/gcc/nios2-elf/4.9.2/../../../../../H-x86_64-mingw32/nios2-elf/lib/mno-hw-mul\libsmallc.a(lib_a-fvwrite_small_dev.o)
 .debug_info    0x0000000000004108      0x710 c:/altera_lite/15.1/nios2eds/bin/gnu/h-x86_64-mingw32/bin/../lib/gcc/nios2-elf/4.9.2/../../../../../H-x86_64-mingw32/nios2-elf/lib/mno-hw-mul\libsmallc.a(lib_a-fvwrite_small_str.o)
 .debug_info    0x0000000000004818      0x5a7 c:/altera_lite/15.1/nios2eds/bin/gnu/h-x86_64-mingw32/bin/../lib/gcc/nios2-elf/4.9.2/../../../../../H-x86_64-mingw32/nios2-elf/lib/mno-hw-mul\libsmallc.a(lib_a-impure.o)
 .debug_info    0x0000000000004dbf      0x104 c:/altera_lite/15.1/nios2eds/bin/gnu/h-x86_64-mingw32/bin/../lib/gcc/nios2-elf/4.9.2/../../../../../H-x86_64-mingw32/nios2-elf/lib/mno-hw-mul\libsmallc.a(lib_a-memmove.o)
 .debug_info    0x0000000000004ec3      0xb38 c:/altera_lite/15.1/nios2eds/bin/gnu/h-x86_64-mingw32/bin/../lib/gcc/nios2-elf/4.9.2/../../../../../H-x86_64-mingw32/nios2-elf/lib/mno-hw-mul\libsmallc.a(lib_a-svfprintf.o)
 .debug_info    0x00000000000059fb      0x639 c:/altera_lite/15.1/nios2eds/bin/gnu/h-x86_64-mingw32/bin/../lib/gcc/nios2-elf/4.9.2/../../../../../H-x86_64-mingw32/nios2-elf/lib/mno-hw-mul\libsmallc.a(lib_a-writer.o)
 .debug_info    0x0000000000006034       0x83 c:/altera_lite/15.1/nios2eds/bin/gnu/h-x86_64-mingw32/bin/../lib/gcc/nios2-elf/4.9.2/../../../../../H-x86_64-mingw32/nios2-elf/lib/mno-hw-mul\libsmallc.a(lib_a-int_errno.o)
 .debug_info    0x00000000000060b7      0x349 ../NiosII_Bsp\libhal_bsp.a(alt_iic.o)
 .debug_info    0x0000000000006400      0x1e8 ../NiosII_Bsp\libhal_bsp.a(alt_iic_isr_register.o)
 .debug_info    0x00000000000065e8       0x86 ../NiosII_Bsp\libhal_bsp.a(alt_irq_entry.o)
 .debug_info    0x000000000000666e      0x180 ../NiosII_Bsp\libhal_bsp.a(alt_irq_handler.o)
 .debug_info    0x00000000000067ee       0x88 ../NiosII_Bsp\libhal_bsp.a(alt_irq_vars.o)
 .debug_info    0x0000000000006876      0x13e ../NiosII_Bsp\libhal_bsp.a(alt_load.o)
 .debug_info    0x00000000000069b4      0x12a ../NiosII_Bsp\libhal_bsp.a(alt_main.o)
 .debug_info    0x0000000000006ade      0x4b0 ../NiosII_Bsp\libhal_bsp.a(alt_write.o)
 .debug_info    0x0000000000006f8e      0x4b7 ../NiosII_Bsp\libhal_bsp.a(alt_sys_init.o)
 .debug_info    0x0000000000007445      0x3a0 ../NiosII_Bsp\libhal_bsp.a(altera_avalon_jtag_uart_fd.o)
 .debug_info    0x00000000000077e5      0x1af ../NiosII_Bsp\libhal_bsp.a(altera_avalon_jtag_uart_read.o)
 .debug_info    0x0000000000007994      0x18e ../NiosII_Bsp\libhal_bsp.a(altera_avalon_jtag_uart_write.o)
 .debug_info    0x0000000000007b22      0x21f ../NiosII_Bsp\libhal_bsp.a(altera_avalon_timer_sc.o)
 .debug_info    0x0000000000007d41      0x174 ../NiosII_Bsp\libhal_bsp.a(altera_avalon_timer_ts.o)
 .debug_info    0x0000000000007eb5       0xe2 ../NiosII_Bsp\libhal_bsp.a(altera_avalon_timer_vars.o)
 .debug_info    0x0000000000007f97      0x440 ../NiosII_Bsp\libhal_bsp.a(altera_avalon_uart_fd.o)
 .debug_info    0x00000000000083d7      0x32c ../NiosII_Bsp\libhal_bsp.a(altera_avalon_uart_init.o)
 .debug_info    0x0000000000008703      0x312 ../NiosII_Bsp\libhal_bsp.a(altera_avalon_uart_read.o)
 .debug_info    0x0000000000008a15      0x317 ../NiosII_Bsp\libhal_bsp.a(altera_avalon_uart_write.o)
 .debug_info    0x0000000000008d2c      0x31a ../NiosII_Bsp\libhal_bsp.a(alt_close.o)
 .debug_info    0x0000000000009046       0x8b ../NiosII_Bsp\libhal_bsp.a(alt_dcache_flush_all.o)
 .debug_info    0x00000000000090d1      0x495 ../NiosII_Bsp\libhal_bsp.a(alt_dev.o)
 .debug_info    0x0000000000009566      0x1a2 ../NiosII_Bsp\libhal_bsp.a(alt_dev_llist_insert.o)
 .debug_info    0x0000000000009708       0x83 ../NiosII_Bsp\libhal_bsp.a(alt_do_ctors.o)
 .debug_info    0x000000000000978b       0x83 ../NiosII_Bsp\libhal_bsp.a(alt_do_dtors.o)
 .debug_info    0x000000000000980e       0x9f ../NiosII_Bsp\libhal_bsp.a(alt_errno.o)
 .debug_info    0x00000000000098ad       0x8c ../NiosII_Bsp\libhal_bsp.a(alt_exception_entry.o)
 .debug_info    0x0000000000009939       0x8b ../NiosII_Bsp\libhal_bsp.a(alt_icache_flush_all.o)
 .debug_info    0x00000000000099c4      0x1d8 ../NiosII_Bsp\libhal_bsp.a(alt_instruction_exception_entry.o)
 .debug_info    0x0000000000009b9c      0x49e ../NiosII_Bsp\libhal_bsp.a(alt_io_redirect.o)
 .debug_info    0x000000000000a03a      0x3b4 ../NiosII_Bsp\libhal_bsp.a(alt_open.o)
 .debug_info    0x000000000000a3ee      0x2b0 ../NiosII_Bsp\libhal_bsp.a(alt_release_fd.o)
 .debug_info    0x000000000000a69e      0x292 ../NiosII_Bsp\libhal_bsp.a(alt_tick.o)
 .debug_info    0x000000000000a930       0x8b ../NiosII_Bsp\libhal_bsp.a(altera_nios2_gen2_irq.o)
 .debug_info    0x000000000000a9bb      0x2e2 ../NiosII_Bsp\libhal_bsp.a(alt_find_dev.o)
 .debug_info    0x000000000000ac9d      0x2df ../NiosII_Bsp\libhal_bsp.a(alt_find_file.o)
 .debug_info    0x000000000000af7c      0x309 ../NiosII_Bsp\libhal_bsp.a(alt_get_fd.o)
 .debug_info    0x000000000000b285      0x10a c:/altera_lite/15.1/nios2eds/bin/gnu/h-x86_64-mingw32/bin/../lib/gcc/nios2-elf/4.9.2/../../../../../H-x86_64-mingw32/nios2-elf/lib/mno-hw-mul\libsmallc.a(lib_a-atexit.o)
 .debug_info    0x000000000000b38f       0xed c:/altera_lite/15.1/nios2eds/bin/gnu/h-x86_64-mingw32/bin/../lib/gcc/nios2-elf/4.9.2/../../../../../H-x86_64-mingw32/nios2-elf/lib/mno-hw-mul\libsmallc.a(lib_a-exit.o)
 .debug_info    0x000000000000b47c       0xed c:/altera_lite/15.1/nios2eds/bin/gnu/h-x86_64-mingw32/bin/../lib/gcc/nios2-elf/4.9.2/../../../../../H-x86_64-mingw32/nios2-elf/lib/mno-hw-mul\libsmallc.a(lib_a-memcmp.o)
 .debug_info    0x000000000000b569      0x655 c:/altera_lite/15.1/nios2eds/bin/gnu/h-x86_64-mingw32/bin/../lib/gcc/nios2-elf/4.9.2/../../../../../H-x86_64-mingw32/nios2-elf/lib/mno-hw-mul\libsmallc.a(lib_a-__atexit.o)
 .debug_info    0x000000000000bbbe      0x67f c:/altera_lite/15.1/nios2eds/bin/gnu/h-x86_64-mingw32/bin/../lib/gcc/nios2-elf/4.9.2/../../../../../H-x86_64-mingw32/nios2-elf/lib/mno-hw-mul\libsmallc.a(lib_a-__call_atexit.o)
 .debug_info    0x000000000000c23d       0xe5 ../NiosII_Bsp\libhal_bsp.a(alt_exit.o)

.debug_abbrev   0x0000000000000000     0x472c
 *(.debug_abbrev)
 .debug_abbrev  0x0000000000000000       0x12 ../NiosII_Bsp/obj/HAL/src/crt0.o
 .debug_abbrev  0x0000000000000012       0x87 obj/default/src/LIB_AP/Ap.o
 .debug_abbrev  0x0000000000000099      0x1be obj/default/src/LIB_AP/Lib/MSP.o
 .debug_abbrev  0x0000000000000257       0x96 obj/default/src/LIB_HW/Core/Hw_ISR.o
 .debug_abbrev  0x00000000000002ed      0x1e7 obj/default/src/LIB_HW/Core/Hw_Timer.o
 .debug_abbrev  0x00000000000004d4      0x213 obj/default/src/LIB_HW/Core/Hw_Uart.o
 .debug_abbrev  0x00000000000006e7      0x11e obj/default/src/LIB_HW/Core/Hw_Uart_Q.o
 .debug_abbrev  0x0000000000000805       0xf1 obj/default/src/LIB_HW/Driver/Hw_Led.o
 .debug_abbrev  0x00000000000008f6      0x107 obj/default/src/LIB_HW/Hw.o
 .debug_abbrev  0x00000000000009fd       0x6b obj/default/src/LIB_LB/Lb_Printf.o
 .debug_abbrev  0x0000000000000a68       0xb7 obj/default/src/LIB_LB/Lb_Util.o
 .debug_abbrev  0x0000000000000b1f      0x110 obj/default/src/main.o
 .debug_abbrev  0x0000000000000c2f       0xd9 c:/altera_lite/15.1/nios2eds/bin/gnu/h-x86_64-mingw32/bin/../lib/gcc/nios2-elf/4.9.2/mno-hw-mul\libgcc.a(lib2-divmod.o)
 .debug_abbrev  0x0000000000000d08       0x6f c:/altera_lite/15.1/nios2eds/bin/gnu/h-x86_64-mingw32/bin/../lib/gcc/nios2-elf/4.9.2/mno-hw-mul\libgcc.a(lib2-mul.o)
 .debug_abbrev  0x0000000000000d77      0x1fe c:/altera_lite/15.1/nios2eds/bin/gnu/h-x86_64-mingw32/bin/../lib/gcc/nios2-elf/4.9.2/../../../../../H-x86_64-mingw32/nios2-elf/lib/mno-hw-mul\libsmallc.a(lib_a-printf.o)
 .debug_abbrev  0x0000000000000f75      0x1ed c:/altera_lite/15.1/nios2eds/bin/gnu/h-x86_64-mingw32/bin/../lib/gcc/nios2-elf/4.9.2/../../../../../H-x86_64-mingw32/nios2-elf/lib/mno-hw-mul\libsmallc.a(lib_a-puts.o)
 .debug_abbrev  0x0000000000001162       0x7f c:/altera_lite/15.1/nios2eds/bin/gnu/h-x86_64-mingw32/bin/../lib/gcc/nios2-elf/4.9.2/../../../../../H-x86_64-mingw32/nios2-elf/lib/mno-hw-mul\libsmallc.a(lib_a-strlen.o)
 .debug_abbrev  0x00000000000011e1      0x2a1 c:/altera_lite/15.1/nios2eds/bin/gnu/h-x86_64-mingw32/bin/../lib/gcc/nios2-elf/4.9.2/../../../../../H-x86_64-mingw32/nios2-elf/lib/mno-hw-mul\libsmallc.a(lib_a-vfprintf.o)
 .debug_abbrev  0x0000000000001482      0x1ec c:/altera_lite/15.1/nios2eds/bin/gnu/h-x86_64-mingw32/bin/../lib/gcc/nios2-elf/4.9.2/../../../../../H-x86_64-mingw32/nios2-elf/lib/mno-hw-mul\libsmallc.a(lib_a-vsprintf.o)
 .debug_abbrev  0x000000000000166e      0x1c3 c:/altera_lite/15.1/nios2eds/bin/gnu/h-x86_64-mingw32/bin/../lib/gcc/nios2-elf/4.9.2/../../../../../H-x86_64-mingw32/nios2-elf/lib/mno-hw-mul\libsmallc.a(lib_a-fvwrite_small_dev.o)
 .debug_abbrev  0x0000000000001831      0x1bc c:/altera_lite/15.1/nios2eds/bin/gnu/h-x86_64-mingw32/bin/../lib/gcc/nios2-elf/4.9.2/../../../../../H-x86_64-mingw32/nios2-elf/lib/mno-hw-mul\libsmallc.a(lib_a-fvwrite_small_str.o)
 .debug_abbrev  0x00000000000019ed      0x14a c:/altera_lite/15.1/nios2eds/bin/gnu/h-x86_64-mingw32/bin/../lib/gcc/nios2-elf/4.9.2/../../../../../H-x86_64-mingw32/nios2-elf/lib/mno-hw-mul\libsmallc.a(lib_a-impure.o)
 .debug_abbrev  0x0000000000001b37       0x8d c:/altera_lite/15.1/nios2eds/bin/gnu/h-x86_64-mingw32/bin/../lib/gcc/nios2-elf/4.9.2/../../../../../H-x86_64-mingw32/nios2-elf/lib/mno-hw-mul\libsmallc.a(lib_a-memmove.o)
 .debug_abbrev  0x0000000000001bc4      0x2a1 c:/altera_lite/15.1/nios2eds/bin/gnu/h-x86_64-mingw32/bin/../lib/gcc/nios2-elf/4.9.2/../../../../../H-x86_64-mingw32/nios2-elf/lib/mno-hw-mul\libsmallc.a(lib_a-svfprintf.o)
 .debug_abbrev  0x0000000000001e65      0x1a8 c:/altera_lite/15.1/nios2eds/bin/gnu/h-x86_64-mingw32/bin/../lib/gcc/nios2-elf/4.9.2/../../../../../H-x86_64-mingw32/nios2-elf/lib/mno-hw-mul\libsmallc.a(lib_a-writer.o)
 .debug_abbrev  0x000000000000200d       0x37 c:/altera_lite/15.1/nios2eds/bin/gnu/h-x86_64-mingw32/bin/../lib/gcc/nios2-elf/4.9.2/../../../../../H-x86_64-mingw32/nios2-elf/lib/mno-hw-mul\libsmallc.a(lib_a-int_errno.o)
 .debug_abbrev  0x0000000000002044      0x163 ../NiosII_Bsp\libhal_bsp.a(alt_iic.o)
 .debug_abbrev  0x00000000000021a7      0x169 ../NiosII_Bsp\libhal_bsp.a(alt_iic_isr_register.o)
 .debug_abbrev  0x0000000000002310       0x12 ../NiosII_Bsp\libhal_bsp.a(alt_irq_entry.o)
 .debug_abbrev  0x0000000000002322      0x122 ../NiosII_Bsp\libhal_bsp.a(alt_irq_handler.o)
 .debug_abbrev  0x0000000000002444       0x40 ../NiosII_Bsp\libhal_bsp.a(alt_irq_vars.o)
 .debug_abbrev  0x0000000000002484       0x9f ../NiosII_Bsp\libhal_bsp.a(alt_load.o)
 .debug_abbrev  0x0000000000002523       0xba ../NiosII_Bsp\libhal_bsp.a(alt_main.o)
 .debug_abbrev  0x00000000000025dd      0x133 ../NiosII_Bsp\libhal_bsp.a(alt_write.o)
 .debug_abbrev  0x0000000000002710      0x169 ../NiosII_Bsp\libhal_bsp.a(alt_sys_init.o)
 .debug_abbrev  0x0000000000002879       0xf7 ../NiosII_Bsp\libhal_bsp.a(altera_avalon_jtag_uart_fd.o)
 .debug_abbrev  0x0000000000002970       0xd7 ../NiosII_Bsp\libhal_bsp.a(altera_avalon_jtag_uart_read.o)
 .debug_abbrev  0x0000000000002a47       0xd5 ../NiosII_Bsp\libhal_bsp.a(altera_avalon_jtag_uart_write.o)
 .debug_abbrev  0x0000000000002b1c      0x155 ../NiosII_Bsp\libhal_bsp.a(altera_avalon_timer_sc.o)
 .debug_abbrev  0x0000000000002c71       0xc4 ../NiosII_Bsp\libhal_bsp.a(altera_avalon_timer_ts.o)
 .debug_abbrev  0x0000000000002d35       0x83 ../NiosII_Bsp\libhal_bsp.a(altera_avalon_timer_vars.o)
 .debug_abbrev  0x0000000000002db8      0x109 ../NiosII_Bsp\libhal_bsp.a(altera_avalon_uart_fd.o)
 .debug_abbrev  0x0000000000002ec1      0x178 ../NiosII_Bsp\libhal_bsp.a(altera_avalon_uart_init.o)
 .debug_abbrev  0x0000000000003039      0x183 ../NiosII_Bsp\libhal_bsp.a(altera_avalon_uart_read.o)
 .debug_abbrev  0x00000000000031bc      0x18a ../NiosII_Bsp\libhal_bsp.a(altera_avalon_uart_write.o)
 .debug_abbrev  0x0000000000003346      0x11f ../NiosII_Bsp\libhal_bsp.a(alt_close.o)
 .debug_abbrev  0x0000000000003465       0x42 ../NiosII_Bsp\libhal_bsp.a(alt_dcache_flush_all.o)
 .debug_abbrev  0x00000000000034a7       0xd9 ../NiosII_Bsp\libhal_bsp.a(alt_dev.o)
 .debug_abbrev  0x0000000000003580      0x114 ../NiosII_Bsp\libhal_bsp.a(alt_dev_llist_insert.o)
 .debug_abbrev  0x0000000000003694       0x79 ../NiosII_Bsp\libhal_bsp.a(alt_do_ctors.o)
 .debug_abbrev  0x000000000000370d       0x79 ../NiosII_Bsp\libhal_bsp.a(alt_do_dtors.o)
 .debug_abbrev  0x0000000000003786       0x5a ../NiosII_Bsp\libhal_bsp.a(alt_errno.o)
 .debug_abbrev  0x00000000000037e0       0x12 ../NiosII_Bsp\libhal_bsp.a(alt_exception_entry.o)
 .debug_abbrev  0x00000000000037f2       0x42 ../NiosII_Bsp\libhal_bsp.a(alt_icache_flush_all.o)
 .debug_abbrev  0x0000000000003834       0xd1 ../NiosII_Bsp\libhal_bsp.a(alt_instruction_exception_entry.o)
 .debug_abbrev  0x0000000000003905      0x114 ../NiosII_Bsp\libhal_bsp.a(alt_io_redirect.o)
 .debug_abbrev  0x0000000000003a19      0x148 ../NiosII_Bsp\libhal_bsp.a(alt_open.o)
 .debug_abbrev  0x0000000000003b61       0xde ../NiosII_Bsp\libhal_bsp.a(alt_release_fd.o)
 .debug_abbrev  0x0000000000003c3f      0x15a ../NiosII_Bsp\libhal_bsp.a(alt_tick.o)
 .debug_abbrev  0x0000000000003d99       0x42 ../NiosII_Bsp\libhal_bsp.a(altera_nios2_gen2_irq.o)
 .debug_abbrev  0x0000000000003ddb       0xf0 ../NiosII_Bsp\libhal_bsp.a(alt_find_dev.o)
 .debug_abbrev  0x0000000000003ecb       0xf0 ../NiosII_Bsp\libhal_bsp.a(alt_find_file.o)
 .debug_abbrev  0x0000000000003fbb      0x10d ../NiosII_Bsp\libhal_bsp.a(alt_get_fd.o)
 .debug_abbrev  0x00000000000040c8       0xb8 c:/altera_lite/15.1/nios2eds/bin/gnu/h-x86_64-mingw32/bin/../lib/gcc/nios2-elf/4.9.2/../../../../../H-x86_64-mingw32/nios2-elf/lib/mno-hw-mul\libsmallc.a(lib_a-atexit.o)
 .debug_abbrev  0x0000000000004180       0xa9 c:/altera_lite/15.1/nios2eds/bin/gnu/h-x86_64-mingw32/bin/../lib/gcc/nios2-elf/4.9.2/../../../../../H-x86_64-mingw32/nios2-elf/lib/mno-hw-mul\libsmallc.a(lib_a-exit.o)
 .debug_abbrev  0x0000000000004229       0x7f c:/altera_lite/15.1/nios2eds/bin/gnu/h-x86_64-mingw32/bin/../lib/gcc/nios2-elf/4.9.2/../../../../../H-x86_64-mingw32/nios2-elf/lib/mno-hw-mul\libsmallc.a(lib_a-memcmp.o)
 .debug_abbrev  0x00000000000042a8      0x1e6 c:/altera_lite/15.1/nios2eds/bin/gnu/h-x86_64-mingw32/bin/../lib/gcc/nios2-elf/4.9.2/../../../../../H-x86_64-mingw32/nios2-elf/lib/mno-hw-mul\libsmallc.a(lib_a-__atexit.o)
 .debug_abbrev  0x000000000000448e      0x1f8 c:/altera_lite/15.1/nios2eds/bin/gnu/h-x86_64-mingw32/bin/../lib/gcc/nios2-elf/4.9.2/../../../../../H-x86_64-mingw32/nios2-elf/lib/mno-hw-mul\libsmallc.a(lib_a-__call_atexit.o)
 .debug_abbrev  0x0000000000004686       0xa6 ../NiosII_Bsp\libhal_bsp.a(alt_exit.o)

.debug_line     0x0000000000000000     0x4b56
 *(.debug_line)
 .debug_line    0x0000000000000000       0x66 ../NiosII_Bsp/obj/HAL/src/crt0.o
 .debug_line    0x0000000000000066       0x77 obj/default/src/LIB_AP/Ap.o
 .debug_line    0x00000000000000dd      0x20a obj/default/src/LIB_AP/Lib/MSP.o
 .debug_line    0x00000000000002e7       0x8f obj/default/src/LIB_HW/Core/Hw_ISR.o
 .debug_line    0x0000000000000376      0x15f obj/default/src/LIB_HW/Core/Hw_Timer.o
 .debug_line    0x00000000000004d5      0x1d8 obj/default/src/LIB_HW/Core/Hw_Uart.o
 .debug_line    0x00000000000006ad       0xff obj/default/src/LIB_HW/Core/Hw_Uart_Q.o
 .debug_line    0x00000000000007ac       0xf4 obj/default/src/LIB_HW/Driver/Hw_Led.o
 .debug_line    0x00000000000008a0       0xbd obj/default/src/LIB_HW/Hw.o
 .debug_line    0x000000000000095d       0x53 obj/default/src/LIB_LB/Lb_Printf.o
 .debug_line    0x00000000000009b0       0x86 obj/default/src/LIB_LB/Lb_Util.o
 .debug_line    0x0000000000000a36       0xe5 obj/default/src/main.o
 .debug_line    0x0000000000000b1b       0xc7 c:/altera_lite/15.1/nios2eds/bin/gnu/h-x86_64-mingw32/bin/../lib/gcc/nios2-elf/4.9.2/mno-hw-mul\libgcc.a(lib2-divmod.o)
 .debug_line    0x0000000000000be2       0x80 c:/altera_lite/15.1/nios2eds/bin/gnu/h-x86_64-mingw32/bin/../lib/gcc/nios2-elf/4.9.2/mno-hw-mul\libgcc.a(lib2-mul.o)
 .debug_line    0x0000000000000c62      0x208 c:/altera_lite/15.1/nios2eds/bin/gnu/h-x86_64-mingw32/bin/../lib/gcc/nios2-elf/4.9.2/../../../../../H-x86_64-mingw32/nios2-elf/lib/mno-hw-mul\libsmallc.a(lib_a-printf.o)
 .debug_line    0x0000000000000e6a      0x208 c:/altera_lite/15.1/nios2eds/bin/gnu/h-x86_64-mingw32/bin/../lib/gcc/nios2-elf/4.9.2/../../../../../H-x86_64-mingw32/nios2-elf/lib/mno-hw-mul\libsmallc.a(lib_a-puts.o)
 .debug_line    0x0000000000001072      0x15c c:/altera_lite/15.1/nios2eds/bin/gnu/h-x86_64-mingw32/bin/../lib/gcc/nios2-elf/4.9.2/../../../../../H-x86_64-mingw32/nios2-elf/lib/mno-hw-mul\libsmallc.a(lib_a-strlen.o)
 .debug_line    0x00000000000011ce      0x355 c:/altera_lite/15.1/nios2eds/bin/gnu/h-x86_64-mingw32/bin/../lib/gcc/nios2-elf/4.9.2/../../../../../H-x86_64-mingw32/nios2-elf/lib/mno-hw-mul\libsmallc.a(lib_a-vfprintf.o)
 .debug_line    0x0000000000001523      0x205 c:/altera_lite/15.1/nios2eds/bin/gnu/h-x86_64-mingw32/bin/../lib/gcc/nios2-elf/4.9.2/../../../../../H-x86_64-mingw32/nios2-elf/lib/mno-hw-mul\libsmallc.a(lib_a-vsprintf.o)
 .debug_line    0x0000000000001728      0x1f2 c:/altera_lite/15.1/nios2eds/bin/gnu/h-x86_64-mingw32/bin/../lib/gcc/nios2-elf/4.9.2/../../../../../H-x86_64-mingw32/nios2-elf/lib/mno-hw-mul\libsmallc.a(lib_a-fvwrite_small_dev.o)
 .debug_line    0x000000000000191a      0x1fe c:/altera_lite/15.1/nios2eds/bin/gnu/h-x86_64-mingw32/bin/../lib/gcc/nios2-elf/4.9.2/../../../../../H-x86_64-mingw32/nios2-elf/lib/mno-hw-mul\libsmallc.a(lib_a-fvwrite_small_str.o)
 .debug_line    0x0000000000001b18      0x156 c:/altera_lite/15.1/nios2eds/bin/gnu/h-x86_64-mingw32/bin/../lib/gcc/nios2-elf/4.9.2/../../../../../H-x86_64-mingw32/nios2-elf/lib/mno-hw-mul\libsmallc.a(lib_a-impure.o)
 .debug_line    0x0000000000001c6e      0x16b c:/altera_lite/15.1/nios2eds/bin/gnu/h-x86_64-mingw32/bin/../lib/gcc/nios2-elf/4.9.2/../../../../../H-x86_64-mingw32/nios2-elf/lib/mno-hw-mul\libsmallc.a(lib_a-memmove.o)
 .debug_line    0x0000000000001dd9      0x355 c:/altera_lite/15.1/nios2eds/bin/gnu/h-x86_64-mingw32/bin/../lib/gcc/nios2-elf/4.9.2/../../../../../H-x86_64-mingw32/nios2-elf/lib/mno-hw-mul\libsmallc.a(lib_a-svfprintf.o)
 .debug_line    0x000000000000212e      0x1ed c:/altera_lite/15.1/nios2eds/bin/gnu/h-x86_64-mingw32/bin/../lib/gcc/nios2-elf/4.9.2/../../../../../H-x86_64-mingw32/nios2-elf/lib/mno-hw-mul\libsmallc.a(lib_a-writer.o)
 .debug_line    0x000000000000231b       0x5f c:/altera_lite/15.1/nios2eds/bin/gnu/h-x86_64-mingw32/bin/../lib/gcc/nios2-elf/4.9.2/../../../../../H-x86_64-mingw32/nios2-elf/lib/mno-hw-mul\libsmallc.a(lib_a-int_errno.o)
 .debug_line    0x000000000000237a       0xef ../NiosII_Bsp\libhal_bsp.a(alt_iic.o)
 .debug_line    0x0000000000002469       0xdb ../NiosII_Bsp\libhal_bsp.a(alt_iic_isr_register.o)
 .debug_line    0x0000000000002544       0x6b ../NiosII_Bsp\libhal_bsp.a(alt_irq_entry.o)
 .debug_line    0x00000000000025af       0xaa ../NiosII_Bsp\libhal_bsp.a(alt_irq_handler.o)
 .debug_line    0x0000000000002659       0x50 ../NiosII_Bsp\libhal_bsp.a(alt_irq_vars.o)
 .debug_line    0x00000000000026a9       0x8d ../NiosII_Bsp\libhal_bsp.a(alt_load.o)
 .debug_line    0x0000000000002736       0xa4 ../NiosII_Bsp\libhal_bsp.a(alt_main.o)
 .debug_line    0x00000000000027da      0x1d6 ../NiosII_Bsp\libhal_bsp.a(alt_write.o)
 .debug_line    0x00000000000029b0      0x179 ../NiosII_Bsp\libhal_bsp.a(alt_sys_init.o)
 .debug_line    0x0000000000002b29      0x112 ../NiosII_Bsp\libhal_bsp.a(altera_avalon_jtag_uart_fd.o)
 .debug_line    0x0000000000002c3b       0xff ../NiosII_Bsp\libhal_bsp.a(altera_avalon_jtag_uart_read.o)